../Core/Src/stm32f4xx_it.c:17:6:NMI_Handler	4	static
../Core/Src/stm32f4xx_it.c:18:6:HardFault_Handler	4	static
../Core/Src/stm32f4xx_it.c:19:6:MemManage_Handler	4	static
../Core/Src/stm32f4xx_it.c:20:6:BusFault_Handler	4	static
../Core/Src/stm32f4xx_it.c:21:6:UsageFault_Handler	4	static
../Core/Src/stm32f4xx_it.c:22:6:SVC_Handler	4	static
../Core/Src/stm32f4xx_it.c:23:6:DebugMon_Handler	4	static
../Core/Src/stm32f4xx_it.c:24:6:PendSV_Handler	4	static
../Core/Src/stm32f4xx_it.c:25:6:SysTick_Handler	8	static
../Core/Src/stm32f4xx_it.c:28:6:DMA1_Stream5_IRQHandler	8	static
../Core/Src/stm32f4xx_it.c:29:6:DMA1_Stream6_IRQHandler	8	static
../Core/Src/stm32f4xx_it.c:34:6:TIM1_BRK_TIM9_IRQHandler	8	static
../Core/Src/stm32f4xx_it.c:57:6:TIM1_UP_TIM10_IRQHandler	4	static
../Core/Src/stm32f4xx_it.c:71:6:TIM8_TRG_COM_TIM11_IRQHandler	4	static
../Core/Src/stm32f4xx_it.c:77:6:USART2_IRQHandler	8	static
../Core/Src/stm32f4xx_it.c:85:6:HAL_TIM_PeriodElapsedCallback	16	static
