../Core/Src/tim.c:26:6:MX_TIM1_Init	80	static
../Core/Src/tim.c:69:6:MX_TIM9_Init	8	static
../Core/Src/tim.c:84:6:MX_TIM10_Init	40	static
../Core/Src/tim.c:106:6:MX_TIM11_Init	40	static
../Core/Src/tim.c:128:6:MX_TIM2_Init	56	static
../Core/Src/tim.c:156:6:MX_TIM3_Init	56	static
../Core/Src/tim.c:184:6:MX_TIM4_Init	56	static
../Core/Src/tim.c:212:6:MX_TIM5_Init	56	static
../Core/Src/tim.c:242:6:HAL_TIM_Base_MspInit	24	static
../Core/Src/tim.c:252:6:HAL_TIM_PWM_MspInit	32	static
../Core/Src/tim.c:267:6:HAL_TIM_MspPostInit	56	static
../Core/Src/tim.c:318:6:HAL_TIM_Encoder_MspInit	72	static
