[0.116s] Invoking command in '/home/rofida/RPOD_ws/build/motor_uart_pkg': CMAKE_PREFIX_PATH=${CMAKE_PREFIX_PATH}:/opt/ros/humble /usr/bin/cmake --build /home/rofida/RPOD_ws/build/motor_uart_pkg -- -j12 -l12
[0.362s] [100%] Built target motor_uart_node
[0.427s] Invoked command in '/home/rofida/RPOD_ws/build/motor_uart_pkg' returned '0': CMAKE_PREFIX_PATH=${CMAKE_PREFIX_PATH}:/opt/ros/humble /usr/bin/cmake --build /home/rofida/RPOD_ws/build/motor_uart_pkg -- -j12 -l12
[0.435s] Invoking command in '/home/rofida/RPOD_ws/build/motor_uart_pkg': CMAKE_PREFIX_PATH=${CMAKE_PREFIX_PATH}:/opt/ros/humble /usr/bin/cmake --install /home/rofida/RPOD_ws/build/motor_uart_pkg
[0.486s] -- Install configuration: ""
[0.488s] -- Execute custom install script
[0.488s] -- Up-to-date symlink: /home/rofida/RPOD_ws/install/motor_uart_pkg/lib/motor_uart_pkg/motor_uart_node
[0.490s] -- Up-to-date symlink: /home/rofida/RPOD_ws/install/motor_uart_pkg/share/ament_index/resource_index/package_run_dependencies/motor_uart_pkg
[0.491s] -- Up-to-date symlink: /home/rofida/RPOD_ws/install/motor_uart_pkg/share/ament_index/resource_index/parent_prefix_path/motor_uart_pkg
[0.494s] -- Up-to-date symlink: /home/rofida/RPOD_ws/install/motor_uart_pkg/share/motor_uart_pkg/environment/ament_prefix_path.sh
[0.496s] -- Up-to-date symlink: /home/rofida/RPOD_ws/install/motor_uart_pkg/share/motor_uart_pkg/environment/ament_prefix_path.dsv
[0.498s] -- Up-to-date symlink: /home/rofida/RPOD_ws/install/motor_uart_pkg/share/motor_uart_pkg/environment/path.sh
[0.498s] -- Up-to-date symlink: /home/rofida/RPOD_ws/install/motor_uart_pkg/share/motor_uart_pkg/environment/path.dsv
[0.499s] -- Up-to-date symlink: /home/rofida/RPOD_ws/install/motor_uart_pkg/share/motor_uart_pkg/local_setup.bash
[0.500s] -- Up-to-date symlink: /home/rofida/RPOD_ws/install/motor_uart_pkg/share/motor_uart_pkg/local_setup.sh
[0.501s] -- Up-to-date symlink: /home/rofida/RPOD_ws/install/motor_uart_pkg/share/motor_uart_pkg/local_setup.zsh
[0.504s] -- Up-to-date symlink: /home/rofida/RPOD_ws/install/motor_uart_pkg/share/motor_uart_pkg/local_setup.dsv
[0.506s] -- Symlinking: /home/rofida/RPOD_ws/install/motor_uart_pkg/share/motor_uart_pkg/package.dsv
[0.529s] -- Up-to-date symlink: /home/rofida/RPOD_ws/install/motor_uart_pkg/share/ament_index/resource_index/packages/motor_uart_pkg
[0.530s] -- Up-to-date symlink: /home/rofida/RPOD_ws/install/motor_uart_pkg/share/motor_uart_pkg/cmake/motor_uart_pkgConfig.cmake
[0.531s] -- Up-to-date symlink: /home/rofida/RPOD_ws/install/motor_uart_pkg/share/motor_uart_pkg/cmake/motor_uart_pkgConfig-version.cmake
[0.535s] -- Up-to-date symlink: /home/rofida/RPOD_ws/install/motor_uart_pkg/share/motor_uart_pkg/package.xml
[0.705s] Invoked command in '/home/rofida/RPOD_ws/build/motor_uart_pkg' returned '0': CMAKE_PREFIX_PATH=${CMAKE_PREFIX_PATH}:/opt/ros/humble /usr/bin/cmake --install /home/rofida/RPOD_ws/build/motor_uart_pkg
