[0.488s] DEBUG:colcon:Command line arguments: ['/usr/bin/colcon', 'build']
[0.488s] DEBUG:colcon:Parsed command line arguments: Namespace(log_base=None, log_level=None, verb_name='build', build_base='build', install_base='install', merge_install=False, symlink_install=False, test_result_base=None, continue_on_error=False, executor='parallel', parallel_workers=12, event_handlers=None, ignore_user_meta=False, metas=['./colcon.meta'], base_paths=['.'], packages_ignore=None, packages_ignore_regex=None, paths=None, packages_up_to=None, packages_up_to_regex=None, packages_above=None, packages_above_and_dependencies=None, packages_above_depth=None, packages_select_by_dep=None, packages_skip_by_dep=None, packages_skip_up_to=None, packages_select_build_failed=False, packages_skip_build_finished=False, packages_select_test_failures=False, packages_skip_test_passed=False, packages_select=None, packages_skip=None, packages_select_regex=None, packages_skip_regex=None, packages_start=None, packages_end=None, allow_overriding=[], cmake_args=None, cmake_target=None, cmake_target_skip_unavailable=False, cmake_clean_cache=False, cmake_clean_first=False, cmake_force_configure=False, ament_cmake_args=None, catkin_cmake_args=None, catkin_skip_building_tests=False, mixin_files=None, mixin=None, verb_parser=<colcon_mixin.mixin.mixin_argument.MixinArgumentDecorator object at 0x78916c34d810>, verb_extension=<colcon_core.verb.build.BuildVerb object at 0x78916c34d360>, main=<bound method BuildVerb.main of <colcon_core.verb.build.BuildVerb object at 0x78916c34d360>>, mixin_verb=('build',))
[1.305s] Level 1:colcon.colcon_core.package_discovery:discover_packages(colcon_meta) check parameters
[1.305s] Level 1:colcon.colcon_core.package_discovery:discover_packages(recursive) check parameters
[1.305s] Level 1:colcon.colcon_core.package_discovery:discover_packages(ignore) check parameters
[1.306s] Level 1:colcon.colcon_core.package_discovery:discover_packages(path) check parameters
[1.306s] Level 1:colcon.colcon_core.package_discovery:discover_packages(colcon_meta) discover
[1.306s] Level 1:colcon.colcon_core.package_discovery:discover_packages(recursive) discover
[1.306s] INFO:colcon.colcon_core.package_discovery:Crawling recursively for packages in '/home/rofida/RPOD_ws'
[1.307s] Level 1:colcon.colcon_core.package_identification:_identify(.) by extensions ['ignore', 'ignore_ament_install']
[1.307s] Level 1:colcon.colcon_core.package_identification:_identify(.) by extension 'ignore'
[1.307s] Level 1:colcon.colcon_core.package_identification:_identify(.) by extension 'ignore_ament_install'
[1.308s] Level 1:colcon.colcon_core.package_identification:_identify(.) by extensions ['colcon_pkg']
[1.308s] Level 1:colcon.colcon_core.package_identification:_identify(.) by extension 'colcon_pkg'
[1.308s] Level 1:colcon.colcon_core.package_identification:_identify(.) by extensions ['colcon_meta']
[1.308s] Level 1:colcon.colcon_core.package_identification:_identify(.) by extension 'colcon_meta'
[1.308s] Level 1:colcon.colcon_core.package_identification:_identify(.) by extensions ['ros']
[1.308s] Level 1:colcon.colcon_core.package_identification:_identify(.) by extension 'ros'
[1.359s] Level 1:colcon.colcon_core.package_identification:_identify(.) by extensions ['cmake', 'python']
[1.360s] Level 1:colcon.colcon_core.package_identification:_identify(.) by extension 'cmake'
[1.360s] Level 1:colcon.colcon_core.package_identification:_identify(.) by extension 'python'
[1.360s] Level 1:colcon.colcon_core.package_identification:_identify(.) by extensions ['python_setup_py']
[1.360s] Level 1:colcon.colcon_core.package_identification:_identify(.) by extension 'python_setup_py'
[1.361s] Level 1:colcon.colcon_core.package_identification:_identify(build) by extensions ['ignore', 'ignore_ament_install']
[1.361s] Level 1:colcon.colcon_core.package_identification:_identify(build) by extension 'ignore'
[1.362s] Level 1:colcon.colcon_core.package_identification:_identify(build) ignored
[1.362s] Level 1:colcon.colcon_core.package_identification:_identify(install) by extensions ['ignore', 'ignore_ament_install']
[1.363s] Level 1:colcon.colcon_core.package_identification:_identify(install) by extension 'ignore'
[1.363s] Level 1:colcon.colcon_core.package_identification:_identify(install) ignored
[1.363s] Level 1:colcon.colcon_core.package_identification:_identify(log) by extensions ['ignore', 'ignore_ament_install']
[1.364s] Level 1:colcon.colcon_core.package_identification:_identify(log) by extension 'ignore'
[1.364s] Level 1:colcon.colcon_core.package_identification:_identify(log) ignored
[1.364s] Level 1:colcon.colcon_core.package_identification:_identify(src) by extensions ['ignore', 'ignore_ament_install']
[1.365s] Level 1:colcon.colcon_core.package_identification:_identify(src) by extension 'ignore'
[1.365s] Level 1:colcon.colcon_core.package_identification:_identify(src) by extension 'ignore_ament_install'
[1.365s] Level 1:colcon.colcon_core.package_identification:_identify(src) by extensions ['colcon_pkg']
[1.365s] Level 1:colcon.colcon_core.package_identification:_identify(src) by extension 'colcon_pkg'
[1.366s] Level 1:colcon.colcon_core.package_identification:_identify(src) by extensions ['colcon_meta']
[1.366s] Level 1:colcon.colcon_core.package_identification:_identify(src) by extension 'colcon_meta'
[1.366s] Level 1:colcon.colcon_core.package_identification:_identify(src) by extensions ['ros']
[1.366s] Level 1:colcon.colcon_core.package_identification:_identify(src) by extension 'ros'
[1.366s] Level 1:colcon.colcon_core.package_identification:_identify(src) by extensions ['cmake', 'python']
[1.367s] Level 1:colcon.colcon_core.package_identification:_identify(src) by extension 'cmake'
[1.367s] Level 1:colcon.colcon_core.package_identification:_identify(src) by extension 'python'
[1.367s] Level 1:colcon.colcon_core.package_identification:_identify(src) by extensions ['python_setup_py']
[1.367s] Level 1:colcon.colcon_core.package_identification:_identify(src) by extension 'python_setup_py'
[1.368s] Level 1:colcon.colcon_core.package_identification:_identify(src/log) by extensions ['ignore', 'ignore_ament_install']
[1.368s] Level 1:colcon.colcon_core.package_identification:_identify(src/log) by extension 'ignore'
[1.368s] Level 1:colcon.colcon_core.package_identification:_identify(src/log) ignored
[1.369s] Level 1:colcon.colcon_core.package_identification:_identify(src/modelv2_mpc_limited_ros2) by extensions ['ignore', 'ignore_ament_install']
[1.369s] Level 1:colcon.colcon_core.package_identification:_identify(src/modelv2_mpc_limited_ros2) by extension 'ignore'
[1.369s] Level 1:colcon.colcon_core.package_identification:_identify(src/modelv2_mpc_limited_ros2) by extension 'ignore_ament_install'
[1.369s] Level 1:colcon.colcon_core.package_identification:_identify(src/modelv2_mpc_limited_ros2) by extensions ['colcon_pkg']
[1.370s] Level 1:colcon.colcon_core.package_identification:_identify(src/modelv2_mpc_limited_ros2) by extension 'colcon_pkg'
[1.370s] Level 1:colcon.colcon_core.package_identification:_identify(src/modelv2_mpc_limited_ros2) by extensions ['colcon_meta']
[1.370s] Level 1:colcon.colcon_core.package_identification:_identify(src/modelv2_mpc_limited_ros2) by extension 'colcon_meta'
[1.370s] Level 1:colcon.colcon_core.package_identification:_identify(src/modelv2_mpc_limited_ros2) by extensions ['ros']
[1.370s] Level 1:colcon.colcon_core.package_identification:_identify(src/modelv2_mpc_limited_ros2) by extension 'ros'
[1.381s] DEBUG:colcon.colcon_core.package_identification:Package 'src/modelv2_mpc_limited_ros2' with type 'ros.ament_cmake' and name 'modelv2_mpc_limited_ros2'
[1.382s] Level 1:colcon.colcon_core.package_identification:_identify(src/motor_uart_pkg) by extensions ['ignore', 'ignore_ament_install']
[1.382s] Level 1:colcon.colcon_core.package_identification:_identify(src/motor_uart_pkg) by extension 'ignore'
[1.383s] Level 1:colcon.colcon_core.package_identification:_identify(src/motor_uart_pkg) by extension 'ignore_ament_install'
[1.383s] Level 1:colcon.colcon_core.package_identification:_identify(src/motor_uart_pkg) by extensions ['colcon_pkg']
[1.383s] Level 1:colcon.colcon_core.package_identification:_identify(src/motor_uart_pkg) by extension 'colcon_pkg'
[1.383s] Level 1:colcon.colcon_core.package_identification:_identify(src/motor_uart_pkg) by extensions ['colcon_meta']
[1.383s] Level 1:colcon.colcon_core.package_identification:_identify(src/motor_uart_pkg) by extension 'colcon_meta'
[1.384s] Level 1:colcon.colcon_core.package_identification:_identify(src/motor_uart_pkg) by extensions ['ros']
[1.384s] Level 1:colcon.colcon_core.package_identification:_identify(src/motor_uart_pkg) by extension 'ros'
[1.387s] DEBUG:colcon.colcon_core.package_identification:Package 'src/motor_uart_pkg' with type 'ros.ament_cmake' and name 'motor_uart_pkg'
[1.388s] Level 1:colcon.colcon_core.package_identification:_identify(src/mpc_super_visor) by extensions ['ignore', 'ignore_ament_install']
[1.388s] Level 1:colcon.colcon_core.package_identification:_identify(src/mpc_super_visor) by extension 'ignore'
[1.388s] Level 1:colcon.colcon_core.package_identification:_identify(src/mpc_super_visor) by extension 'ignore_ament_install'
[1.389s] Level 1:colcon.colcon_core.package_identification:_identify(src/mpc_super_visor) by extensions ['colcon_pkg']
[1.389s] Level 1:colcon.colcon_core.package_identification:_identify(src/mpc_super_visor) by extension 'colcon_pkg'
[1.389s] Level 1:colcon.colcon_core.package_identification:_identify(src/mpc_super_visor) by extensions ['colcon_meta']
[1.389s] Level 1:colcon.colcon_core.package_identification:_identify(src/mpc_super_visor) by extension 'colcon_meta'
[1.389s] Level 1:colcon.colcon_core.package_identification:_identify(src/mpc_super_visor) by extensions ['ros']
[1.389s] Level 1:colcon.colcon_core.package_identification:_identify(src/mpc_super_visor) by extension 'ros'
[1.392s] DEBUG:colcon.colcon_core.package_identification:Package 'src/mpc_super_visor' with type 'ros.ament_cmake' and name 'mpc_super_visor'
[1.393s] Level 1:colcon.colcon_core.package_identification:_identify(src/speed_processing) by extensions ['ignore', 'ignore_ament_install']
[1.393s] Level 1:colcon.colcon_core.package_identification:_identify(src/speed_processing) by extension 'ignore'
[1.393s] Level 1:colcon.colcon_core.package_identification:_identify(src/speed_processing) by extension 'ignore_ament_install'
[1.394s] Level 1:colcon.colcon_core.package_identification:_identify(src/speed_processing) by extensions ['colcon_pkg']
[1.394s] Level 1:colcon.colcon_core.package_identification:_identify(src/speed_processing) by extension 'colcon_pkg'
[1.394s] Level 1:colcon.colcon_core.package_identification:_identify(src/speed_processing) by extensions ['colcon_meta']
[1.394s] Level 1:colcon.colcon_core.package_identification:_identify(src/speed_processing) by extension 'colcon_meta'
[1.394s] Level 1:colcon.colcon_core.package_identification:_identify(src/speed_processing) by extensions ['ros']
[1.395s] Level 1:colcon.colcon_core.package_identification:_identify(src/speed_processing) by extension 'ros'
[1.397s] DEBUG:colcon.colcon_core.package_identification:Package 'src/speed_processing' with type 'ros.ament_cmake' and name 'speed_processing'
[1.398s] Level 1:colcon.colcon_core.package_identification:_identify(src/statespace_chaser_mpc_ros2) by extensions ['ignore', 'ignore_ament_install']
[1.398s] Level 1:colcon.colcon_core.package_identification:_identify(src/statespace_chaser_mpc_ros2) by extension 'ignore'
[1.398s] Level 1:colcon.colcon_core.package_identification:_identify(src/statespace_chaser_mpc_ros2) by extension 'ignore_ament_install'
[1.399s] Level 1:colcon.colcon_core.package_identification:_identify(src/statespace_chaser_mpc_ros2) by extensions ['colcon_pkg']
[1.399s] Level 1:colcon.colcon_core.package_identification:_identify(src/statespace_chaser_mpc_ros2) by extension 'colcon_pkg'
[1.399s] Level 1:colcon.colcon_core.package_identification:_identify(src/statespace_chaser_mpc_ros2) by extensions ['colcon_meta']
[1.399s] Level 1:colcon.colcon_core.package_identification:_identify(src/statespace_chaser_mpc_ros2) by extension 'colcon_meta'
[1.399s] Level 1:colcon.colcon_core.package_identification:_identify(src/statespace_chaser_mpc_ros2) by extensions ['ros']
[1.400s] Level 1:colcon.colcon_core.package_identification:_identify(src/statespace_chaser_mpc_ros2) by extension 'ros'
[1.403s] DEBUG:colcon.colcon_core.package_identification:Package 'src/statespace_chaser_mpc_ros2' with type 'ros.ament_cmake' and name 'statespace_chaser_mpc_ros2'
[1.404s] Level 1:colcon.colcon_core.package_identification:_identify(src/system_launch) by extensions ['ignore', 'ignore_ament_install']
[1.404s] Level 1:colcon.colcon_core.package_identification:_identify(src/system_launch) by extension 'ignore'
[1.404s] Level 1:colcon.colcon_core.package_identification:_identify(src/system_launch) by extension 'ignore_ament_install'
[1.404s] Level 1:colcon.colcon_core.package_identification:_identify(src/system_launch) by extensions ['colcon_pkg']
[1.405s] Level 1:colcon.colcon_core.package_identification:_identify(src/system_launch) by extension 'colcon_pkg'
[1.405s] Level 1:colcon.colcon_core.package_identification:_identify(src/system_launch) by extensions ['colcon_meta']
[1.405s] Level 1:colcon.colcon_core.package_identification:_identify(src/system_launch) by extension 'colcon_meta'
[1.405s] Level 1:colcon.colcon_core.package_identification:_identify(src/system_launch) by extensions ['ros']
[1.405s] Level 1:colcon.colcon_core.package_identification:_identify(src/system_launch) by extension 'ros'
[1.407s] DEBUG:colcon.colcon_core.package_identification:Package 'src/system_launch' with type 'ros.ament_cmake' and name 'system_launch'
[1.408s] Level 1:colcon.colcon_core.package_discovery:discover_packages(recursive) using defaults
[1.408s] Level 1:colcon.colcon_core.package_discovery:discover_packages(ignore) discover
[1.408s] Level 1:colcon.colcon_core.package_discovery:discover_packages(ignore) using defaults
[1.408s] Level 1:colcon.colcon_core.package_discovery:discover_packages(path) discover
[1.408s] Level 1:colcon.colcon_core.package_discovery:discover_packages(path) using defaults
[1.522s] Level 1:colcon.colcon_core.package_discovery:discover_packages(prefix_path) check parameters
[1.522s] Level 1:colcon.colcon_core.package_discovery:discover_packages(prefix_path) discover
[1.534s] DEBUG:colcon.colcon_installed_package_information.package_discovery:Found 9 installed packages in /home/rofida/RPOD_ws/install
[1.541s] DEBUG:colcon.colcon_installed_package_information.package_discovery:Found 287 installed packages in /opt/ros/humble
[1.547s] Level 1:colcon.colcon_core.package_discovery:discover_packages(prefix_path) using defaults
[1.723s] Level 5:colcon.colcon_core.verb:set package 'modelv2_mpc_limited_ros2' build argument 'cmake_args' from command line to 'None'
[1.723s] Level 5:colcon.colcon_core.verb:set package 'modelv2_mpc_limited_ros2' build argument 'cmake_target' from command line to 'None'
[1.723s] Level 5:colcon.colcon_core.verb:set package 'modelv2_mpc_limited_ros2' build argument 'cmake_target_skip_unavailable' from command line to 'False'
[1.723s] Level 5:colcon.colcon_core.verb:set package 'modelv2_mpc_limited_ros2' build argument 'cmake_clean_cache' from command line to 'False'
[1.723s] Level 5:colcon.colcon_core.verb:set package 'modelv2_mpc_limited_ros2' build argument 'cmake_clean_first' from command line to 'False'
[1.724s] Level 5:colcon.colcon_core.verb:set package 'modelv2_mpc_limited_ros2' build argument 'cmake_force_configure' from command line to 'False'
[1.724s] Level 5:colcon.colcon_core.verb:set package 'modelv2_mpc_limited_ros2' build argument 'ament_cmake_args' from command line to 'None'
[1.724s] Level 5:colcon.colcon_core.verb:set package 'modelv2_mpc_limited_ros2' build argument 'catkin_cmake_args' from command line to 'None'
[1.724s] Level 5:colcon.colcon_core.verb:set package 'modelv2_mpc_limited_ros2' build argument 'catkin_skip_building_tests' from command line to 'False'
[1.724s] DEBUG:colcon.colcon_core.verb:Building package 'modelv2_mpc_limited_ros2' with the following arguments: {'ament_cmake_args': None, 'build_base': '/home/rofida/RPOD_ws/build/modelv2_mpc_limited_ros2', 'catkin_cmake_args': None, 'catkin_skip_building_tests': False, 'cmake_args': None, 'cmake_clean_cache': False, 'cmake_clean_first': False, 'cmake_force_configure': False, 'cmake_target': None, 'cmake_target_skip_unavailable': False, 'install_base': '/home/rofida/RPOD_ws/install/modelv2_mpc_limited_ros2', 'merge_install': False, 'path': '/home/rofida/RPOD_ws/src/modelv2_mpc_limited_ros2', 'symlink_install': False, 'test_result_base': None}
[1.726s] Level 5:colcon.colcon_core.verb:set package 'motor_uart_pkg' build argument 'cmake_args' from command line to 'None'
[1.726s] Level 5:colcon.colcon_core.verb:set package 'motor_uart_pkg' build argument 'cmake_target' from command line to 'None'
[1.726s] Level 5:colcon.colcon_core.verb:set package 'motor_uart_pkg' build argument 'cmake_target_skip_unavailable' from command line to 'False'
[1.726s] Level 5:colcon.colcon_core.verb:set package 'motor_uart_pkg' build argument 'cmake_clean_cache' from command line to 'False'
[1.726s] Level 5:colcon.colcon_core.verb:set package 'motor_uart_pkg' build argument 'cmake_clean_first' from command line to 'False'
[1.726s] Level 5:colcon.colcon_core.verb:set package 'motor_uart_pkg' build argument 'cmake_force_configure' from command line to 'False'
[1.726s] Level 5:colcon.colcon_core.verb:set package 'motor_uart_pkg' build argument 'ament_cmake_args' from command line to 'None'
[1.727s] Level 5:colcon.colcon_core.verb:set package 'motor_uart_pkg' build argument 'catkin_cmake_args' from command line to 'None'
[1.727s] Level 5:colcon.colcon_core.verb:set package 'motor_uart_pkg' build argument 'catkin_skip_building_tests' from command line to 'False'
[1.727s] DEBUG:colcon.colcon_core.verb:Building package 'motor_uart_pkg' with the following arguments: {'ament_cmake_args': None, 'build_base': '/home/rofida/RPOD_ws/build/motor_uart_pkg', 'catkin_cmake_args': None, 'catkin_skip_building_tests': False, 'cmake_args': None, 'cmake_clean_cache': False, 'cmake_clean_first': False, 'cmake_force_configure': False, 'cmake_target': None, 'cmake_target_skip_unavailable': False, 'install_base': '/home/rofida/RPOD_ws/install/motor_uart_pkg', 'merge_install': False, 'path': '/home/rofida/RPOD_ws/src/motor_uart_pkg', 'symlink_install': False, 'test_result_base': None}
[1.728s] Level 5:colcon.colcon_core.verb:set package 'mpc_super_visor' build argument 'cmake_args' from command line to 'None'
[1.728s] Level 5:colcon.colcon_core.verb:set package 'mpc_super_visor' build argument 'cmake_target' from command line to 'None'
[1.729s] Level 5:colcon.colcon_core.verb:set package 'mpc_super_visor' build argument 'cmake_target_skip_unavailable' from command line to 'False'
[1.729s] Level 5:colcon.colcon_core.verb:set package 'mpc_super_visor' build argument 'cmake_clean_cache' from command line to 'False'
[1.729s] Level 5:colcon.colcon_core.verb:set package 'mpc_super_visor' build argument 'cmake_clean_first' from command line to 'False'
[1.729s] Level 5:colcon.colcon_core.verb:set package 'mpc_super_visor' build argument 'cmake_force_configure' from command line to 'False'
[1.729s] Level 5:colcon.colcon_core.verb:set package 'mpc_super_visor' build argument 'ament_cmake_args' from command line to 'None'
[1.729s] Level 5:colcon.colcon_core.verb:set package 'mpc_super_visor' build argument 'catkin_cmake_args' from command line to 'None'
[1.729s] Level 5:colcon.colcon_core.verb:set package 'mpc_super_visor' build argument 'catkin_skip_building_tests' from command line to 'False'
[1.729s] DEBUG:colcon.colcon_core.verb:Building package 'mpc_super_visor' with the following arguments: {'ament_cmake_args': None, 'build_base': '/home/rofida/RPOD_ws/build/mpc_super_visor', 'catkin_cmake_args': None, 'catkin_skip_building_tests': False, 'cmake_args': None, 'cmake_clean_cache': False, 'cmake_clean_first': False, 'cmake_force_configure': False, 'cmake_target': None, 'cmake_target_skip_unavailable': False, 'install_base': '/home/rofida/RPOD_ws/install/mpc_super_visor', 'merge_install': False, 'path': '/home/rofida/RPOD_ws/src/mpc_super_visor', 'symlink_install': False, 'test_result_base': None}
[1.731s] Level 5:colcon.colcon_core.verb:set package 'speed_processing' build argument 'cmake_args' from command line to 'None'
[1.731s] Level 5:colcon.colcon_core.verb:set package 'speed_processing' build argument 'cmake_target' from command line to 'None'
[1.731s] Level 5:colcon.colcon_core.verb:set package 'speed_processing' build argument 'cmake_target_skip_unavailable' from command line to 'False'
[1.731s] Level 5:colcon.colcon_core.verb:set package 'speed_processing' build argument 'cmake_clean_cache' from command line to 'False'
[1.732s] Level 5:colcon.colcon_core.verb:set package 'speed_processing' build argument 'cmake_clean_first' from command line to 'False'
[1.732s] Level 5:colcon.colcon_core.verb:set package 'speed_processing' build argument 'cmake_force_configure' from command line to 'False'
[1.732s] Level 5:colcon.colcon_core.verb:set package 'speed_processing' build argument 'ament_cmake_args' from command line to 'None'
[1.732s] Level 5:colcon.colcon_core.verb:set package 'speed_processing' build argument 'catkin_cmake_args' from command line to 'None'
[1.732s] Level 5:colcon.colcon_core.verb:set package 'speed_processing' build argument 'catkin_skip_building_tests' from command line to 'False'
[1.732s] DEBUG:colcon.colcon_core.verb:Building package 'speed_processing' with the following arguments: {'ament_cmake_args': None, 'build_base': '/home/rofida/RPOD_ws/build/speed_processing', 'catkin_cmake_args': None, 'catkin_skip_building_tests': False, 'cmake_args': None, 'cmake_clean_cache': False, 'cmake_clean_first': False, 'cmake_force_configure': False, 'cmake_target': None, 'cmake_target_skip_unavailable': False, 'install_base': '/home/rofida/RPOD_ws/install/speed_processing', 'merge_install': False, 'path': '/home/rofida/RPOD_ws/src/speed_processing', 'symlink_install': False, 'test_result_base': None}
[1.734s] Level 5:colcon.colcon_core.verb:set package 'statespace_chaser_mpc_ros2' build argument 'cmake_args' from command line to 'None'
[1.734s] Level 5:colcon.colcon_core.verb:set package 'statespace_chaser_mpc_ros2' build argument 'cmake_target' from command line to 'None'
[1.734s] Level 5:colcon.colcon_core.verb:set package 'statespace_chaser_mpc_ros2' build argument 'cmake_target_skip_unavailable' from command line to 'False'
[1.734s] Level 5:colcon.colcon_core.verb:set package 'statespace_chaser_mpc_ros2' build argument 'cmake_clean_cache' from command line to 'False'
[1.734s] Level 5:colcon.colcon_core.verb:set package 'statespace_chaser_mpc_ros2' build argument 'cmake_clean_first' from command line to 'False'
[1.734s] Level 5:colcon.colcon_core.verb:set package 'statespace_chaser_mpc_ros2' build argument 'cmake_force_configure' from command line to 'False'
[1.734s] Level 5:colcon.colcon_core.verb:set package 'statespace_chaser_mpc_ros2' build argument 'ament_cmake_args' from command line to 'None'
[1.734s] Level 5:colcon.colcon_core.verb:set package 'statespace_chaser_mpc_ros2' build argument 'catkin_cmake_args' from command line to 'None'
[1.735s] Level 5:colcon.colcon_core.verb:set package 'statespace_chaser_mpc_ros2' build argument 'catkin_skip_building_tests' from command line to 'False'
[1.735s] DEBUG:colcon.colcon_core.verb:Building package 'statespace_chaser_mpc_ros2' with the following arguments: {'ament_cmake_args': None, 'build_base': '/home/rofida/RPOD_ws/build/statespace_chaser_mpc_ros2', 'catkin_cmake_args': None, 'catkin_skip_building_tests': False, 'cmake_args': None, 'cmake_clean_cache': False, 'cmake_clean_first': False, 'cmake_force_configure': False, 'cmake_target': None, 'cmake_target_skip_unavailable': False, 'install_base': '/home/rofida/RPOD_ws/install/statespace_chaser_mpc_ros2', 'merge_install': False, 'path': '/home/rofida/RPOD_ws/src/statespace_chaser_mpc_ros2', 'symlink_install': False, 'test_result_base': None}
[1.736s] Level 5:colcon.colcon_core.verb:set package 'system_launch' build argument 'cmake_args' from command line to 'None'
[1.737s] Level 5:colcon.colcon_core.verb:set package 'system_launch' build argument 'cmake_target' from command line to 'None'
[1.737s] Level 5:colcon.colcon_core.verb:set package 'system_launch' build argument 'cmake_target_skip_unavailable' from command line to 'False'
[1.737s] Level 5:colcon.colcon_core.verb:set package 'system_launch' build argument 'cmake_clean_cache' from command line to 'False'
[1.737s] Level 5:colcon.colcon_core.verb:set package 'system_launch' build argument 'cmake_clean_first' from command line to 'False'
[1.737s] Level 5:colcon.colcon_core.verb:set package 'system_launch' build argument 'cmake_force_configure' from command line to 'False'
[1.737s] Level 5:colcon.colcon_core.verb:set package 'system_launch' build argument 'ament_cmake_args' from command line to 'None'
[1.737s] Level 5:colcon.colcon_core.verb:set package 'system_launch' build argument 'catkin_cmake_args' from command line to 'None'
[1.737s] Level 5:colcon.colcon_core.verb:set package 'system_launch' build argument 'catkin_skip_building_tests' from command line to 'False'
[1.738s] DEBUG:colcon.colcon_core.verb:Building package 'system_launch' with the following arguments: {'ament_cmake_args': None, 'build_base': '/home/rofida/RPOD_ws/build/system_launch', 'catkin_cmake_args': None, 'catkin_skip_building_tests': False, 'cmake_args': None, 'cmake_clean_cache': False, 'cmake_clean_first': False, 'cmake_force_configure': False, 'cmake_target': None, 'cmake_target_skip_unavailable': False, 'install_base': '/home/rofida/RPOD_ws/install/system_launch', 'merge_install': False, 'path': '/home/rofida/RPOD_ws/src/system_launch', 'symlink_install': False, 'test_result_base': None}
[1.738s] INFO:colcon.colcon_core.executor:Executing jobs using 'parallel' executor
[1.741s] DEBUG:colcon.colcon_parallel_executor.executor.parallel:run_until_complete
[1.743s] INFO:colcon.colcon_ros.task.ament_cmake.build:Building ROS package in '/home/rofida/RPOD_ws/src/modelv2_mpc_limited_ros2' with build type 'ament_cmake'
[1.744s] INFO:colcon.colcon_cmake.task.cmake.build:Building CMake package in '/home/rofida/RPOD_ws/src/modelv2_mpc_limited_ros2'
[1.755s] INFO:colcon.colcon_core.plugin_system:Skipping extension 'colcon_core.shell.bat': Not used on non-Windows systems
[1.755s] INFO:colcon.colcon_core.shell:Skip shell extension 'powershell' for command environment: Not usable outside of PowerShell
[1.755s] DEBUG:colcon.colcon_core.shell:Skip shell extension 'dsv' for command environment
[1.771s] INFO:colcon.colcon_ros.task.ament_cmake.build:Building ROS package in '/home/rofida/RPOD_ws/src/motor_uart_pkg' with build type 'ament_cmake'
[1.771s] INFO:colcon.colcon_cmake.task.cmake.build:Building CMake package in '/home/rofida/RPOD_ws/src/motor_uart_pkg'
[1.772s] INFO:colcon.colcon_core.shell:Skip shell extension 'powershell' for command environment: Not usable outside of PowerShell
[1.773s] DEBUG:colcon.colcon_core.shell:Skip shell extension 'dsv' for command environment
[1.787s] INFO:colcon.colcon_ros.task.ament_cmake.build:Building ROS package in '/home/rofida/RPOD_ws/src/mpc_super_visor' with build type 'ament_cmake'
[1.788s] INFO:colcon.colcon_cmake.task.cmake.build:Building CMake package in '/home/rofida/RPOD_ws/src/mpc_super_visor'
[1.789s] INFO:colcon.colcon_core.shell:Skip shell extension 'powershell' for command environment: Not usable outside of PowerShell
[1.789s] DEBUG:colcon.colcon_core.shell:Skip shell extension 'dsv' for command environment
[1.804s] INFO:colcon.colcon_ros.task.ament_cmake.build:Building ROS package in '/home/rofida/RPOD_ws/src/speed_processing' with build type 'ament_cmake'
[1.805s] INFO:colcon.colcon_cmake.task.cmake.build:Building CMake package in '/home/rofida/RPOD_ws/src/speed_processing'
[1.805s] INFO:colcon.colcon_core.shell:Skip shell extension 'powershell' for command environment: Not usable outside of PowerShell
[1.806s] DEBUG:colcon.colcon_core.shell:Skip shell extension 'dsv' for command environment
[1.820s] INFO:colcon.colcon_ros.task.ament_cmake.build:Building ROS package in '/home/rofida/RPOD_ws/src/statespace_chaser_mpc_ros2' with build type 'ament_cmake'
[1.820s] INFO:colcon.colcon_cmake.task.cmake.build:Building CMake package in '/home/rofida/RPOD_ws/src/statespace_chaser_mpc_ros2'
[1.821s] INFO:colcon.colcon_core.shell:Skip shell extension 'powershell' for command environment: Not usable outside of PowerShell
[1.821s] DEBUG:colcon.colcon_core.shell:Skip shell extension 'dsv' for command environment
[1.836s] INFO:colcon.colcon_ros.task.ament_cmake.build:Building ROS package in '/home/rofida/RPOD_ws/src/system_launch' with build type 'ament_cmake'
[1.837s] INFO:colcon.colcon_cmake.task.cmake.build:Building CMake package in '/home/rofida/RPOD_ws/src/system_launch'
[1.838s] INFO:colcon.colcon_core.shell:Skip shell extension 'powershell' for command environment: Not usable outside of PowerShell
[1.838s] DEBUG:colcon.colcon_core.shell:Skip shell extension 'dsv' for command environment
[1.876s] DEBUG:colcon.colcon_core.event_handler.log_command:Invoking command in '/home/rofida/RPOD_ws/build/modelv2_mpc_limited_ros2': CMAKE_PREFIX_PATH=${CMAKE_PREFIX_PATH}:/opt/ros/humble /usr/bin/cmake --build /home/rofida/RPOD_ws/build/modelv2_mpc_limited_ros2 -- -j12 -l12
[1.890s] DEBUG:colcon.colcon_core.event_handler.log_command:Invoking command in '/home/rofida/RPOD_ws/build/motor_uart_pkg': CMAKE_PREFIX_PATH=${CMAKE_PREFIX_PATH}:/opt/ros/humble /usr/bin/cmake --build /home/rofida/RPOD_ws/build/motor_uart_pkg -- -j12 -l12
[1.904s] DEBUG:colcon.colcon_core.event_handler.log_command:Invoking command in '/home/rofida/RPOD_ws/build/mpc_super_visor': CMAKE_PREFIX_PATH=${CMAKE_PREFIX_PATH}:/opt/ros/humble /usr/bin/cmake --build /home/rofida/RPOD_ws/build/mpc_super_visor -- -j12 -l12
[1.918s] DEBUG:colcon.colcon_core.event_handler.log_command:Invoking command in '/home/rofida/RPOD_ws/build/speed_processing': CMAKE_PREFIX_PATH=${CMAKE_PREFIX_PATH}:/opt/ros/humble /usr/bin/cmake --build /home/rofida/RPOD_ws/build/speed_processing -- -j12 -l12
[1.938s] DEBUG:colcon.colcon_core.event_handler.log_command:Invoking command in '/home/rofida/RPOD_ws/build/statespace_chaser_mpc_ros2': CMAKE_PREFIX_PATH=${CMAKE_PREFIX_PATH}:/opt/ros/humble /usr/bin/cmake --build /home/rofida/RPOD_ws/build/statespace_chaser_mpc_ros2 -- -j12 -l12
[1.964s] DEBUG:colcon.colcon_core.event_handler.log_command:Invoking command in '/home/rofida/RPOD_ws/build/system_launch': CMAKE_PREFIX_PATH=${CMAKE_PREFIX_PATH}:/opt/ros/humble /usr/bin/cmake --build /home/rofida/RPOD_ws/build/system_launch -- -j12 -l12
[2.148s] DEBUG:colcon.colcon_core.event_handler.log_command:Invoked command in '/home/rofida/RPOD_ws/build/system_launch' returned '0': CMAKE_PREFIX_PATH=${CMAKE_PREFIX_PATH}:/opt/ros/humble /usr/bin/cmake --build /home/rofida/RPOD_ws/build/system_launch -- -j12 -l12
[2.194s] DEBUG:colcon.colcon_core.event_handler.log_command:Invoking command in '/home/rofida/RPOD_ws/build/system_launch': CMAKE_PREFIX_PATH=${CMAKE_PREFIX_PATH}:/opt/ros/humble /usr/bin/cmake --install /home/rofida/RPOD_ws/build/system_launch
[2.201s] DEBUG:colcon.colcon_core.event_handler.log_command:Invoked command in '/home/rofida/RPOD_ws/build/motor_uart_pkg' returned '0': CMAKE_PREFIX_PATH=${CMAKE_PREFIX_PATH}:/opt/ros/humble /usr/bin/cmake --build /home/rofida/RPOD_ws/build/motor_uart_pkg -- -j12 -l12
[2.209s] DEBUG:colcon.colcon_core.event_handler.log_command:Invoking command in '/home/rofida/RPOD_ws/build/motor_uart_pkg': CMAKE_PREFIX_PATH=${CMAKE_PREFIX_PATH}:/opt/ros/humble /usr/bin/cmake --install /home/rofida/RPOD_ws/build/motor_uart_pkg
[2.216s] DEBUG:colcon.colcon_core.event_handler.log_command:Invoked command in '/home/rofida/RPOD_ws/build/speed_processing' returned '0': CMAKE_PREFIX_PATH=${CMAKE_PREFIX_PATH}:/opt/ros/humble /usr/bin/cmake --build /home/rofida/RPOD_ws/build/speed_processing -- -j12 -l12
[2.227s] DEBUG:colcon.colcon_core.event_handler.log_command:Invoking command in '/home/rofida/RPOD_ws/build/speed_processing': CMAKE_PREFIX_PATH=${CMAKE_PREFIX_PATH}:/opt/ros/humble /usr/bin/cmake --install /home/rofida/RPOD_ws/build/speed_processing
[2.243s] Level 1:colcon.colcon_core.environment:create_environment_scripts_only(system_launch)
[2.257s] DEBUG:colcon.colcon_core.event_handler.log_command:Invoked command in '/home/rofida/RPOD_ws/build/system_launch' returned '0': CMAKE_PREFIX_PATH=${CMAKE_PREFIX_PATH}:/opt/ros/humble /usr/bin/cmake --install /home/rofida/RPOD_ws/build/system_launch
[2.284s] Level 1:colcon.colcon_core.environment:checking '/home/rofida/RPOD_ws/install/system_launch' for CMake module files
[2.289s] Level 1:colcon.colcon_core.environment:checking '/home/rofida/RPOD_ws/install/system_launch' for CMake config files
[2.295s] Level 1:colcon.colcon_core.shell:create_environment_hook('system_launch', 'cmake_prefix_path')
[2.297s] INFO:colcon.colcon_core.shell:Creating environment hook '/home/rofida/RPOD_ws/install/system_launch/share/system_launch/hook/cmake_prefix_path.ps1'
[2.300s] INFO:colcon.colcon_core.shell:Creating environment descriptor '/home/rofida/RPOD_ws/install/system_launch/share/system_launch/hook/cmake_prefix_path.dsv'
[2.303s] INFO:colcon.colcon_core.shell:Creating environment hook '/home/rofida/RPOD_ws/install/system_launch/share/system_launch/hook/cmake_prefix_path.sh'
[2.313s] Level 1:colcon.colcon_core.environment:checking '/home/rofida/RPOD_ws/install/system_launch/bin'
[2.314s] Level 1:colcon.colcon_core.environment:checking '/home/rofida/RPOD_ws/install/system_launch/lib/pkgconfig/system_launch.pc'
[2.316s] Level 1:colcon.colcon_core.environment:checking '/home/rofida/RPOD_ws/install/system_launch/lib/python3.10/site-packages'
[2.318s] Level 1:colcon.colcon_core.environment:checking '/home/rofida/RPOD_ws/install/system_launch/bin'
[2.319s] INFO:colcon.colcon_core.shell:Creating package script '/home/rofida/RPOD_ws/install/system_launch/share/system_launch/package.ps1'
[2.323s] INFO:colcon.colcon_core.shell:Creating package descriptor '/home/rofida/RPOD_ws/install/system_launch/share/system_launch/package.dsv'
[2.326s] INFO:colcon.colcon_core.shell:Creating package script '/home/rofida/RPOD_ws/install/system_launch/share/system_launch/package.sh'
[2.329s] INFO:colcon.colcon_core.shell:Creating package script '/home/rofida/RPOD_ws/install/system_launch/share/system_launch/package.bash'
[2.332s] INFO:colcon.colcon_core.shell:Creating package script '/home/rofida/RPOD_ws/install/system_launch/share/system_launch/package.zsh'
[2.336s] Level 1:colcon.colcon_core.environment:create_file_with_runtime_dependencies(/home/rofida/RPOD_ws/install/system_launch/share/colcon-core/packages/system_launch)
[2.338s] Level 1:colcon.colcon_core.environment:create_environment_scripts_only(system_launch)
[2.339s] Level 1:colcon.colcon_core.environment:checking '/home/rofida/RPOD_ws/install/system_launch' for CMake module files
[2.340s] Level 1:colcon.colcon_core.environment:checking '/home/rofida/RPOD_ws/install/system_launch' for CMake config files
[2.341s] Level 1:colcon.colcon_core.shell:create_environment_hook('system_launch', 'cmake_prefix_path')
[2.342s] INFO:colcon.colcon_core.shell:Creating environment hook '/home/rofida/RPOD_ws/install/system_launch/share/system_launch/hook/cmake_prefix_path.ps1'
[2.344s] INFO:colcon.colcon_core.shell:Creating environment descriptor '/home/rofida/RPOD_ws/install/system_launch/share/system_launch/hook/cmake_prefix_path.dsv'
[2.345s] INFO:colcon.colcon_core.shell:Creating environment hook '/home/rofida/RPOD_ws/install/system_launch/share/system_launch/hook/cmake_prefix_path.sh'
[2.349s] Level 1:colcon.colcon_core.environment:checking '/home/rofida/RPOD_ws/install/system_launch/bin'
[2.350s] Level 1:colcon.colcon_core.environment:checking '/home/rofida/RPOD_ws/install/system_launch/lib/pkgconfig/system_launch.pc'
[2.351s] Level 1:colcon.colcon_core.environment:checking '/home/rofida/RPOD_ws/install/system_launch/lib/python3.10/site-packages'
[2.353s] Level 1:colcon.colcon_core.environment:checking '/home/rofida/RPOD_ws/install/system_launch/bin'
[2.354s] INFO:colcon.colcon_core.shell:Creating package script '/home/rofida/RPOD_ws/install/system_launch/share/system_launch/package.ps1'
[2.357s] INFO:colcon.colcon_core.shell:Creating package descriptor '/home/rofida/RPOD_ws/install/system_launch/share/system_launch/package.dsv'
[2.360s] INFO:colcon.colcon_core.shell:Creating package script '/home/rofida/RPOD_ws/install/system_launch/share/system_launch/package.sh'
[2.362s] INFO:colcon.colcon_core.shell:Creating package script '/home/rofida/RPOD_ws/install/system_launch/share/system_launch/package.bash'
[2.365s] INFO:colcon.colcon_core.shell:Creating package script '/home/rofida/RPOD_ws/install/system_launch/share/system_launch/package.zsh'
[2.366s] Level 1:colcon.colcon_core.environment:create_file_with_runtime_dependencies(/home/rofida/RPOD_ws/install/system_launch/share/colcon-core/packages/system_launch)
[2.376s] DEBUG:colcon.colcon_core.event_handler.log_command:Invoked command in '/home/rofida/RPOD_ws/build/modelv2_mpc_limited_ros2' returned '0': CMAKE_PREFIX_PATH=${CMAKE_PREFIX_PATH}:/opt/ros/humble /usr/bin/cmake --build /home/rofida/RPOD_ws/build/modelv2_mpc_limited_ros2 -- -j12 -l12
[2.384s] DEBUG:colcon.colcon_core.event_handler.log_command:Invoking command in '/home/rofida/RPOD_ws/build/modelv2_mpc_limited_ros2': CMAKE_PREFIX_PATH=${CMAKE_PREFIX_PATH}:/opt/ros/humble /usr/bin/cmake --install /home/rofida/RPOD_ws/build/modelv2_mpc_limited_ros2
[2.385s] Level 1:colcon.colcon_core.environment:create_environment_scripts_only(speed_processing)
[2.388s] DEBUG:colcon.colcon_core.event_handler.log_command:Invoked command in '/home/rofida/RPOD_ws/build/speed_processing' returned '0': CMAKE_PREFIX_PATH=${CMAKE_PREFIX_PATH}:/opt/ros/humble /usr/bin/cmake --install /home/rofida/RPOD_ws/build/speed_processing
[2.389s] Level 1:colcon.colcon_core.environment:checking '/home/rofida/RPOD_ws/install/speed_processing' for CMake module files
[2.392s] Level 1:colcon.colcon_core.environment:checking '/home/rofida/RPOD_ws/install/speed_processing' for CMake config files
[2.394s] Level 1:colcon.colcon_core.shell:create_environment_hook('speed_processing', 'cmake_prefix_path')
[2.395s] INFO:colcon.colcon_core.shell:Creating environment hook '/home/rofida/RPOD_ws/install/speed_processing/share/speed_processing/hook/cmake_prefix_path.ps1'
[2.397s] INFO:colcon.colcon_core.shell:Creating environment descriptor '/home/rofida/RPOD_ws/install/speed_processing/share/speed_processing/hook/cmake_prefix_path.dsv'
[2.399s] INFO:colcon.colcon_core.shell:Creating environment hook '/home/rofida/RPOD_ws/install/speed_processing/share/speed_processing/hook/cmake_prefix_path.sh'
[2.401s] Level 1:colcon.colcon_core.environment:checking '/home/rofida/RPOD_ws/install/speed_processing/lib'
[2.402s] Level 1:colcon.colcon_core.environment:checking '/home/rofida/RPOD_ws/install/speed_processing/bin'
[2.403s] Level 1:colcon.colcon_core.environment:checking '/home/rofida/RPOD_ws/install/speed_processing/lib/pkgconfig/speed_processing.pc'
[2.404s] Level 1:colcon.colcon_core.environment:checking '/home/rofida/RPOD_ws/install/speed_processing/lib/python3.10/site-packages'
[2.406s] Level 1:colcon.colcon_core.environment:checking '/home/rofida/RPOD_ws/install/speed_processing/bin'
[2.407s] INFO:colcon.colcon_core.shell:Creating package script '/home/rofida/RPOD_ws/install/speed_processing/share/speed_processing/package.ps1'
[2.409s] INFO:colcon.colcon_core.shell:Creating package descriptor '/home/rofida/RPOD_ws/install/speed_processing/share/speed_processing/package.dsv'
[2.411s] INFO:colcon.colcon_core.shell:Creating package script '/home/rofida/RPOD_ws/install/speed_processing/share/speed_processing/package.sh'
[2.413s] INFO:colcon.colcon_core.shell:Creating package script '/home/rofida/RPOD_ws/install/speed_processing/share/speed_processing/package.bash'
[2.415s] INFO:colcon.colcon_core.shell:Creating package script '/home/rofida/RPOD_ws/install/speed_processing/share/speed_processing/package.zsh'
[2.418s] Level 1:colcon.colcon_core.environment:create_file_with_runtime_dependencies(/home/rofida/RPOD_ws/install/speed_processing/share/colcon-core/packages/speed_processing)
[2.422s] Level 1:colcon.colcon_core.environment:create_environment_scripts_only(speed_processing)
[2.423s] Level 1:colcon.colcon_core.environment:checking '/home/rofida/RPOD_ws/install/speed_processing' for CMake module files
[2.429s] Level 1:colcon.colcon_core.environment:checking '/home/rofida/RPOD_ws/install/speed_processing' for CMake config files
[2.437s] Level 1:colcon.colcon_core.shell:create_environment_hook('speed_processing', 'cmake_prefix_path')
[2.438s] INFO:colcon.colcon_core.shell:Creating environment hook '/home/rofida/RPOD_ws/install/speed_processing/share/speed_processing/hook/cmake_prefix_path.ps1'
[2.440s] INFO:colcon.colcon_core.shell:Creating environment descriptor '/home/rofida/RPOD_ws/install/speed_processing/share/speed_processing/hook/cmake_prefix_path.dsv'
[2.442s] INFO:colcon.colcon_core.shell:Creating environment hook '/home/rofida/RPOD_ws/install/speed_processing/share/speed_processing/hook/cmake_prefix_path.sh'
[2.444s] Level 1:colcon.colcon_core.environment:checking '/home/rofida/RPOD_ws/install/speed_processing/lib'
[2.445s] Level 1:colcon.colcon_core.environment:checking '/home/rofida/RPOD_ws/install/speed_processing/bin'
[2.445s] Level 1:colcon.colcon_core.environment:checking '/home/rofida/RPOD_ws/install/speed_processing/lib/pkgconfig/speed_processing.pc'
[2.446s] Level 1:colcon.colcon_core.environment:checking '/home/rofida/RPOD_ws/install/speed_processing/lib/python3.10/site-packages'
[2.448s] Level 1:colcon.colcon_core.environment:checking '/home/rofida/RPOD_ws/install/speed_processing/bin'
[2.450s] INFO:colcon.colcon_core.shell:Creating package script '/home/rofida/RPOD_ws/install/speed_processing/share/speed_processing/package.ps1'
[2.452s] INFO:colcon.colcon_core.shell:Creating package descriptor '/home/rofida/RPOD_ws/install/speed_processing/share/speed_processing/package.dsv'
[2.454s] INFO:colcon.colcon_core.shell:Creating package script '/home/rofida/RPOD_ws/install/speed_processing/share/speed_processing/package.sh'
[2.456s] INFO:colcon.colcon_core.shell:Creating package script '/home/rofida/RPOD_ws/install/speed_processing/share/speed_processing/package.bash'
[2.458s] INFO:colcon.colcon_core.shell:Creating package script '/home/rofida/RPOD_ws/install/speed_processing/share/speed_processing/package.zsh'
[2.460s] Level 1:colcon.colcon_core.environment:create_file_with_runtime_dependencies(/home/rofida/RPOD_ws/install/speed_processing/share/colcon-core/packages/speed_processing)
[2.465s] DEBUG:colcon.colcon_core.event_handler.log_command:Invoked command in '/home/rofida/RPOD_ws/build/statespace_chaser_mpc_ros2' returned '0': CMAKE_PREFIX_PATH=${CMAKE_PREFIX_PATH}:/opt/ros/humble /usr/bin/cmake --build /home/rofida/RPOD_ws/build/statespace_chaser_mpc_ros2 -- -j12 -l12
[2.471s] Level 1:colcon.colcon_core.environment:create_environment_scripts_only(motor_uart_pkg)
[2.474s] Level 1:colcon.colcon_core.environment:checking '/home/rofida/RPOD_ws/install/motor_uart_pkg' for CMake module files
[2.477s] DEBUG:colcon.colcon_core.event_handler.log_command:Invoking command in '/home/rofida/RPOD_ws/build/statespace_chaser_mpc_ros2': CMAKE_PREFIX_PATH=${CMAKE_PREFIX_PATH}:/opt/ros/humble /usr/bin/cmake --install /home/rofida/RPOD_ws/build/statespace_chaser_mpc_ros2
[2.479s] DEBUG:colcon.colcon_core.event_handler.log_command:Invoked command in '/home/rofida/RPOD_ws/build/motor_uart_pkg' returned '0': CMAKE_PREFIX_PATH=${CMAKE_PREFIX_PATH}:/opt/ros/humble /usr/bin/cmake --install /home/rofida/RPOD_ws/build/motor_uart_pkg
[2.484s] Level 1:colcon.colcon_core.environment:checking '/home/rofida/RPOD_ws/install/motor_uart_pkg' for CMake config files
[2.486s] Level 1:colcon.colcon_core.shell:create_environment_hook('motor_uart_pkg', 'cmake_prefix_path')
[2.487s] INFO:colcon.colcon_core.shell:Creating environment hook '/home/rofida/RPOD_ws/install/motor_uart_pkg/share/motor_uart_pkg/hook/cmake_prefix_path.ps1'
[2.490s] INFO:colcon.colcon_core.shell:Creating environment descriptor '/home/rofida/RPOD_ws/install/motor_uart_pkg/share/motor_uart_pkg/hook/cmake_prefix_path.dsv'
[2.492s] INFO:colcon.colcon_core.shell:Creating environment hook '/home/rofida/RPOD_ws/install/motor_uart_pkg/share/motor_uart_pkg/hook/cmake_prefix_path.sh'
[2.495s] Level 1:colcon.colcon_core.environment:checking '/home/rofida/RPOD_ws/install/motor_uart_pkg/lib'
[2.495s] Level 1:colcon.colcon_core.environment:checking '/home/rofida/RPOD_ws/install/motor_uart_pkg/bin'
[2.496s] Level 1:colcon.colcon_core.environment:checking '/home/rofida/RPOD_ws/install/motor_uart_pkg/lib/pkgconfig/motor_uart_pkg.pc'
[2.497s] Level 1:colcon.colcon_core.environment:checking '/home/rofida/RPOD_ws/install/motor_uart_pkg/lib/python3.10/site-packages'
[2.498s] Level 1:colcon.colcon_core.environment:checking '/home/rofida/RPOD_ws/install/motor_uart_pkg/bin'
[2.500s] INFO:colcon.colcon_core.shell:Creating package script '/home/rofida/RPOD_ws/install/motor_uart_pkg/share/motor_uart_pkg/package.ps1'
[2.502s] INFO:colcon.colcon_core.shell:Creating package descriptor '/home/rofida/RPOD_ws/install/motor_uart_pkg/share/motor_uart_pkg/package.dsv'
[2.504s] INFO:colcon.colcon_core.shell:Creating package script '/home/rofida/RPOD_ws/install/motor_uart_pkg/share/motor_uart_pkg/package.sh'
[2.506s] INFO:colcon.colcon_core.shell:Creating package script '/home/rofida/RPOD_ws/install/motor_uart_pkg/share/motor_uart_pkg/package.bash'
[2.507s] INFO:colcon.colcon_core.shell:Creating package script '/home/rofida/RPOD_ws/install/motor_uart_pkg/share/motor_uart_pkg/package.zsh'
[2.509s] Level 1:colcon.colcon_core.environment:create_file_with_runtime_dependencies(/home/rofida/RPOD_ws/install/motor_uart_pkg/share/colcon-core/packages/motor_uart_pkg)
[2.511s] Level 1:colcon.colcon_core.environment:create_environment_scripts_only(motor_uart_pkg)
[2.512s] Level 1:colcon.colcon_core.environment:checking '/home/rofida/RPOD_ws/install/motor_uart_pkg' for CMake module files
[2.514s] Level 1:colcon.colcon_core.environment:checking '/home/rofida/RPOD_ws/install/motor_uart_pkg' for CMake config files
[2.515s] Level 1:colcon.colcon_core.shell:create_environment_hook('motor_uart_pkg', 'cmake_prefix_path')
[2.516s] INFO:colcon.colcon_core.shell:Creating environment hook '/home/rofida/RPOD_ws/install/motor_uart_pkg/share/motor_uart_pkg/hook/cmake_prefix_path.ps1'
[2.518s] INFO:colcon.colcon_core.shell:Creating environment descriptor '/home/rofida/RPOD_ws/install/motor_uart_pkg/share/motor_uart_pkg/hook/cmake_prefix_path.dsv'
[2.519s] INFO:colcon.colcon_core.shell:Creating environment hook '/home/rofida/RPOD_ws/install/motor_uart_pkg/share/motor_uart_pkg/hook/cmake_prefix_path.sh'
[2.522s] Level 1:colcon.colcon_core.environment:checking '/home/rofida/RPOD_ws/install/motor_uart_pkg/lib'
[2.522s] Level 1:colcon.colcon_core.environment:checking '/home/rofida/RPOD_ws/install/motor_uart_pkg/bin'
[2.522s] Level 1:colcon.colcon_core.environment:checking '/home/rofida/RPOD_ws/install/motor_uart_pkg/lib/pkgconfig/motor_uart_pkg.pc'
[2.523s] Level 1:colcon.colcon_core.environment:checking '/home/rofida/RPOD_ws/install/motor_uart_pkg/lib/python3.10/site-packages'
[2.525s] Level 1:colcon.colcon_core.environment:checking '/home/rofida/RPOD_ws/install/motor_uart_pkg/bin'
[2.526s] INFO:colcon.colcon_core.shell:Creating package script '/home/rofida/RPOD_ws/install/motor_uart_pkg/share/motor_uart_pkg/package.ps1'
[2.528s] INFO:colcon.colcon_core.shell:Creating package descriptor '/home/rofida/RPOD_ws/install/motor_uart_pkg/share/motor_uart_pkg/package.dsv'
[2.530s] INFO:colcon.colcon_core.shell:Creating package script '/home/rofida/RPOD_ws/install/motor_uart_pkg/share/motor_uart_pkg/package.sh'
[2.532s] INFO:colcon.colcon_core.shell:Creating package script '/home/rofida/RPOD_ws/install/motor_uart_pkg/share/motor_uart_pkg/package.bash'
[2.533s] INFO:colcon.colcon_core.shell:Creating package script '/home/rofida/RPOD_ws/install/motor_uart_pkg/share/motor_uart_pkg/package.zsh'
[2.535s] Level 1:colcon.colcon_core.environment:create_file_with_runtime_dependencies(/home/rofida/RPOD_ws/install/motor_uart_pkg/share/colcon-core/packages/motor_uart_pkg)
[2.542s] Level 1:colcon.colcon_core.environment:create_environment_scripts_only(modelv2_mpc_limited_ros2)
[2.543s] Level 1:colcon.colcon_core.environment:checking '/home/rofida/RPOD_ws/install/modelv2_mpc_limited_ros2' for CMake module files
[2.560s] DEBUG:colcon.colcon_core.event_handler.log_command:Invoked command in '/home/rofida/RPOD_ws/build/modelv2_mpc_limited_ros2' returned '0': CMAKE_PREFIX_PATH=${CMAKE_PREFIX_PATH}:/opt/ros/humble /usr/bin/cmake --install /home/rofida/RPOD_ws/build/modelv2_mpc_limited_ros2
[2.564s] Level 1:colcon.colcon_core.environment:checking '/home/rofida/RPOD_ws/install/modelv2_mpc_limited_ros2' for CMake config files
[2.566s] Level 1:colcon.colcon_core.shell:create_environment_hook('modelv2_mpc_limited_ros2', 'cmake_prefix_path')
[2.567s] INFO:colcon.colcon_core.shell:Creating environment hook '/home/rofida/RPOD_ws/install/modelv2_mpc_limited_ros2/share/modelv2_mpc_limited_ros2/hook/cmake_prefix_path.ps1'
[2.569s] INFO:colcon.colcon_core.shell:Creating environment descriptor '/home/rofida/RPOD_ws/install/modelv2_mpc_limited_ros2/share/modelv2_mpc_limited_ros2/hook/cmake_prefix_path.dsv'
[2.572s] INFO:colcon.colcon_core.shell:Creating environment hook '/home/rofida/RPOD_ws/install/modelv2_mpc_limited_ros2/share/modelv2_mpc_limited_ros2/hook/cmake_prefix_path.sh'
[2.575s] Level 1:colcon.colcon_core.environment:checking '/home/rofida/RPOD_ws/install/modelv2_mpc_limited_ros2/lib'
[2.576s] Level 1:colcon.colcon_core.environment:checking '/home/rofida/RPOD_ws/install/modelv2_mpc_limited_ros2/bin'
[2.576s] Level 1:colcon.colcon_core.environment:checking '/home/rofida/RPOD_ws/install/modelv2_mpc_limited_ros2/lib/pkgconfig/modelv2_mpc_limited_ros2.pc'
[2.577s] Level 1:colcon.colcon_core.environment:checking '/home/rofida/RPOD_ws/install/modelv2_mpc_limited_ros2/lib/python3.10/site-packages'
[2.579s] Level 1:colcon.colcon_core.environment:checking '/home/rofida/RPOD_ws/install/modelv2_mpc_limited_ros2/bin'
[2.581s] INFO:colcon.colcon_core.shell:Creating package script '/home/rofida/RPOD_ws/install/modelv2_mpc_limited_ros2/share/modelv2_mpc_limited_ros2/package.ps1'
[2.583s] INFO:colcon.colcon_core.shell:Creating package descriptor '/home/rofida/RPOD_ws/install/modelv2_mpc_limited_ros2/share/modelv2_mpc_limited_ros2/package.dsv'
[2.585s] INFO:colcon.colcon_core.shell:Creating package script '/home/rofida/RPOD_ws/install/modelv2_mpc_limited_ros2/share/modelv2_mpc_limited_ros2/package.sh'
[2.587s] INFO:colcon.colcon_core.shell:Creating package script '/home/rofida/RPOD_ws/install/modelv2_mpc_limited_ros2/share/modelv2_mpc_limited_ros2/package.bash'
[2.589s] INFO:colcon.colcon_core.shell:Creating package script '/home/rofida/RPOD_ws/install/modelv2_mpc_limited_ros2/share/modelv2_mpc_limited_ros2/package.zsh'
[2.590s] Level 1:colcon.colcon_core.environment:create_file_with_runtime_dependencies(/home/rofida/RPOD_ws/install/modelv2_mpc_limited_ros2/share/colcon-core/packages/modelv2_mpc_limited_ros2)
[2.592s] Level 1:colcon.colcon_core.environment:create_environment_scripts_only(modelv2_mpc_limited_ros2)
[2.593s] Level 1:colcon.colcon_core.environment:checking '/home/rofida/RPOD_ws/install/modelv2_mpc_limited_ros2' for CMake module files
[2.596s] Level 1:colcon.colcon_core.environment:checking '/home/rofida/RPOD_ws/install/modelv2_mpc_limited_ros2' for CMake config files
[2.598s] Level 1:colcon.colcon_core.shell:create_environment_hook('modelv2_mpc_limited_ros2', 'cmake_prefix_path')
[2.598s] INFO:colcon.colcon_core.shell:Creating environment hook '/home/rofida/RPOD_ws/install/modelv2_mpc_limited_ros2/share/modelv2_mpc_limited_ros2/hook/cmake_prefix_path.ps1'
[2.600s] INFO:colcon.colcon_core.shell:Creating environment descriptor '/home/rofida/RPOD_ws/install/modelv2_mpc_limited_ros2/share/modelv2_mpc_limited_ros2/hook/cmake_prefix_path.dsv'
[2.602s] INFO:colcon.colcon_core.shell:Creating environment hook '/home/rofida/RPOD_ws/install/modelv2_mpc_limited_ros2/share/modelv2_mpc_limited_ros2/hook/cmake_prefix_path.sh'
[2.604s] Level 1:colcon.colcon_core.environment:checking '/home/rofida/RPOD_ws/install/modelv2_mpc_limited_ros2/lib'
[2.604s] Level 1:colcon.colcon_core.environment:checking '/home/rofida/RPOD_ws/install/modelv2_mpc_limited_ros2/bin'
[2.604s] Level 1:colcon.colcon_core.environment:checking '/home/rofida/RPOD_ws/install/modelv2_mpc_limited_ros2/lib/pkgconfig/modelv2_mpc_limited_ros2.pc'
[2.605s] Level 1:colcon.colcon_core.environment:checking '/home/rofida/RPOD_ws/install/modelv2_mpc_limited_ros2/lib/python3.10/site-packages'
[2.607s] Level 1:colcon.colcon_core.environment:checking '/home/rofida/RPOD_ws/install/modelv2_mpc_limited_ros2/bin'
[2.608s] INFO:colcon.colcon_core.shell:Creating package script '/home/rofida/RPOD_ws/install/modelv2_mpc_limited_ros2/share/modelv2_mpc_limited_ros2/package.ps1'
[2.611s] INFO:colcon.colcon_core.shell:Creating package descriptor '/home/rofida/RPOD_ws/install/modelv2_mpc_limited_ros2/share/modelv2_mpc_limited_ros2/package.dsv'
[2.615s] INFO:colcon.colcon_core.shell:Creating package script '/home/rofida/RPOD_ws/install/modelv2_mpc_limited_ros2/share/modelv2_mpc_limited_ros2/package.sh'
[2.617s] INFO:colcon.colcon_core.shell:Creating package script '/home/rofida/RPOD_ws/install/modelv2_mpc_limited_ros2/share/modelv2_mpc_limited_ros2/package.bash'
[2.620s] INFO:colcon.colcon_core.shell:Creating package script '/home/rofida/RPOD_ws/install/modelv2_mpc_limited_ros2/share/modelv2_mpc_limited_ros2/package.zsh'
[2.622s] Level 1:colcon.colcon_core.environment:create_file_with_runtime_dependencies(/home/rofida/RPOD_ws/install/modelv2_mpc_limited_ros2/share/colcon-core/packages/modelv2_mpc_limited_ros2)
[2.627s] Level 1:colcon.colcon_core.environment:create_environment_scripts_only(statespace_chaser_mpc_ros2)
[2.628s] Level 1:colcon.colcon_core.environment:checking '/home/rofida/RPOD_ws/install/statespace_chaser_mpc_ros2' for CMake module files
[2.631s] DEBUG:colcon.colcon_core.event_handler.log_command:Invoked command in '/home/rofida/RPOD_ws/build/statespace_chaser_mpc_ros2' returned '0': CMAKE_PREFIX_PATH=${CMAKE_PREFIX_PATH}:/opt/ros/humble /usr/bin/cmake --install /home/rofida/RPOD_ws/build/statespace_chaser_mpc_ros2
[2.633s] Level 1:colcon.colcon_core.environment:checking '/home/rofida/RPOD_ws/install/statespace_chaser_mpc_ros2' for CMake config files
[2.635s] Level 1:colcon.colcon_core.shell:create_environment_hook('statespace_chaser_mpc_ros2', 'cmake_prefix_path')
[2.636s] INFO:colcon.colcon_core.shell:Creating environment hook '/home/rofida/RPOD_ws/install/statespace_chaser_mpc_ros2/share/statespace_chaser_mpc_ros2/hook/cmake_prefix_path.ps1'
[2.638s] INFO:colcon.colcon_core.shell:Creating environment descriptor '/home/rofida/RPOD_ws/install/statespace_chaser_mpc_ros2/share/statespace_chaser_mpc_ros2/hook/cmake_prefix_path.dsv'
[2.640s] INFO:colcon.colcon_core.shell:Creating environment hook '/home/rofida/RPOD_ws/install/statespace_chaser_mpc_ros2/share/statespace_chaser_mpc_ros2/hook/cmake_prefix_path.sh'
[2.642s] Level 1:colcon.colcon_core.environment:checking '/home/rofida/RPOD_ws/install/statespace_chaser_mpc_ros2/lib'
[2.643s] Level 1:colcon.colcon_core.environment:checking '/home/rofida/RPOD_ws/install/statespace_chaser_mpc_ros2/bin'
[2.643s] Level 1:colcon.colcon_core.environment:checking '/home/rofida/RPOD_ws/install/statespace_chaser_mpc_ros2/lib/pkgconfig/statespace_chaser_mpc_ros2.pc'
[2.644s] Level 1:colcon.colcon_core.environment:checking '/home/rofida/RPOD_ws/install/statespace_chaser_mpc_ros2/lib/python3.10/site-packages'
[2.646s] Level 1:colcon.colcon_core.environment:checking '/home/rofida/RPOD_ws/install/statespace_chaser_mpc_ros2/bin'
[2.647s] INFO:colcon.colcon_core.shell:Creating package script '/home/rofida/RPOD_ws/install/statespace_chaser_mpc_ros2/share/statespace_chaser_mpc_ros2/package.ps1'
[2.650s] INFO:colcon.colcon_core.shell:Creating package descriptor '/home/rofida/RPOD_ws/install/statespace_chaser_mpc_ros2/share/statespace_chaser_mpc_ros2/package.dsv'
[2.652s] INFO:colcon.colcon_core.shell:Creating package script '/home/rofida/RPOD_ws/install/statespace_chaser_mpc_ros2/share/statespace_chaser_mpc_ros2/package.sh'
[2.654s] INFO:colcon.colcon_core.shell:Creating package script '/home/rofida/RPOD_ws/install/statespace_chaser_mpc_ros2/share/statespace_chaser_mpc_ros2/package.bash'
[2.655s] INFO:colcon.colcon_core.shell:Creating package script '/home/rofida/RPOD_ws/install/statespace_chaser_mpc_ros2/share/statespace_chaser_mpc_ros2/package.zsh'
[2.657s] Level 1:colcon.colcon_core.environment:create_file_with_runtime_dependencies(/home/rofida/RPOD_ws/install/statespace_chaser_mpc_ros2/share/colcon-core/packages/statespace_chaser_mpc_ros2)
[2.659s] Level 1:colcon.colcon_core.environment:create_environment_scripts_only(statespace_chaser_mpc_ros2)
[2.660s] Level 1:colcon.colcon_core.environment:checking '/home/rofida/RPOD_ws/install/statespace_chaser_mpc_ros2' for CMake module files
[2.662s] Level 1:colcon.colcon_core.environment:checking '/home/rofida/RPOD_ws/install/statespace_chaser_mpc_ros2' for CMake config files
[2.664s] Level 1:colcon.colcon_core.shell:create_environment_hook('statespace_chaser_mpc_ros2', 'cmake_prefix_path')
[2.664s] INFO:colcon.colcon_core.shell:Creating environment hook '/home/rofida/RPOD_ws/install/statespace_chaser_mpc_ros2/share/statespace_chaser_mpc_ros2/hook/cmake_prefix_path.ps1'
[2.666s] INFO:colcon.colcon_core.shell:Creating environment descriptor '/home/rofida/RPOD_ws/install/statespace_chaser_mpc_ros2/share/statespace_chaser_mpc_ros2/hook/cmake_prefix_path.dsv'
[2.668s] INFO:colcon.colcon_core.shell:Creating environment hook '/home/rofida/RPOD_ws/install/statespace_chaser_mpc_ros2/share/statespace_chaser_mpc_ros2/hook/cmake_prefix_path.sh'
[2.672s] Level 1:colcon.colcon_core.environment:checking '/home/rofida/RPOD_ws/install/statespace_chaser_mpc_ros2/lib'
[2.672s] Level 1:colcon.colcon_core.environment:checking '/home/rofida/RPOD_ws/install/statespace_chaser_mpc_ros2/bin'
[2.672s] Level 1:colcon.colcon_core.environment:checking '/home/rofida/RPOD_ws/install/statespace_chaser_mpc_ros2/lib/pkgconfig/statespace_chaser_mpc_ros2.pc'
[2.673s] Level 1:colcon.colcon_core.environment:checking '/home/rofida/RPOD_ws/install/statespace_chaser_mpc_ros2/lib/python3.10/site-packages'
[2.675s] Level 1:colcon.colcon_core.environment:checking '/home/rofida/RPOD_ws/install/statespace_chaser_mpc_ros2/bin'
[2.676s] INFO:colcon.colcon_core.shell:Creating package script '/home/rofida/RPOD_ws/install/statespace_chaser_mpc_ros2/share/statespace_chaser_mpc_ros2/package.ps1'
[2.679s] INFO:colcon.colcon_core.shell:Creating package descriptor '/home/rofida/RPOD_ws/install/statespace_chaser_mpc_ros2/share/statespace_chaser_mpc_ros2/package.dsv'
[2.682s] INFO:colcon.colcon_core.shell:Creating package script '/home/rofida/RPOD_ws/install/statespace_chaser_mpc_ros2/share/statespace_chaser_mpc_ros2/package.sh'
[2.684s] INFO:colcon.colcon_core.shell:Creating package script '/home/rofida/RPOD_ws/install/statespace_chaser_mpc_ros2/share/statespace_chaser_mpc_ros2/package.bash'
[2.686s] INFO:colcon.colcon_core.shell:Creating package script '/home/rofida/RPOD_ws/install/statespace_chaser_mpc_ros2/share/statespace_chaser_mpc_ros2/package.zsh'
[2.688s] Level 1:colcon.colcon_core.environment:create_file_with_runtime_dependencies(/home/rofida/RPOD_ws/install/statespace_chaser_mpc_ros2/share/colcon-core/packages/statespace_chaser_mpc_ros2)
[39.440s] DEBUG:colcon.colcon_core.event_handler.log_command:Invoked command in '/home/rofida/RPOD_ws/build/mpc_super_visor' returned '0': CMAKE_PREFIX_PATH=${CMAKE_PREFIX_PATH}:/opt/ros/humble /usr/bin/cmake --build /home/rofida/RPOD_ws/build/mpc_super_visor -- -j12 -l12
[39.443s] DEBUG:colcon.colcon_core.event_handler.log_command:Invoking command in '/home/rofida/RPOD_ws/build/mpc_super_visor': CMAKE_PREFIX_PATH=${CMAKE_PREFIX_PATH}:/opt/ros/humble /usr/bin/cmake --install /home/rofida/RPOD_ws/build/mpc_super_visor
[39.512s] Level 1:colcon.colcon_core.environment:create_environment_scripts_only(mpc_super_visor)
[39.513s] Level 1:colcon.colcon_core.environment:checking '/home/rofida/RPOD_ws/install/mpc_super_visor' for CMake module files
[39.515s] DEBUG:colcon.colcon_core.event_handler.log_command:Invoked command in '/home/rofida/RPOD_ws/build/mpc_super_visor' returned '0': CMAKE_PREFIX_PATH=${CMAKE_PREFIX_PATH}:/opt/ros/humble /usr/bin/cmake --install /home/rofida/RPOD_ws/build/mpc_super_visor
[39.517s] Level 1:colcon.colcon_core.environment:checking '/home/rofida/RPOD_ws/install/mpc_super_visor' for CMake config files
[39.517s] Level 1:colcon.colcon_core.shell:create_environment_hook('mpc_super_visor', 'cmake_prefix_path')
[39.518s] INFO:colcon.colcon_core.shell:Creating environment hook '/home/rofida/RPOD_ws/install/mpc_super_visor/share/mpc_super_visor/hook/cmake_prefix_path.ps1'
[39.520s] INFO:colcon.colcon_core.shell:Creating environment descriptor '/home/rofida/RPOD_ws/install/mpc_super_visor/share/mpc_super_visor/hook/cmake_prefix_path.dsv'
[39.521s] INFO:colcon.colcon_core.shell:Creating environment hook '/home/rofida/RPOD_ws/install/mpc_super_visor/share/mpc_super_visor/hook/cmake_prefix_path.sh'
[39.523s] Level 1:colcon.colcon_core.environment:checking '/home/rofida/RPOD_ws/install/mpc_super_visor/lib'
[39.524s] Level 1:colcon.colcon_core.environment:checking '/home/rofida/RPOD_ws/install/mpc_super_visor/bin'
[39.524s] Level 1:colcon.colcon_core.environment:checking '/home/rofida/RPOD_ws/install/mpc_super_visor/lib/pkgconfig/mpc_super_visor.pc'
[39.525s] Level 1:colcon.colcon_core.environment:checking '/home/rofida/RPOD_ws/install/mpc_super_visor/lib/python3.10/site-packages'
[39.526s] Level 1:colcon.colcon_core.environment:checking '/home/rofida/RPOD_ws/install/mpc_super_visor/bin'
[39.528s] INFO:colcon.colcon_core.shell:Creating package script '/home/rofida/RPOD_ws/install/mpc_super_visor/share/mpc_super_visor/package.ps1'
[39.530s] INFO:colcon.colcon_core.shell:Creating package descriptor '/home/rofida/RPOD_ws/install/mpc_super_visor/share/mpc_super_visor/package.dsv'
[39.531s] INFO:colcon.colcon_core.shell:Creating package script '/home/rofida/RPOD_ws/install/mpc_super_visor/share/mpc_super_visor/package.sh'
[39.533s] INFO:colcon.colcon_core.shell:Creating package script '/home/rofida/RPOD_ws/install/mpc_super_visor/share/mpc_super_visor/package.bash'
[39.534s] INFO:colcon.colcon_core.shell:Creating package script '/home/rofida/RPOD_ws/install/mpc_super_visor/share/mpc_super_visor/package.zsh'
[39.536s] Level 1:colcon.colcon_core.environment:create_file_with_runtime_dependencies(/home/rofida/RPOD_ws/install/mpc_super_visor/share/colcon-core/packages/mpc_super_visor)
[39.538s] Level 1:colcon.colcon_core.environment:create_environment_scripts_only(mpc_super_visor)
[39.539s] Level 1:colcon.colcon_core.environment:checking '/home/rofida/RPOD_ws/install/mpc_super_visor' for CMake module files
[39.541s] Level 1:colcon.colcon_core.environment:checking '/home/rofida/RPOD_ws/install/mpc_super_visor' for CMake config files
[39.541s] Level 1:colcon.colcon_core.shell:create_environment_hook('mpc_super_visor', 'cmake_prefix_path')
[39.542s] INFO:colcon.colcon_core.shell:Creating environment hook '/home/rofida/RPOD_ws/install/mpc_super_visor/share/mpc_super_visor/hook/cmake_prefix_path.ps1'
[39.544s] INFO:colcon.colcon_core.shell:Creating environment descriptor '/home/rofida/RPOD_ws/install/mpc_super_visor/share/mpc_super_visor/hook/cmake_prefix_path.dsv'
[39.546s] INFO:colcon.colcon_core.shell:Creating environment hook '/home/rofida/RPOD_ws/install/mpc_super_visor/share/mpc_super_visor/hook/cmake_prefix_path.sh'
[39.548s] Level 1:colcon.colcon_core.environment:checking '/home/rofida/RPOD_ws/install/mpc_super_visor/lib'
[39.548s] Level 1:colcon.colcon_core.environment:checking '/home/rofida/RPOD_ws/install/mpc_super_visor/bin'
[39.549s] Level 1:colcon.colcon_core.environment:checking '/home/rofida/RPOD_ws/install/mpc_super_visor/lib/pkgconfig/mpc_super_visor.pc'
[39.550s] Level 1:colcon.colcon_core.environment:checking '/home/rofida/RPOD_ws/install/mpc_super_visor/lib/python3.10/site-packages'
[39.551s] Level 1:colcon.colcon_core.environment:checking '/home/rofida/RPOD_ws/install/mpc_super_visor/bin'
[39.553s] INFO:colcon.colcon_core.shell:Creating package script '/home/rofida/RPOD_ws/install/mpc_super_visor/share/mpc_super_visor/package.ps1'
[39.555s] INFO:colcon.colcon_core.shell:Creating package descriptor '/home/rofida/RPOD_ws/install/mpc_super_visor/share/mpc_super_visor/package.dsv'
[39.557s] INFO:colcon.colcon_core.shell:Creating package script '/home/rofida/RPOD_ws/install/mpc_super_visor/share/mpc_super_visor/package.sh'
[39.558s] INFO:colcon.colcon_core.shell:Creating package script '/home/rofida/RPOD_ws/install/mpc_super_visor/share/mpc_super_visor/package.bash'
[39.560s] INFO:colcon.colcon_core.shell:Creating package script '/home/rofida/RPOD_ws/install/mpc_super_visor/share/mpc_super_visor/package.zsh'
[39.562s] Level 1:colcon.colcon_core.environment:create_file_with_runtime_dependencies(/home/rofida/RPOD_ws/install/mpc_super_visor/share/colcon-core/packages/mpc_super_visor)
[39.563s] DEBUG:colcon.colcon_parallel_executor.executor.parallel:closing loop
[39.563s] DEBUG:colcon.colcon_parallel_executor.executor.parallel:loop closed
[39.564s] DEBUG:colcon.colcon_parallel_executor.executor.parallel:run_until_complete finished with '0'
[39.564s] DEBUG:colcon.colcon_core.event_reactor:joining thread
[39.587s] INFO:colcon.colcon_core.plugin_system:Skipping extension 'colcon_notification.desktop_notification.terminal_notifier': Not used on non-Darwin systems
[39.588s] INFO:colcon.colcon_core.plugin_system:Skipping extension 'colcon_notification.desktop_notification.win32': Not used on non-Windows systems
[39.588s] INFO:colcon.colcon_notification.desktop_notification:Sending desktop notification using 'notify2'
[39.630s] DEBUG:colcon.colcon_core.event_reactor:joined thread
[39.631s] INFO:colcon.colcon_core.shell:Creating prefix script '/home/rofida/RPOD_ws/install/local_setup.ps1'
[39.635s] INFO:colcon.colcon_core.shell:Creating prefix util module '/home/rofida/RPOD_ws/install/_local_setup_util_ps1.py'
[39.641s] INFO:colcon.colcon_core.shell:Creating prefix chain script '/home/rofida/RPOD_ws/install/setup.ps1'
[39.646s] INFO:colcon.colcon_core.shell:Creating prefix script '/home/rofida/RPOD_ws/install/local_setup.sh'
[39.648s] INFO:colcon.colcon_core.shell:Creating prefix util module '/home/rofida/RPOD_ws/install/_local_setup_util_sh.py'
[39.651s] INFO:colcon.colcon_core.shell:Creating prefix chain script '/home/rofida/RPOD_ws/install/setup.sh'
[39.656s] INFO:colcon.colcon_core.shell:Creating prefix script '/home/rofida/RPOD_ws/install/local_setup.bash'
[39.658s] INFO:colcon.colcon_core.shell:Creating prefix chain script '/home/rofida/RPOD_ws/install/setup.bash'
[39.663s] INFO:colcon.colcon_core.shell:Creating prefix script '/home/rofida/RPOD_ws/install/local_setup.zsh'
[39.665s] INFO:colcon.colcon_core.shell:Creating prefix chain script '/home/rofida/RPOD_ws/install/setup.zsh'
