[0.431s] DEBUG:colcon:Command line arguments: ['/usr/bin/colcon', 'list']
[0.431s] DEBUG:colcon:Parsed command line arguments: Namespace(log_base=None, log_level=None, verb_name='list', build_base='build', ignore_user_meta=False, metas=['./colcon.meta'], base_paths=['.'], packages_ignore=None, packages_ignore_regex=None, paths=None, packages_up_to=None, packages_up_to_regex=None, packages_above=None, packages_above_and_dependencies=None, packages_above_depth=None, packages_select_by_dep=None, packages_skip_by_dep=None, packages_skip_up_to=None, packages_select_build_failed=False, packages_skip_build_finished=False, packages_select_test_failures=False, packages_skip_test_passed=False, packages_select=None, packages_skip=None, packages_select_regex=None, packages_skip_regex=None, packages_start=None, packages_end=None, allow_overriding=[], topological_order=False, names_only=False, paths_only=False, topological_graph=False, topological_graph_dot=False, topological_graph_density=False, topological_graph_legend=False, topological_graph_dot_cluster=False, topological_graph_dot_include_skipped=False, mixin_files=None, mixin=None, verb_parser=<colcon_mixin.mixin.mixin_argument.MixinArgumentDecorator object at 0x745aed22a260>, verb_extension=<colcon_package_information.verb.list.ListVerb object at 0x745aed332470>, main=<bound method ListVerb.main of <colcon_package_information.verb.list.ListVerb object at 0x745aed332470>>, mixin_verb=('list',))
[1.189s] Level 1:colcon.colcon_core.package_discovery:discover_packages(colcon_meta) check parameters
[1.190s] Level 1:colcon.colcon_core.package_discovery:discover_packages(recursive) check parameters
[1.190s] Level 1:colcon.colcon_core.package_discovery:discover_packages(ignore) check parameters
[1.190s] Level 1:colcon.colcon_core.package_discovery:discover_packages(path) check parameters
[1.190s] Level 1:colcon.colcon_core.package_discovery:discover_packages(colcon_meta) discover
[1.191s] Level 1:colcon.colcon_core.package_discovery:discover_packages(recursive) discover
[1.191s] INFO:colcon.colcon_core.package_discovery:Crawling recursively for packages in '/home/rofida/RPOD_ws/src'
[1.191s] Level 1:colcon.colcon_core.package_identification:_identify(.) by extensions ['ignore', 'ignore_ament_install']
[1.192s] Level 1:colcon.colcon_core.package_identification:_identify(.) by extension 'ignore'
[1.192s] Level 1:colcon.colcon_core.package_identification:_identify(.) by extension 'ignore_ament_install'
[1.192s] Level 1:colcon.colcon_core.package_identification:_identify(.) by extensions ['colcon_pkg']
[1.192s] Level 1:colcon.colcon_core.package_identification:_identify(.) by extension 'colcon_pkg'
[1.192s] Level 1:colcon.colcon_core.package_identification:_identify(.) by extensions ['colcon_meta']
[1.192s] Level 1:colcon.colcon_core.package_identification:_identify(.) by extension 'colcon_meta'
[1.193s] Level 1:colcon.colcon_core.package_identification:_identify(.) by extensions ['ros']
[1.193s] Level 1:colcon.colcon_core.package_identification:_identify(.) by extension 'ros'
[1.240s] Level 1:colcon.colcon_core.package_identification:_identify(.) by extensions ['cmake', 'python']
[1.240s] Level 1:colcon.colcon_core.package_identification:_identify(.) by extension 'cmake'
[1.241s] Level 1:colcon.colcon_core.package_identification:_identify(.) by extension 'python'
[1.241s] Level 1:colcon.colcon_core.package_identification:_identify(.) by extensions ['python_setup_py']
[1.241s] Level 1:colcon.colcon_core.package_identification:_identify(.) by extension 'python_setup_py'
[1.241s] Level 1:colcon.colcon_core.package_identification:_identify(cv_gnc_bridge) by extensions ['ignore', 'ignore_ament_install']
[1.242s] Level 1:colcon.colcon_core.package_identification:_identify(cv_gnc_bridge) by extension 'ignore'
[1.242s] Level 1:colcon.colcon_core.package_identification:_identify(cv_gnc_bridge) by extension 'ignore_ament_install'
[1.242s] Level 1:colcon.colcon_core.package_identification:_identify(cv_gnc_bridge) by extensions ['colcon_pkg']
[1.242s] Level 1:colcon.colcon_core.package_identification:_identify(cv_gnc_bridge) by extension 'colcon_pkg'
[1.243s] Level 1:colcon.colcon_core.package_identification:_identify(cv_gnc_bridge) by extensions ['colcon_meta']
[1.243s] Level 1:colcon.colcon_core.package_identification:_identify(cv_gnc_bridge) by extension 'colcon_meta'
[1.243s] Level 1:colcon.colcon_core.package_identification:_identify(cv_gnc_bridge) by extensions ['ros']
[1.243s] Level 1:colcon.colcon_core.package_identification:_identify(cv_gnc_bridge) by extension 'ros'
[1.253s] DEBUG:colcon.colcon_core.package_identification:Package 'cv_gnc_bridge' with type 'ros.ament_cmake' and name 'cv_gnc_bridge'
[1.254s] Level 1:colcon.colcon_core.package_identification:_identify(encoder_uart) by extensions ['ignore', 'ignore_ament_install']
[1.254s] Level 1:colcon.colcon_core.package_identification:_identify(encoder_uart) by extension 'ignore'
[1.254s] Level 1:colcon.colcon_core.package_identification:_identify(encoder_uart) by extension 'ignore_ament_install'
[1.255s] Level 1:colcon.colcon_core.package_identification:_identify(encoder_uart) by extensions ['colcon_pkg']
[1.255s] Level 1:colcon.colcon_core.package_identification:_identify(encoder_uart) by extension 'colcon_pkg'
[1.255s] Level 1:colcon.colcon_core.package_identification:_identify(encoder_uart) by extensions ['colcon_meta']
[1.255s] Level 1:colcon.colcon_core.package_identification:_identify(encoder_uart) by extension 'colcon_meta'
[1.255s] Level 1:colcon.colcon_core.package_identification:_identify(encoder_uart) by extensions ['ros']
[1.256s] Level 1:colcon.colcon_core.package_identification:_identify(encoder_uart) by extension 'ros'
[1.258s] DEBUG:colcon.colcon_core.package_identification:Package 'encoder_uart' with type 'ros.ament_cmake' and name 'encoder_uart'
[1.259s] Level 1:colcon.colcon_core.package_identification:_identify(gnc_node) by extensions ['ignore', 'ignore_ament_install']
[1.259s] Level 1:colcon.colcon_core.package_identification:_identify(gnc_node) by extension 'ignore'
[1.260s] Level 1:colcon.colcon_core.package_identification:_identify(gnc_node) by extension 'ignore_ament_install'
[1.260s] Level 1:colcon.colcon_core.package_identification:_identify(gnc_node) by extensions ['colcon_pkg']
[1.260s] Level 1:colcon.colcon_core.package_identification:_identify(gnc_node) by extension 'colcon_pkg'
[1.260s] Level 1:colcon.colcon_core.package_identification:_identify(gnc_node) by extensions ['colcon_meta']
[1.260s] Level 1:colcon.colcon_core.package_identification:_identify(gnc_node) by extension 'colcon_meta'
[1.261s] Level 1:colcon.colcon_core.package_identification:_identify(gnc_node) by extensions ['ros']
[1.261s] Level 1:colcon.colcon_core.package_identification:_identify(gnc_node) by extension 'ros'
[1.264s] DEBUG:colcon.colcon_core.package_identification:Package 'gnc_node' with type 'ros.catkin' and name 'gnc_node'
[1.264s] Level 1:colcon.colcon_core.package_identification:_identify(gnc_node2) by extensions ['ignore', 'ignore_ament_install']
[1.265s] Level 1:colcon.colcon_core.package_identification:_identify(gnc_node2) by extension 'ignore'
[1.265s] Level 1:colcon.colcon_core.package_identification:_identify(gnc_node2) by extension 'ignore_ament_install'
[1.265s] Level 1:colcon.colcon_core.package_identification:_identify(gnc_node2) by extensions ['colcon_pkg']
[1.265s] Level 1:colcon.colcon_core.package_identification:_identify(gnc_node2) by extension 'colcon_pkg'
[1.265s] Level 1:colcon.colcon_core.package_identification:_identify(gnc_node2) by extensions ['colcon_meta']
[1.266s] Level 1:colcon.colcon_core.package_identification:_identify(gnc_node2) by extension 'colcon_meta'
[1.266s] Level 1:colcon.colcon_core.package_identification:_identify(gnc_node2) by extensions ['ros']
[1.266s] Level 1:colcon.colcon_core.package_identification:_identify(gnc_node2) by extension 'ros'
[1.269s] DEBUG:colcon.colcon_core.package_identification:Package 'gnc_node2' with type 'ros.catkin' and name 'gnc_node2'
[1.270s] Level 1:colcon.colcon_core.package_identification:_identify(imu_uart) by extensions ['ignore', 'ignore_ament_install']
[1.270s] Level 1:colcon.colcon_core.package_identification:_identify(imu_uart) by extension 'ignore'
[1.270s] Level 1:colcon.colcon_core.package_identification:_identify(imu_uart) by extension 'ignore_ament_install'
[1.271s] Level 1:colcon.colcon_core.package_identification:_identify(imu_uart) by extensions ['colcon_pkg']
[1.271s] Level 1:colcon.colcon_core.package_identification:_identify(imu_uart) by extension 'colcon_pkg'
[1.271s] Level 1:colcon.colcon_core.package_identification:_identify(imu_uart) by extensions ['colcon_meta']
[1.271s] Level 1:colcon.colcon_core.package_identification:_identify(imu_uart) by extension 'colcon_meta'
[1.271s] Level 1:colcon.colcon_core.package_identification:_identify(imu_uart) by extensions ['ros']
[1.271s] Level 1:colcon.colcon_core.package_identification:_identify(imu_uart) by extension 'ros'
[1.274s] DEBUG:colcon.colcon_core.package_identification:Package 'imu_uart' with type 'ros.ament_cmake' and name 'imu_uart'
[1.275s] Level 1:colcon.colcon_core.package_identification:_identify(log) by extensions ['ignore', 'ignore_ament_install']
[1.275s] Level 1:colcon.colcon_core.package_identification:_identify(log) by extension 'ignore'
[1.275s] Level 1:colcon.colcon_core.package_identification:_identify(log) ignored
[1.276s] Level 1:colcon.colcon_core.package_identification:_identify(mecanum_kinematics) by extensions ['ignore', 'ignore_ament_install']
[1.276s] Level 1:colcon.colcon_core.package_identification:_identify(mecanum_kinematics) by extension 'ignore'
[1.276s] Level 1:colcon.colcon_core.package_identification:_identify(mecanum_kinematics) by extension 'ignore_ament_install'
[1.277s] Level 1:colcon.colcon_core.package_identification:_identify(mecanum_kinematics) by extensions ['colcon_pkg']
[1.277s] Level 1:colcon.colcon_core.package_identification:_identify(mecanum_kinematics) by extension 'colcon_pkg'
[1.277s] Level 1:colcon.colcon_core.package_identification:_identify(mecanum_kinematics) by extensions ['colcon_meta']
[1.277s] Level 1:colcon.colcon_core.package_identification:_identify(mecanum_kinematics) by extension 'colcon_meta'
[1.277s] Level 1:colcon.colcon_core.package_identification:_identify(mecanum_kinematics) by extensions ['ros']
[1.277s] Level 1:colcon.colcon_core.package_identification:_identify(mecanum_kinematics) by extension 'ros'
[1.280s] DEBUG:colcon.colcon_core.package_identification:Package 'mecanum_kinematics' with type 'ros.ament_cmake' and name 'mecanum_kinematics'
[1.281s] Level 1:colcon.colcon_core.package_identification:_identify(motor_uart_pkg) by extensions ['ignore', 'ignore_ament_install']
[1.281s] Level 1:colcon.colcon_core.package_identification:_identify(motor_uart_pkg) by extension 'ignore'
[1.281s] Level 1:colcon.colcon_core.package_identification:_identify(motor_uart_pkg) by extension 'ignore_ament_install'
[1.282s] Level 1:colcon.colcon_core.package_identification:_identify(motor_uart_pkg) by extensions ['colcon_pkg']
[1.282s] Level 1:colcon.colcon_core.package_identification:_identify(motor_uart_pkg) by extension 'colcon_pkg'
[1.282s] Level 1:colcon.colcon_core.package_identification:_identify(motor_uart_pkg) by extensions ['colcon_meta']
[1.282s] Level 1:colcon.colcon_core.package_identification:_identify(motor_uart_pkg) by extension 'colcon_meta'
[1.282s] Level 1:colcon.colcon_core.package_identification:_identify(motor_uart_pkg) by extensions ['ros']
[1.282s] Level 1:colcon.colcon_core.package_identification:_identify(motor_uart_pkg) by extension 'ros'
[1.285s] DEBUG:colcon.colcon_core.package_identification:Package 'motor_uart_pkg' with type 'ros.ament_cmake' and name 'motor_uart_pkg'
[1.286s] Level 1:colcon.colcon_core.package_identification:_identify(speed_processing) by extensions ['ignore', 'ignore_ament_install']
[1.286s] Level 1:colcon.colcon_core.package_identification:_identify(speed_processing) by extension 'ignore'
[1.286s] Level 1:colcon.colcon_core.package_identification:_identify(speed_processing) by extension 'ignore_ament_install'
[1.286s] Level 1:colcon.colcon_core.package_identification:_identify(speed_processing) by extensions ['colcon_pkg']
[1.287s] Level 1:colcon.colcon_core.package_identification:_identify(speed_processing) by extension 'colcon_pkg'
[1.287s] Level 1:colcon.colcon_core.package_identification:_identify(speed_processing) by extensions ['colcon_meta']
[1.287s] Level 1:colcon.colcon_core.package_identification:_identify(speed_processing) by extension 'colcon_meta'
[1.287s] Level 1:colcon.colcon_core.package_identification:_identify(speed_processing) by extensions ['ros']
[1.287s] Level 1:colcon.colcon_core.package_identification:_identify(speed_processing) by extension 'ros'
[1.290s] DEBUG:colcon.colcon_core.package_identification:Package 'speed_processing' with type 'ros.ament_cmake' and name 'speed_processing'
[1.290s] Level 1:colcon.colcon_core.package_identification:_identify(test_pkg) by extensions ['ignore', 'ignore_ament_install']
[1.291s] Level 1:colcon.colcon_core.package_identification:_identify(test_pkg) by extension 'ignore'
[1.291s] Level 1:colcon.colcon_core.package_identification:_identify(test_pkg) by extension 'ignore_ament_install'
[1.291s] Level 1:colcon.colcon_core.package_identification:_identify(test_pkg) by extensions ['colcon_pkg']
[1.291s] Level 1:colcon.colcon_core.package_identification:_identify(test_pkg) by extension 'colcon_pkg'
[1.292s] Level 1:colcon.colcon_core.package_identification:_identify(test_pkg) by extensions ['colcon_meta']
[1.292s] Level 1:colcon.colcon_core.package_identification:_identify(test_pkg) by extension 'colcon_meta'
[1.292s] Level 1:colcon.colcon_core.package_identification:_identify(test_pkg) by extensions ['ros']
[1.292s] Level 1:colcon.colcon_core.package_identification:_identify(test_pkg) by extension 'ros'
[1.294s] DEBUG:colcon.colcon_core.package_identification:Package 'test_pkg' with type 'ros.ament_cmake' and name 'test_pkg'
[1.295s] Level 1:colcon.colcon_core.package_discovery:discover_packages(recursive) using defaults
[1.295s] Level 1:colcon.colcon_core.package_discovery:discover_packages(ignore) discover
[1.295s] Level 1:colcon.colcon_core.package_discovery:discover_packages(ignore) using defaults
[1.295s] Level 1:colcon.colcon_core.package_discovery:discover_packages(path) discover
[1.295s] Level 1:colcon.colcon_core.package_discovery:discover_packages(path) using defaults
