[0.492s] DEBUG:colcon:Command line arguments: ['/usr/bin/colcon', 'build', '--packages-select', 'speed_processing', '--symlink-install']
[0.493s] DEBUG:colcon:Parsed command line arguments: Namespace(log_base=None, log_level=None, verb_name='build', build_base='build', install_base='install', merge_install=False, symlink_install=True, test_result_base=None, continue_on_error=False, executor='parallel', parallel_workers=12, event_handlers=None, ignore_user_meta=False, metas=['./colcon.meta'], base_paths=['.'], packages_ignore=None, packages_ignore_regex=None, paths=None, packages_up_to=None, packages_up_to_regex=None, packages_above=None, packages_above_and_dependencies=None, packages_above_depth=None, packages_select_by_dep=None, packages_skip_by_dep=None, packages_skip_up_to=None, packages_select_build_failed=False, packages_skip_build_finished=False, packages_select_test_failures=False, packages_skip_test_passed=False, packages_select=['speed_processing'], packages_skip=None, packages_select_regex=None, packages_skip_regex=None, packages_start=None, packages_end=None, allow_overriding=[], cmake_args=None, cmake_target=None, cmake_target_skip_unavailable=False, cmake_clean_cache=False, cmake_clean_first=False, cmake_force_configure=False, ament_cmake_args=None, catkin_cmake_args=None, catkin_skip_building_tests=False, mixin_files=None, mixin=None, verb_parser=<colcon_mixin.mixin.mixin_argument.MixinArgumentDecorator object at 0x76a101459870>, verb_extension=<colcon_core.verb.build.BuildVerb object at 0x76a1014593c0>, main=<bound method BuildVerb.main of <colcon_core.verb.build.BuildVerb object at 0x76a1014593c0>>, mixin_verb=('build',))
[1.279s] Level 1:colcon.colcon_core.package_discovery:discover_packages(colcon_meta) check parameters
[1.280s] Level 1:colcon.colcon_core.package_discovery:discover_packages(recursive) check parameters
[1.280s] Level 1:colcon.colcon_core.package_discovery:discover_packages(ignore) check parameters
[1.280s] Level 1:colcon.colcon_core.package_discovery:discover_packages(path) check parameters
[1.280s] Level 1:colcon.colcon_core.package_discovery:discover_packages(colcon_meta) discover
[1.280s] Level 1:colcon.colcon_core.package_discovery:discover_packages(recursive) discover
[1.281s] INFO:colcon.colcon_core.package_discovery:Crawling recursively for packages in '/home/rofida/RPOD_ws/src/speed_processing'
[1.281s] Level 1:colcon.colcon_core.package_identification:_identify(.) by extensions ['ignore', 'ignore_ament_install']
[1.282s] Level 1:colcon.colcon_core.package_identification:_identify(.) by extension 'ignore'
[1.282s] Level 1:colcon.colcon_core.package_identification:_identify(.) by extension 'ignore_ament_install'
[1.282s] Level 1:colcon.colcon_core.package_identification:_identify(.) by extensions ['colcon_pkg']
[1.282s] Level 1:colcon.colcon_core.package_identification:_identify(.) by extension 'colcon_pkg'
[1.283s] Level 1:colcon.colcon_core.package_identification:_identify(.) by extensions ['colcon_meta']
[1.283s] Level 1:colcon.colcon_core.package_identification:_identify(.) by extension 'colcon_meta'
[1.283s] Level 1:colcon.colcon_core.package_identification:_identify(.) by extensions ['ros']
[1.283s] Level 1:colcon.colcon_core.package_identification:_identify(.) by extension 'ros'
[1.346s] DEBUG:colcon.colcon_core.package_identification:Package '.' with type 'ros.ament_cmake' and name 'speed_processing'
[1.346s] Level 1:colcon.colcon_core.package_discovery:discover_packages(recursive) using defaults
[1.346s] Level 1:colcon.colcon_core.package_discovery:discover_packages(ignore) discover
[1.347s] Level 1:colcon.colcon_core.package_discovery:discover_packages(ignore) using defaults
[1.347s] Level 1:colcon.colcon_core.package_discovery:discover_packages(path) discover
[1.347s] Level 1:colcon.colcon_core.package_discovery:discover_packages(path) using defaults
[1.469s] Level 1:colcon.colcon_core.package_discovery:discover_packages(prefix_path) check parameters
[1.469s] Level 1:colcon.colcon_core.package_discovery:discover_packages(prefix_path) discover
[1.474s] WARNING:colcon.colcon_ros.prefix_path.ament:The path '/home/rofida/RPOD_ws/install/test_pkg' in the environment variable AMENT_PREFIX_PATH doesn't exist
[1.474s] WARNING:colcon.colcon_ros.prefix_path.ament:The path '/home/rofida/RPOD_ws/install/speed_processing' in the environment variable AMENT_PREFIX_PATH doesn't exist
[1.475s] WARNING:colcon.colcon_ros.prefix_path.ament:The path '/home/rofida/RPOD_ws/install/mecanum_kinematics' in the environment variable AMENT_PREFIX_PATH doesn't exist
[1.475s] WARNING:colcon.colcon_ros.prefix_path.ament:The path '/home/rofida/RPOD_ws/install/imu_uart' in the environment variable AMENT_PREFIX_PATH doesn't exist
[1.475s] WARNING:colcon.colcon_ros.prefix_path.ament:The path '/home/rofida/RPOD_ws/install/gnc_node2' in the environment variable AMENT_PREFIX_PATH doesn't exist
[1.475s] WARNING:colcon.colcon_ros.prefix_path.ament:The path '/home/rofida/RPOD_ws/install/encoder_uart' in the environment variable AMENT_PREFIX_PATH doesn't exist
[1.475s] WARNING:colcon.colcon_ros.prefix_path.ament:The path '/home/rofida/RPOD_ws/install/cv_gnc_bridge' in the environment variable AMENT_PREFIX_PATH doesn't exist
[1.476s] WARNING:colcon.colcon_ros.prefix_path.catkin:The path '/home/rofida/RPOD_ws/install/test_pkg' in the environment variable CMAKE_PREFIX_PATH doesn't exist
[1.476s] WARNING:colcon.colcon_ros.prefix_path.catkin:The path '/home/rofida/RPOD_ws/install/speed_processing' in the environment variable CMAKE_PREFIX_PATH doesn't exist
[1.476s] WARNING:colcon.colcon_ros.prefix_path.catkin:The path '/home/rofida/RPOD_ws/install/mecanum_kinematics' in the environment variable CMAKE_PREFIX_PATH doesn't exist
[1.476s] WARNING:colcon.colcon_ros.prefix_path.catkin:The path '/home/rofida/RPOD_ws/install/imu_uart' in the environment variable CMAKE_PREFIX_PATH doesn't exist
[1.476s] WARNING:colcon.colcon_ros.prefix_path.catkin:The path '/home/rofida/RPOD_ws/install/gnc_node2' in the environment variable CMAKE_PREFIX_PATH doesn't exist
[1.476s] WARNING:colcon.colcon_ros.prefix_path.catkin:The path '/home/rofida/RPOD_ws/install/gnc_node' in the environment variable CMAKE_PREFIX_PATH doesn't exist
[1.477s] WARNING:colcon.colcon_ros.prefix_path.catkin:The path '/home/rofida/RPOD_ws/install/encoder_uart' in the environment variable CMAKE_PREFIX_PATH doesn't exist
[1.477s] WARNING:colcon.colcon_ros.prefix_path.catkin:The path '/home/rofida/RPOD_ws/install/cv_gnc_bridge' in the environment variable CMAKE_PREFIX_PATH doesn't exist
[1.480s] DEBUG:colcon.colcon_installed_package_information.package_discovery:Found 1 installed packages in /home/rofida/RPOD_ws/install
[1.486s] DEBUG:colcon.colcon_installed_package_information.package_discovery:Found 287 installed packages in /opt/ros/humble
[1.494s] Level 1:colcon.colcon_core.package_discovery:discover_packages(prefix_path) using defaults
[1.688s] Level 5:colcon.colcon_core.verb:set package 'speed_processing' build argument 'cmake_args' from command line to 'None'
[1.688s] Level 5:colcon.colcon_core.verb:set package 'speed_processing' build argument 'cmake_target' from command line to 'None'
[1.688s] Level 5:colcon.colcon_core.verb:set package 'speed_processing' build argument 'cmake_target_skip_unavailable' from command line to 'False'
[1.689s] Level 5:colcon.colcon_core.verb:set package 'speed_processing' build argument 'cmake_clean_cache' from command line to 'False'
[1.689s] Level 5:colcon.colcon_core.verb:set package 'speed_processing' build argument 'cmake_clean_first' from command line to 'False'
[1.689s] Level 5:colcon.colcon_core.verb:set package 'speed_processing' build argument 'cmake_force_configure' from command line to 'False'
[1.689s] Level 5:colcon.colcon_core.verb:set package 'speed_processing' build argument 'ament_cmake_args' from command line to 'None'
[1.689s] Level 5:colcon.colcon_core.verb:set package 'speed_processing' build argument 'catkin_cmake_args' from command line to 'None'
[1.690s] Level 5:colcon.colcon_core.verb:set package 'speed_processing' build argument 'catkin_skip_building_tests' from command line to 'False'
[1.690s] DEBUG:colcon.colcon_core.verb:Building package 'speed_processing' with the following arguments: {'ament_cmake_args': None, 'build_base': '/home/rofida/RPOD_ws/src/speed_processing/build/speed_processing', 'catkin_cmake_args': None, 'catkin_skip_building_tests': False, 'cmake_args': None, 'cmake_clean_cache': False, 'cmake_clean_first': False, 'cmake_force_configure': False, 'cmake_target': None, 'cmake_target_skip_unavailable': False, 'install_base': '/home/rofida/RPOD_ws/src/speed_processing/install/speed_processing', 'merge_install': False, 'path': '/home/rofida/RPOD_ws/src/speed_processing', 'symlink_install': True, 'test_result_base': None}
[1.691s] INFO:colcon.colcon_core.executor:Executing jobs using 'parallel' executor
[1.694s] DEBUG:colcon.colcon_parallel_executor.executor.parallel:run_until_complete
[1.695s] INFO:colcon.colcon_ros.task.ament_cmake.build:Building ROS package in '/home/rofida/RPOD_ws/src/speed_processing' with build type 'ament_cmake'
[1.695s] INFO:colcon.colcon_cmake.task.cmake.build:Building CMake package in '/home/rofida/RPOD_ws/src/speed_processing'
[1.704s] INFO:colcon.colcon_core.plugin_system:Skipping extension 'colcon_core.shell.bat': Not used on non-Windows systems
[1.705s] INFO:colcon.colcon_core.shell:Skip shell extension 'powershell' for command environment: Not usable outside of PowerShell
[1.706s] DEBUG:colcon.colcon_core.shell:Skip shell extension 'dsv' for command environment
[1.741s] DEBUG:colcon.colcon_core.event_handler.log_command:Invoking command in '/home/rofida/RPOD_ws/src/speed_processing/build/speed_processing': CMAKE_PREFIX_PATH=${CMAKE_PREFIX_PATH}:/opt/ros/humble /usr/bin/cmake /home/rofida/RPOD_ws/src/speed_processing -DAMENT_CMAKE_SYMLINK_INSTALL=1 -DCMAKE_INSTALL_PREFIX=/home/rofida/RPOD_ws/src/speed_processing/install/speed_processing
[6.732s] DEBUG:colcon.colcon_core.event_handler.log_command:Invoked command in '/home/rofida/RPOD_ws/src/speed_processing/build/speed_processing' returned '0': CMAKE_PREFIX_PATH=${CMAKE_PREFIX_PATH}:/opt/ros/humble /usr/bin/cmake /home/rofida/RPOD_ws/src/speed_processing -DAMENT_CMAKE_SYMLINK_INSTALL=1 -DCMAKE_INSTALL_PREFIX=/home/rofida/RPOD_ws/src/speed_processing/install/speed_processing
[6.741s] DEBUG:colcon.colcon_core.event_handler.log_command:Invoking command in '/home/rofida/RPOD_ws/src/speed_processing/build/speed_processing': CMAKE_PREFIX_PATH=${CMAKE_PREFIX_PATH}:/opt/ros/humble /usr/bin/cmake --build /home/rofida/RPOD_ws/src/speed_processing/build/speed_processing -- -j12 -l12
[24.465s] Level 1:colcon.colcon_core.environment:create_environment_scripts_only(speed_processing)
[24.504s] Level 1:colcon.colcon_core.environment:checking '/home/rofida/RPOD_ws/src/speed_processing/install/speed_processing' for CMake module files
[24.507s] Level 1:colcon.colcon_core.environment:checking '/home/rofida/RPOD_ws/src/speed_processing/install/speed_processing' for CMake config files
[24.510s] Level 1:colcon.colcon_core.environment:checking '/home/rofida/RPOD_ws/src/speed_processing/install/speed_processing/bin'
[24.510s] Level 1:colcon.colcon_core.environment:checking '/home/rofida/RPOD_ws/src/speed_processing/install/speed_processing/lib/pkgconfig/speed_processing.pc'
[24.511s] Level 1:colcon.colcon_core.environment:checking '/home/rofida/RPOD_ws/src/speed_processing/install/speed_processing/lib/python3.10/site-packages'
[24.513s] Level 1:colcon.colcon_core.environment:checking '/home/rofida/RPOD_ws/src/speed_processing/install/speed_processing/bin'
[24.514s] INFO:colcon.colcon_core.shell:Creating package script '/home/rofida/RPOD_ws/src/speed_processing/install/speed_processing/share/speed_processing/package.ps1'
[24.520s] INFO:colcon.colcon_core.shell:Creating package descriptor '/home/rofida/RPOD_ws/src/speed_processing/install/speed_processing/share/speed_processing/package.dsv'
[24.525s] INFO:colcon.colcon_core.shell:Creating package script '/home/rofida/RPOD_ws/src/speed_processing/install/speed_processing/share/speed_processing/package.sh'
[24.530s] INFO:colcon.colcon_core.shell:Creating package script '/home/rofida/RPOD_ws/src/speed_processing/install/speed_processing/share/speed_processing/package.bash'
[24.535s] INFO:colcon.colcon_core.shell:Creating package script '/home/rofida/RPOD_ws/src/speed_processing/install/speed_processing/share/speed_processing/package.zsh'
[24.543s] Level 1:colcon.colcon_core.environment:create_file_with_runtime_dependencies(/home/rofida/RPOD_ws/src/speed_processing/install/speed_processing/share/colcon-core/packages/speed_processing)
[25.103s] DEBUG:colcon.colcon_core.event_handler.log_command:Invoked command in '/home/rofida/RPOD_ws/src/speed_processing/build/speed_processing' returned '2': CMAKE_PREFIX_PATH=${CMAKE_PREFIX_PATH}:/opt/ros/humble /usr/bin/cmake --build /home/rofida/RPOD_ws/src/speed_processing/build/speed_processing -- -j12 -l12
[25.109s] DEBUG:colcon.colcon_parallel_executor.executor.parallel:closing loop
[25.110s] DEBUG:colcon.colcon_parallel_executor.executor.parallel:loop closed
[25.110s] DEBUG:colcon.colcon_parallel_executor.executor.parallel:run_until_complete finished with '2'
[25.111s] DEBUG:colcon.colcon_core.event_reactor:joining thread
[26.480s] INFO:colcon.colcon_core.plugin_system:Skipping extension 'colcon_notification.desktop_notification.terminal_notifier': Not used on non-Darwin systems
[26.481s] INFO:colcon.colcon_core.plugin_system:Skipping extension 'colcon_notification.desktop_notification.win32': Not used on non-Windows systems
[26.481s] INFO:colcon.colcon_notification.desktop_notification:Sending desktop notification using 'notify2'
[26.526s] DEBUG:colcon.colcon_core.event_reactor:joined thread
[26.527s] INFO:colcon.colcon_core.shell:Creating prefix script '/home/rofida/RPOD_ws/src/speed_processing/install/local_setup.ps1'
[26.530s] INFO:colcon.colcon_core.shell:Creating prefix util module '/home/rofida/RPOD_ws/src/speed_processing/install/_local_setup_util_ps1.py'
[26.537s] INFO:colcon.colcon_core.shell:Creating prefix chain script '/home/rofida/RPOD_ws/src/speed_processing/install/setup.ps1'
[26.542s] INFO:colcon.colcon_core.shell:Creating prefix script '/home/rofida/RPOD_ws/src/speed_processing/install/local_setup.sh'
[26.545s] INFO:colcon.colcon_core.shell:Creating prefix util module '/home/rofida/RPOD_ws/src/speed_processing/install/_local_setup_util_sh.py'
[26.547s] INFO:colcon.colcon_core.shell:Creating prefix chain script '/home/rofida/RPOD_ws/src/speed_processing/install/setup.sh'
[26.552s] INFO:colcon.colcon_core.shell:Creating prefix script '/home/rofida/RPOD_ws/src/speed_processing/install/local_setup.bash'
[26.555s] INFO:colcon.colcon_core.shell:Creating prefix chain script '/home/rofida/RPOD_ws/src/speed_processing/install/setup.bash'
[26.559s] INFO:colcon.colcon_core.shell:Creating prefix script '/home/rofida/RPOD_ws/src/speed_processing/install/local_setup.zsh'
[26.561s] INFO:colcon.colcon_core.shell:Creating prefix chain script '/home/rofida/RPOD_ws/src/speed_processing/install/setup.zsh'
