-- The C compiler identification is GNU 11.4.0
-- The CXX compiler identification is GNU 11.4.0
-- Detecting C compiler ABI info
-- Detecting C compiler ABI info - done
-- Check for working C compiler: /usr/bin/cc - skipped
-- Detecting C compile features
-- Detecting C compile features - done
-- Detecting CXX compiler ABI info
-- Detecting CXX compiler ABI info - done
-- Check for working CXX compiler: /usr/bin/c++ - skipped
-- Detecting CXX compile features
-- Detecting CXX compile features - done
-- Found ament_cmake: 1.3.12 (/opt/ros/humble/share/ament_cmake/cmake)
-- Found Python3: /usr/bin/python3 (found version "3.10.12") found components: Interpreter 
-- Found rclcpp: 16.0.17 (/opt/ros/humble/share/rclcpp/cmake)
-- Found rosidl_generator_c: 3.1.8 (/opt/ros/humble/share/rosidl_generator_c/cmake)
-- Found rosidl_adapter: 3.1.8 (/opt/ros/humble/share/rosidl_adapter/cmake)
-- Found rosidl_generator_cpp: 3.1.8 (/opt/ros/humble/share/rosidl_generator_cpp/cmake)
-- Using all available rosidl_typesupport_c: rosidl_typesupport_fastrtps_c;rosidl_typesupport_introspection_c
-- Using all available rosidl_typesupport_cpp: rosidl_typesupport_fastrtps_cpp;rosidl_typesupport_introspection_cpp
-- Found rmw_implementation_cmake: 6.1.2 (/opt/ros/humble/share/rmw_implementation_cmake/cmake)
-- Found rmw_fastrtps_cpp: 6.2.9 (/opt/ros/humble/share/rmw_fastrtps_cpp/cmake)
-- Found OpenSSL: /usr/lib/x86_64-linux-gnu/libcrypto.so (found version "3.0.2")  
-- Found FastRTPS: /opt/ros/humble/include  
-- Using RMW implementation 'rmw_fastrtps_cpp' as default
-- Looking for pthread.h
-- Looking for pthread.h - found
-- Performing Test CMAKE_HAVE_LIBC_PTHREAD
-- Performing Test CMAKE_HAVE_LIBC_PTHREAD - Success
-- Found Threads: TRUE  
-- Configuring done
-- Generating done
-- Build files have been written to: /home/rofida/RPOD_ws/build/mpc_super_visor
[ 50%] [32mBuilding CXX object CMakeFiles/mpc_super_visor_node.dir/src/mpc_super_visor_node.cpp.o[0m
[01m[K/home/rofida/RPOD_ws/src/mpc_super_visor/src/mpc_super_visor_node.cpp:90:36:[m[K [01;31m[Kerror: [m[Kexpected primary-expression before ‘[01m[K][m[K’ token
   90 | const std::vector[rclcpp::Parameter[01;31m[K][m[K(rclcpp::Parameter) & parameters)
      |                                    [01;31m[K^[m[K
[01m[K/home/rofida/RPOD_ws/src/mpc_super_visor/src/mpc_super_visor_node.cpp:90:59:[m[K [01;31m[Kerror: [m[Kexpected ‘[01m[K,[m[K’ or ‘[01m[K...[m[K’ before ‘[01m[Kparameters[m[K’
   90 | const std::vector[rclcpp::Parameter](rclcpp::Parameter) & [01;31m[Kparameters[m[K)
      |                                                           [01;31m[K^~~~~~~~~~[m[K
[01m[K/home/rofida/RPOD_ws/src/mpc_super_visor/src/mpc_super_visor_node.cpp:[m[K In constructor ‘[01m[KMpcSupervisorNode::MpcSupervisorNode()[m[K’:
[01m[K/home/rofida/RPOD_ws/src/mpc_super_visor/src/mpc_super_visor_node.cpp:18:30:[m[K [01;31m[Kerror: [m[Kexpected primary-expression before ‘[01m[K][m[K’ token
   18 | declare_parameter[std::string[01;31m[K][m[K(std::string)("active_mpc", "static");
      |                              [01;31m[K^[m[K
[01m[K/home/rofida/RPOD_ws/src/mpc_super_visor/src/mpc_super_visor_node.cpp:18:43:[m[K [01;31m[Kerror: [m[Kexpected primary-expression before ‘[01m[K)[m[K’ token
   18 | declare_parameter[std::string](std::string[01;31m[K)[m[K("active_mpc", "static");
      |                                           [01;31m[K^[m[K
[01m[K/home/rofida/RPOD_ws/src/mpc_super_visor/src/mpc_super_visor_node.cpp:[m[K In member function ‘[01m[Krcl_interfaces::msg::SetParametersResult MpcSupervisorNode::parameterCallback(...)[m[K’:
[01m[K/home/rofida/RPOD_ws/src/mpc_super_visor/src/mpc_super_visor_node.cpp:95:31:[m[K [01;31m[Kerror: [m[K‘[01m[Kparameters[m[K’ was not declared in this scope; did you mean ‘[01m[Kparameter[m[K’?
   95 | for (const auto & parameter : [01;31m[Kparameters[m[K) {
      |                               [01;31m[K^~~~~~~~~~[m[K
      |                               [32m[Kparameter[m[K
gmake[2]: *** [CMakeFiles/mpc_super_visor_node.dir/build.make:76: CMakeFiles/mpc_super_visor_node.dir/src/mpc_super_visor_node.cpp.o] Error 1
gmake[1]: *** [CMakeFiles/Makefile2:137: CMakeFiles/mpc_super_visor_node.dir/all] Error 2
gmake: *** [Makefile:146: all] Error 2
