[0.115s] Invoking command in '/home/rofida/RPOD_ws/build/mpc_super_visor': CMAKE_PREFIX_PATH=${CMAKE_PREFIX_PATH}:/opt/ros/humble /usr/bin/cmake /home/rofida/RPOD_ws/src/mpc_super_visor -DCMAKE_INSTALL_PREFIX=/home/rofida/RPOD_ws/install/mpc_super_visor
[0.521s] -- The C compiler identification is GNU 11.4.0
[0.864s] -- The CXX compiler identification is GNU 11.4.0
[0.904s] -- Detecting C compiler ABI info
[1.226s] -- Detecting C compiler ABI info - done
[1.262s] -- Check for working C compiler: /usr/bin/cc - skipped
[1.263s] -- Detecting C compile features
[1.265s] -- Detecting C compile features - done
[1.282s] -- Detecting CXX compiler ABI info
[1.625s] -- Detecting CXX compiler ABI info - done
[1.661s] -- Check for working CXX compiler: /usr/bin/c++ - skipped
[1.662s] -- Detecting CXX compile features
[1.663s] -- Detecting CXX compile features - done
[1.681s] -- Found ament_cmake: 1.3.12 (/opt/ros/humble/share/ament_cmake/cmake)
[2.369s] -- Found Python3: /usr/bin/python3 (found version "3.10.12") found components: Interpreter 
[2.822s] -- Found rclcpp: 16.0.17 (/opt/ros/humble/share/rclcpp/cmake)
[3.069s] -- Found rosidl_generator_c: 3.1.8 (/opt/ros/humble/share/rosidl_generator_c/cmake)
[3.104s] -- Found rosidl_adapter: 3.1.8 (/opt/ros/humble/share/rosidl_adapter/cmake)
[3.173s] -- Found rosidl_generator_cpp: 3.1.8 (/opt/ros/humble/share/rosidl_generator_cpp/cmake)
[3.248s] -- Using all available rosidl_typesupport_c: rosidl_typesupport_fastrtps_c;rosidl_typesupport_introspection_c
[3.345s] -- Using all available rosidl_typesupport_cpp: rosidl_typesupport_fastrtps_cpp;rosidl_typesupport_introspection_cpp
[3.634s] -- Found rmw_implementation_cmake: 6.1.2 (/opt/ros/humble/share/rmw_implementation_cmake/cmake)
[3.651s] -- Found rmw_fastrtps_cpp: 6.2.9 (/opt/ros/humble/share/rmw_fastrtps_cpp/cmake)
[4.078s] -- Found OpenSSL: /usr/lib/x86_64-linux-gnu/libcrypto.so (found version "3.0.2")  
[4.205s] -- Found FastRTPS: /opt/ros/humble/include  
[4.393s] -- Using RMW implementation 'rmw_fastrtps_cpp' as default
[4.444s] -- Looking for pthread.h
[4.756s] -- Looking for pthread.h - found
[4.759s] -- Performing Test CMAKE_HAVE_LIBC_PTHREAD
[5.086s] -- Performing Test CMAKE_HAVE_LIBC_PTHREAD - Success
[5.091s] -- Found Threads: TRUE  
[5.679s] -- Configuring done
[5.718s] -- Generating done
[5.733s] -- Build files have been written to: /home/rofida/RPOD_ws/build/mpc_super_visor
[5.764s] Invoked command in '/home/rofida/RPOD_ws/build/mpc_super_visor' returned '0': CMAKE_PREFIX_PATH=${CMAKE_PREFIX_PATH}:/opt/ros/humble /usr/bin/cmake /home/rofida/RPOD_ws/src/mpc_super_visor -DCMAKE_INSTALL_PREFIX=/home/rofida/RPOD_ws/install/mpc_super_visor
[5.771s] Invoking command in '/home/rofida/RPOD_ws/build/mpc_super_visor': CMAKE_PREFIX_PATH=${CMAKE_PREFIX_PATH}:/opt/ros/humble /usr/bin/cmake --build /home/rofida/RPOD_ws/build/mpc_super_visor -- -j12 -l12
[5.993s] [ 50%] [32mBuilding CXX object CMakeFiles/mpc_super_visor_node.dir/src/mpc_super_visor_node.cpp.o[0m
[15.547s] [01m[K/home/rofida/RPOD_ws/src/mpc_super_visor/src/mpc_super_visor_node.cpp:90:36:[m[K [01;31m[Kerror: [m[Kexpected primary-expression before ‘[01m[K][m[K’ token
[15.547s]    90 | const std::vector[rclcpp::Parameter[01;31m[K][m[K(rclcpp::Parameter) & parameters)
[15.548s]       |                                    [01;31m[K^[m[K
[15.548s] [01m[K/home/rofida/RPOD_ws/src/mpc_super_visor/src/mpc_super_visor_node.cpp:90:59:[m[K [01;31m[Kerror: [m[Kexpected ‘[01m[K,[m[K’ or ‘[01m[K...[m[K’ before ‘[01m[Kparameters[m[K’
[15.548s]    90 | const std::vector[rclcpp::Parameter](rclcpp::Parameter) & [01;31m[Kparameters[m[K)
[15.549s]       |                                                           [01;31m[K^~~~~~~~~~[m[K
[15.721s] [01m[K/home/rofida/RPOD_ws/src/mpc_super_visor/src/mpc_super_visor_node.cpp:[m[K In constructor ‘[01m[KMpcSupervisorNode::MpcSupervisorNode()[m[K’:
[15.722s] [01m[K/home/rofida/RPOD_ws/src/mpc_super_visor/src/mpc_super_visor_node.cpp:18:30:[m[K [01;31m[Kerror: [m[Kexpected primary-expression before ‘[01m[K][m[K’ token
[15.722s]    18 | declare_parameter[std::string[01;31m[K][m[K(std::string)("active_mpc", "static");
[15.722s]       |                              [01;31m[K^[m[K
[15.723s] [01m[K/home/rofida/RPOD_ws/src/mpc_super_visor/src/mpc_super_visor_node.cpp:18:43:[m[K [01;31m[Kerror: [m[Kexpected primary-expression before ‘[01m[K)[m[K’ token
[15.723s]    18 | declare_parameter[std::string](std::string[01;31m[K)[m[K("active_mpc", "static");
[15.723s]       |                                           [01;31m[K^[m[K
[15.852s] [01m[K/home/rofida/RPOD_ws/src/mpc_super_visor/src/mpc_super_visor_node.cpp:[m[K In member function ‘[01m[Krcl_interfaces::msg::SetParametersResult MpcSupervisorNode::parameterCallback(...)[m[K’:
[15.853s] [01m[K/home/rofida/RPOD_ws/src/mpc_super_visor/src/mpc_super_visor_node.cpp:95:31:[m[K [01;31m[Kerror: [m[K‘[01m[Kparameters[m[K’ was not declared in this scope; did you mean ‘[01m[Kparameter[m[K’?
[15.853s]    95 | for (const auto & parameter : [01;31m[Kparameters[m[K) {
[15.853s]       |                               [01;31m[K^~~~~~~~~~[m[K
[15.854s]       |                               [32m[Kparameter[m[K
[25.490s] gmake[2]: *** [CMakeFiles/mpc_super_visor_node.dir/build.make:76: CMakeFiles/mpc_super_visor_node.dir/src/mpc_super_visor_node.cpp.o] Error 1
[25.491s] gmake[1]: *** [CMakeFiles/Makefile2:137: CMakeFiles/mpc_super_visor_node.dir/all] Error 2
[25.492s] gmake: *** [Makefile:146: all] Error 2
[25.500s] Invoked command in '/home/rofida/RPOD_ws/build/mpc_super_visor' returned '2': CMAKE_PREFIX_PATH=${CMAKE_PREFIX_PATH}:/opt/ros/humble /usr/bin/cmake --build /home/rofida/RPOD_ws/build/mpc_super_visor -- -j12 -l12
