[0.089s] Invoking command in '/home/rofida/RPOD_ws/build/statespace_chaser_mpc_ros2': CMAKE_PREFIX_PATH=${CMAKE_PREFIX_PATH}:/opt/ros/humble /usr/bin/cmake /home/rofida/RPOD_ws/src/statespace_chaser_mpc_ros2 -DCMAKE_INSTALL_PREFIX=/home/rofida/RPOD_ws/install/statespace_chaser_mpc_ros2
[0.169s] -- Found ament_cmake: 1.3.12 (/opt/ros/humble/share/ament_cmake/cmake)
[0.760s] -- Override CMake install command with custom implementation using symlinks instead of copying resources
[0.826s] -- Found rclcpp: 16.0.17 (/opt/ros/humble/share/rclcpp/cmake)
[1.000s] -- Found rosidl_generator_c: 3.1.8 (/opt/ros/humble/share/rosidl_generator_c/cmake)
[1.014s] -- Found rosidl_adapter: 3.1.8 (/opt/ros/humble/share/rosidl_adapter/cmake)
[1.051s] -- Found rosidl_generator_cpp: 3.1.8 (/opt/ros/humble/share/rosidl_generator_cpp/cmake)
[1.108s] -- Using all available rosidl_typesupport_c: rosidl_typesupport_fastrtps_c;rosidl_typesupport_introspection_c
[1.180s] -- Using all available rosidl_typesupport_cpp: rosidl_typesupport_fastrtps_cpp;rosidl_typesupport_introspection_cpp
[1.369s] -- Found rmw_implementation_cmake: 6.1.2 (/opt/ros/humble/share/rmw_implementation_cmake/cmake)
[1.381s] -- Found rmw_fastrtps_cpp: 6.2.9 (/opt/ros/humble/share/rmw_fastrtps_cpp/cmake)
[1.883s] -- Using RMW implementation 'rmw_fastrtps_cpp' as default
[2.212s] -- Found geometry_msgs: 4.9.0 (/opt/ros/humble/share/geometry_msgs/cmake)
[2.282s] -- Found tf2: 0.25.18 (/opt/ros/humble/share/tf2/cmake)
[2.308s] -- Found tf2_geometry_msgs: 0.25.18 (/opt/ros/humble/share/tf2_geometry_msgs/cmake)
[2.328s] -- Found eigen3_cmake_module: 0.1.1 (/opt/ros/humble/share/eigen3_cmake_module/cmake)
[2.335s] -- Ensuring Eigen3 include directory is part of orocos-kdl CMake target
[3.114s] -- Configuring done
[3.189s] -- Generating done
[3.247s] -- Build files have been written to: /home/rofida/RPOD_ws/build/statespace_chaser_mpc_ros2
[3.277s] Invoked command in '/home/rofida/RPOD_ws/build/statespace_chaser_mpc_ros2' returned '0': CMAKE_PREFIX_PATH=${CMAKE_PREFIX_PATH}:/opt/ros/humble /usr/bin/cmake /home/rofida/RPOD_ws/src/statespace_chaser_mpc_ros2 -DCMAKE_INSTALL_PREFIX=/home/rofida/RPOD_ws/install/statespace_chaser_mpc_ros2
[3.284s] Invoking command in '/home/rofida/RPOD_ws/build/statespace_chaser_mpc_ros2': CMAKE_PREFIX_PATH=${CMAKE_PREFIX_PATH}:/opt/ros/humble /usr/bin/cmake --build /home/rofida/RPOD_ws/build/statespace_chaser_mpc_ros2 -- -j12 -l12
[3.446s] [35m[1mConsolidate compiler generated dependencies of target statespace_chaser_gen[0m
[3.492s] [ 60%] Built target statespace_chaser_gen
[3.538s] [35m[1mConsolidate compiler generated dependencies of target mpc_controller_node[0m
[3.611s] [ 80%] [32mBuilding CXX object CMakeFiles/mpc_controller_node.dir/src/mpc_controller_node.cpp.o[0m
[50.560s] [100%] [32m[1mLinking CXX executable mpc_controller_node[0m
[52.905s] [100%] Built target mpc_controller_node
[52.950s] Invoked command in '/home/rofida/RPOD_ws/build/statespace_chaser_mpc_ros2' returned '0': CMAKE_PREFIX_PATH=${CMAKE_PREFIX_PATH}:/opt/ros/humble /usr/bin/cmake --build /home/rofida/RPOD_ws/build/statespace_chaser_mpc_ros2 -- -j12 -l12
[52.956s] Invoking command in '/home/rofida/RPOD_ws/build/statespace_chaser_mpc_ros2': CMAKE_PREFIX_PATH=${CMAKE_PREFIX_PATH}:/opt/ros/humble /usr/bin/cmake --install /home/rofida/RPOD_ws/build/statespace_chaser_mpc_ros2
[52.988s] -- Install configuration: ""
[52.991s] -- Execute custom install script
[52.994s] -- Up-to-date symlink: /home/rofida/RPOD_ws/install/statespace_chaser_mpc_ros2/lib/statespace_chaser_mpc_ros2/mpc_controller_node
[52.997s] -- Up-to-date symlink: /home/rofida/RPOD_ws/install/statespace_chaser_mpc_ros2/share/statespace_chaser_mpc_ros2/launch/mpc_controller.launch.py
[52.998s] -- Up-to-date symlink: /home/rofida/RPOD_ws/install/statespace_chaser_mpc_ros2/share/ament_index/resource_index/package_run_dependencies/statespace_chaser_mpc_ros2
[53.001s] -- Up-to-date symlink: /home/rofida/RPOD_ws/install/statespace_chaser_mpc_ros2/share/ament_index/resource_index/parent_prefix_path/statespace_chaser_mpc_ros2
[53.002s] -- Up-to-date symlink: /home/rofida/RPOD_ws/install/statespace_chaser_mpc_ros2/share/statespace_chaser_mpc_ros2/environment/ament_prefix_path.sh
[53.003s] -- Up-to-date symlink: /home/rofida/RPOD_ws/install/statespace_chaser_mpc_ros2/share/statespace_chaser_mpc_ros2/environment/ament_prefix_path.dsv
[53.005s] -- Up-to-date symlink: /home/rofida/RPOD_ws/install/statespace_chaser_mpc_ros2/share/statespace_chaser_mpc_ros2/environment/path.sh
[53.006s] -- Up-to-date symlink: /home/rofida/RPOD_ws/install/statespace_chaser_mpc_ros2/share/statespace_chaser_mpc_ros2/environment/path.dsv
[53.008s] -- Up-to-date symlink: /home/rofida/RPOD_ws/install/statespace_chaser_mpc_ros2/share/statespace_chaser_mpc_ros2/local_setup.bash
[53.009s] -- Up-to-date symlink: /home/rofida/RPOD_ws/install/statespace_chaser_mpc_ros2/share/statespace_chaser_mpc_ros2/local_setup.sh
[53.010s] -- Up-to-date symlink: /home/rofida/RPOD_ws/install/statespace_chaser_mpc_ros2/share/statespace_chaser_mpc_ros2/local_setup.zsh
[53.011s] -- Up-to-date symlink: /home/rofida/RPOD_ws/install/statespace_chaser_mpc_ros2/share/statespace_chaser_mpc_ros2/local_setup.dsv
[53.012s] -- Symlinking: /home/rofida/RPOD_ws/install/statespace_chaser_mpc_ros2/share/statespace_chaser_mpc_ros2/package.dsv
[53.049s] -- Up-to-date symlink: /home/rofida/RPOD_ws/install/statespace_chaser_mpc_ros2/share/ament_index/resource_index/packages/statespace_chaser_mpc_ros2
[53.050s] -- Up-to-date symlink: /home/rofida/RPOD_ws/install/statespace_chaser_mpc_ros2/share/statespace_chaser_mpc_ros2/cmake/statespace_chaser_mpc_ros2Config.cmake
[53.051s] -- Up-to-date symlink: /home/rofida/RPOD_ws/install/statespace_chaser_mpc_ros2/share/statespace_chaser_mpc_ros2/cmake/statespace_chaser_mpc_ros2Config-version.cmake
[53.052s] -- Up-to-date symlink: /home/rofida/RPOD_ws/install/statespace_chaser_mpc_ros2/share/statespace_chaser_mpc_ros2/package.xml
[53.061s] Invoked command in '/home/rofida/RPOD_ws/build/statespace_chaser_mpc_ros2' returned '0': CMAKE_PREFIX_PATH=${CMAKE_PREFIX_PATH}:/opt/ros/humble /usr/bin/cmake --install /home/rofida/RPOD_ws/build/statespace_chaser_mpc_ros2
