[0.706s] DEBUG:colcon:Command line arguments: ['/usr/bin/colcon', 'build']
[0.707s] DEBUG:colcon:Parsed command line arguments: Namespace(log_base=None, log_level=None, verb_name='build', build_base='build', install_base='install', merge_install=False, symlink_install=False, test_result_base=None, continue_on_error=False, executor='parallel', parallel_workers=12, event_handlers=None, ignore_user_meta=False, metas=['./colcon.meta'], base_paths=['.'], packages_ignore=None, packages_ignore_regex=None, paths=None, packages_up_to=None, packages_up_to_regex=None, packages_above=None, packages_above_and_dependencies=None, packages_above_depth=None, packages_select_by_dep=None, packages_skip_by_dep=None, packages_skip_up_to=None, packages_select_build_failed=False, packages_skip_build_finished=False, packages_select_test_failures=False, packages_skip_test_passed=False, packages_select=None, packages_skip=None, packages_select_regex=None, packages_skip_regex=None, packages_start=None, packages_end=None, allow_overriding=[], cmake_args=None, cmake_target=None, cmake_target_skip_unavailable=False, cmake_clean_cache=False, cmake_clean_first=False, cmake_force_configure=False, ament_cmake_args=None, catkin_cmake_args=None, catkin_skip_building_tests=False, mixin_files=None, mixin=None, verb_parser=<colcon_mixin.mixin.mixin_argument.MixinArgumentDecorator object at 0x74ca11429810>, verb_extension=<colcon_core.verb.build.BuildVerb object at 0x74ca11429360>, main=<bound method BuildVerb.main of <colcon_core.verb.build.BuildVerb object at 0x74ca11429360>>, mixin_verb=('build',))
[1.778s] Level 1:colcon.colcon_core.package_discovery:discover_packages(colcon_meta) check parameters
[1.779s] Level 1:colcon.colcon_core.package_discovery:discover_packages(recursive) check parameters
[1.779s] Level 1:colcon.colcon_core.package_discovery:discover_packages(ignore) check parameters
[1.779s] Level 1:colcon.colcon_core.package_discovery:discover_packages(path) check parameters
[1.779s] Level 1:colcon.colcon_core.package_discovery:discover_packages(colcon_meta) discover
[1.779s] Level 1:colcon.colcon_core.package_discovery:discover_packages(recursive) discover
[1.780s] INFO:colcon.colcon_core.package_discovery:Crawling recursively for packages in '/home/rofida/RPOD_ws'
[1.780s] Level 1:colcon.colcon_core.package_identification:_identify(.) by extensions ['ignore', 'ignore_ament_install']
[1.780s] Level 1:colcon.colcon_core.package_identification:_identify(.) by extension 'ignore'
[1.781s] Level 1:colcon.colcon_core.package_identification:_identify(.) by extension 'ignore_ament_install'
[1.781s] Level 1:colcon.colcon_core.package_identification:_identify(.) by extensions ['colcon_pkg']
[1.781s] Level 1:colcon.colcon_core.package_identification:_identify(.) by extension 'colcon_pkg'
[1.781s] Level 1:colcon.colcon_core.package_identification:_identify(.) by extensions ['colcon_meta']
[1.781s] Level 1:colcon.colcon_core.package_identification:_identify(.) by extension 'colcon_meta'
[1.782s] Level 1:colcon.colcon_core.package_identification:_identify(.) by extensions ['ros']
[1.782s] Level 1:colcon.colcon_core.package_identification:_identify(.) by extension 'ros'
[1.828s] Level 1:colcon.colcon_core.package_identification:_identify(.) by extensions ['cmake', 'python']
[1.828s] Level 1:colcon.colcon_core.package_identification:_identify(.) by extension 'cmake'
[1.829s] Level 1:colcon.colcon_core.package_identification:_identify(.) by extension 'python'
[1.829s] Level 1:colcon.colcon_core.package_identification:_identify(.) by extensions ['python_setup_py']
[1.829s] Level 1:colcon.colcon_core.package_identification:_identify(.) by extension 'python_setup_py'
[1.830s] Level 1:colcon.colcon_core.package_identification:_identify(build) by extensions ['ignore', 'ignore_ament_install']
[1.830s] Level 1:colcon.colcon_core.package_identification:_identify(build) by extension 'ignore'
[1.830s] Level 1:colcon.colcon_core.package_identification:_identify(build) ignored
[1.831s] Level 1:colcon.colcon_core.package_identification:_identify(install) by extensions ['ignore', 'ignore_ament_install']
[1.831s] Level 1:colcon.colcon_core.package_identification:_identify(install) by extension 'ignore'
[1.831s] Level 1:colcon.colcon_core.package_identification:_identify(install) ignored
[1.832s] Level 1:colcon.colcon_core.package_identification:_identify(log) by extensions ['ignore', 'ignore_ament_install']
[1.832s] Level 1:colcon.colcon_core.package_identification:_identify(log) by extension 'ignore'
[1.832s] Level 1:colcon.colcon_core.package_identification:_identify(log) ignored
[1.833s] Level 1:colcon.colcon_core.package_identification:_identify(src) by extensions ['ignore', 'ignore_ament_install']
[1.833s] Level 1:colcon.colcon_core.package_identification:_identify(src) by extension 'ignore'
[1.833s] Level 1:colcon.colcon_core.package_identification:_identify(src) by extension 'ignore_ament_install'
[1.834s] Level 1:colcon.colcon_core.package_identification:_identify(src) by extensions ['colcon_pkg']
[1.834s] Level 1:colcon.colcon_core.package_identification:_identify(src) by extension 'colcon_pkg'
[1.834s] Level 1:colcon.colcon_core.package_identification:_identify(src) by extensions ['colcon_meta']
[1.834s] Level 1:colcon.colcon_core.package_identification:_identify(src) by extension 'colcon_meta'
[1.834s] Level 1:colcon.colcon_core.package_identification:_identify(src) by extensions ['ros']
[1.835s] Level 1:colcon.colcon_core.package_identification:_identify(src) by extension 'ros'
[1.835s] Level 1:colcon.colcon_core.package_identification:_identify(src) by extensions ['cmake', 'python']
[1.835s] Level 1:colcon.colcon_core.package_identification:_identify(src) by extension 'cmake'
[1.835s] Level 1:colcon.colcon_core.package_identification:_identify(src) by extension 'python'
[1.835s] Level 1:colcon.colcon_core.package_identification:_identify(src) by extensions ['python_setup_py']
[1.836s] Level 1:colcon.colcon_core.package_identification:_identify(src) by extension 'python_setup_py'
[1.836s] Level 1:colcon.colcon_core.package_identification:_identify(src/log) by extensions ['ignore', 'ignore_ament_install']
[1.836s] Level 1:colcon.colcon_core.package_identification:_identify(src/log) by extension 'ignore'
[1.837s] Level 1:colcon.colcon_core.package_identification:_identify(src/log) ignored
[1.837s] Level 1:colcon.colcon_core.package_identification:_identify(src/modelv2_mpc_limited_ros2) by extensions ['ignore', 'ignore_ament_install']
[1.837s] Level 1:colcon.colcon_core.package_identification:_identify(src/modelv2_mpc_limited_ros2) by extension 'ignore'
[1.838s] Level 1:colcon.colcon_core.package_identification:_identify(src/modelv2_mpc_limited_ros2) by extension 'ignore_ament_install'
[1.838s] Level 1:colcon.colcon_core.package_identification:_identify(src/modelv2_mpc_limited_ros2) by extensions ['colcon_pkg']
[1.838s] Level 1:colcon.colcon_core.package_identification:_identify(src/modelv2_mpc_limited_ros2) by extension 'colcon_pkg'
[1.838s] Level 1:colcon.colcon_core.package_identification:_identify(src/modelv2_mpc_limited_ros2) by extensions ['colcon_meta']
[1.838s] Level 1:colcon.colcon_core.package_identification:_identify(src/modelv2_mpc_limited_ros2) by extension 'colcon_meta'
[1.839s] Level 1:colcon.colcon_core.package_identification:_identify(src/modelv2_mpc_limited_ros2) by extensions ['ros']
[1.839s] Level 1:colcon.colcon_core.package_identification:_identify(src/modelv2_mpc_limited_ros2) by extension 'ros'
[1.852s] DEBUG:colcon.colcon_core.package_identification:Package 'src/modelv2_mpc_limited_ros2' with type 'ros.ament_cmake' and name 'modelv2_mpc_limited_ros2'
[1.852s] Level 1:colcon.colcon_core.package_identification:_identify(src/motor_uart_pkg) by extensions ['ignore', 'ignore_ament_install']
[1.853s] Level 1:colcon.colcon_core.package_identification:_identify(src/motor_uart_pkg) by extension 'ignore'
[1.853s] Level 1:colcon.colcon_core.package_identification:_identify(src/motor_uart_pkg) by extension 'ignore_ament_install'
[1.854s] Level 1:colcon.colcon_core.package_identification:_identify(src/motor_uart_pkg) by extensions ['colcon_pkg']
[1.854s] Level 1:colcon.colcon_core.package_identification:_identify(src/motor_uart_pkg) by extension 'colcon_pkg'
[1.854s] Level 1:colcon.colcon_core.package_identification:_identify(src/motor_uart_pkg) by extensions ['colcon_meta']
[1.854s] Level 1:colcon.colcon_core.package_identification:_identify(src/motor_uart_pkg) by extension 'colcon_meta'
[1.854s] Level 1:colcon.colcon_core.package_identification:_identify(src/motor_uart_pkg) by extensions ['ros']
[1.855s] Level 1:colcon.colcon_core.package_identification:_identify(src/motor_uart_pkg) by extension 'ros'
[1.858s] DEBUG:colcon.colcon_core.package_identification:Package 'src/motor_uart_pkg' with type 'ros.ament_cmake' and name 'motor_uart_pkg'
[1.858s] Level 1:colcon.colcon_core.package_identification:_identify(src/mpc_super_visor) by extensions ['ignore', 'ignore_ament_install']
[1.859s] Level 1:colcon.colcon_core.package_identification:_identify(src/mpc_super_visor) by extension 'ignore'
[1.859s] Level 1:colcon.colcon_core.package_identification:_identify(src/mpc_super_visor) by extension 'ignore_ament_install'
[1.859s] Level 1:colcon.colcon_core.package_identification:_identify(src/mpc_super_visor) by extensions ['colcon_pkg']
[1.860s] Level 1:colcon.colcon_core.package_identification:_identify(src/mpc_super_visor) by extension 'colcon_pkg'
[1.860s] Level 1:colcon.colcon_core.package_identification:_identify(src/mpc_super_visor) by extensions ['colcon_meta']
[1.860s] Level 1:colcon.colcon_core.package_identification:_identify(src/mpc_super_visor) by extension 'colcon_meta'
[1.860s] Level 1:colcon.colcon_core.package_identification:_identify(src/mpc_super_visor) by extensions ['ros']
[1.860s] Level 1:colcon.colcon_core.package_identification:_identify(src/mpc_super_visor) by extension 'ros'
[1.863s] DEBUG:colcon.colcon_core.package_identification:Package 'src/mpc_super_visor' with type 'ros.ament_cmake' and name 'mpc_super_visor'
[1.864s] Level 1:colcon.colcon_core.package_identification:_identify(src/speed_processing) by extensions ['ignore', 'ignore_ament_install']
[1.864s] Level 1:colcon.colcon_core.package_identification:_identify(src/speed_processing) by extension 'ignore'
[1.864s] Level 1:colcon.colcon_core.package_identification:_identify(src/speed_processing) by extension 'ignore_ament_install'
[1.865s] Level 1:colcon.colcon_core.package_identification:_identify(src/speed_processing) by extensions ['colcon_pkg']
[1.865s] Level 1:colcon.colcon_core.package_identification:_identify(src/speed_processing) by extension 'colcon_pkg'
[1.865s] Level 1:colcon.colcon_core.package_identification:_identify(src/speed_processing) by extensions ['colcon_meta']
[1.865s] Level 1:colcon.colcon_core.package_identification:_identify(src/speed_processing) by extension 'colcon_meta'
[1.865s] Level 1:colcon.colcon_core.package_identification:_identify(src/speed_processing) by extensions ['ros']
[1.865s] Level 1:colcon.colcon_core.package_identification:_identify(src/speed_processing) by extension 'ros'
[1.868s] DEBUG:colcon.colcon_core.package_identification:Package 'src/speed_processing' with type 'ros.ament_cmake' and name 'speed_processing'
[1.869s] Level 1:colcon.colcon_core.package_identification:_identify(src/statespace_chaser_mpc_ros2) by extensions ['ignore', 'ignore_ament_install']
[1.869s] Level 1:colcon.colcon_core.package_identification:_identify(src/statespace_chaser_mpc_ros2) by extension 'ignore'
[1.869s] Level 1:colcon.colcon_core.package_identification:_identify(src/statespace_chaser_mpc_ros2) by extension 'ignore_ament_install'
[1.870s] Level 1:colcon.colcon_core.package_identification:_identify(src/statespace_chaser_mpc_ros2) by extensions ['colcon_pkg']
[1.870s] Level 1:colcon.colcon_core.package_identification:_identify(src/statespace_chaser_mpc_ros2) by extension 'colcon_pkg'
[1.870s] Level 1:colcon.colcon_core.package_identification:_identify(src/statespace_chaser_mpc_ros2) by extensions ['colcon_meta']
[1.870s] Level 1:colcon.colcon_core.package_identification:_identify(src/statespace_chaser_mpc_ros2) by extension 'colcon_meta'
[1.870s] Level 1:colcon.colcon_core.package_identification:_identify(src/statespace_chaser_mpc_ros2) by extensions ['ros']
[1.871s] Level 1:colcon.colcon_core.package_identification:_identify(src/statespace_chaser_mpc_ros2) by extension 'ros'
[1.874s] DEBUG:colcon.colcon_core.package_identification:Package 'src/statespace_chaser_mpc_ros2' with type 'ros.ament_cmake' and name 'statespace_chaser_mpc_ros2'
[1.875s] Level 1:colcon.colcon_core.package_identification:_identify(src/system_launch) by extensions ['ignore', 'ignore_ament_install']
[1.875s] Level 1:colcon.colcon_core.package_identification:_identify(src/system_launch) by extension 'ignore'
[1.875s] Level 1:colcon.colcon_core.package_identification:_identify(src/system_launch) by extension 'ignore_ament_install'
[1.876s] Level 1:colcon.colcon_core.package_identification:_identify(src/system_launch) by extensions ['colcon_pkg']
[1.876s] Level 1:colcon.colcon_core.package_identification:_identify(src/system_launch) by extension 'colcon_pkg'
[1.876s] Level 1:colcon.colcon_core.package_identification:_identify(src/system_launch) by extensions ['colcon_meta']
[1.876s] Level 1:colcon.colcon_core.package_identification:_identify(src/system_launch) by extension 'colcon_meta'
[1.876s] Level 1:colcon.colcon_core.package_identification:_identify(src/system_launch) by extensions ['ros']
[1.876s] Level 1:colcon.colcon_core.package_identification:_identify(src/system_launch) by extension 'ros'
[1.879s] DEBUG:colcon.colcon_core.package_identification:Package 'src/system_launch' with type 'ros.ament_cmake' and name 'system_launch'
[1.879s] Level 1:colcon.colcon_core.package_discovery:discover_packages(recursive) using defaults
[1.879s] Level 1:colcon.colcon_core.package_discovery:discover_packages(ignore) discover
[1.879s] Level 1:colcon.colcon_core.package_discovery:discover_packages(ignore) using defaults
[1.879s] Level 1:colcon.colcon_core.package_discovery:discover_packages(path) discover
[1.879s] Level 1:colcon.colcon_core.package_discovery:discover_packages(path) using defaults
[2.018s] Level 1:colcon.colcon_core.package_discovery:discover_packages(prefix_path) check parameters
[2.019s] Level 1:colcon.colcon_core.package_discovery:discover_packages(prefix_path) discover
[2.031s] DEBUG:colcon.colcon_installed_package_information.package_discovery:Found 7 installed packages in /home/rofida/RPOD_ws/install
[2.037s] DEBUG:colcon.colcon_installed_package_information.package_discovery:Found 287 installed packages in /opt/ros/humble
[2.044s] Level 1:colcon.colcon_core.package_discovery:discover_packages(prefix_path) using defaults
[2.222s] Level 5:colcon.colcon_core.verb:set package 'modelv2_mpc_limited_ros2' build argument 'cmake_args' from command line to 'None'
[2.223s] Level 5:colcon.colcon_core.verb:set package 'modelv2_mpc_limited_ros2' build argument 'cmake_target' from command line to 'None'
[2.223s] Level 5:colcon.colcon_core.verb:set package 'modelv2_mpc_limited_ros2' build argument 'cmake_target_skip_unavailable' from command line to 'False'
[2.223s] Level 5:colcon.colcon_core.verb:set package 'modelv2_mpc_limited_ros2' build argument 'cmake_clean_cache' from command line to 'False'
[2.223s] Level 5:colcon.colcon_core.verb:set package 'modelv2_mpc_limited_ros2' build argument 'cmake_clean_first' from command line to 'False'
[2.223s] Level 5:colcon.colcon_core.verb:set package 'modelv2_mpc_limited_ros2' build argument 'cmake_force_configure' from command line to 'False'
[2.223s] Level 5:colcon.colcon_core.verb:set package 'modelv2_mpc_limited_ros2' build argument 'ament_cmake_args' from command line to 'None'
[2.223s] Level 5:colcon.colcon_core.verb:set package 'modelv2_mpc_limited_ros2' build argument 'catkin_cmake_args' from command line to 'None'
[2.223s] Level 5:colcon.colcon_core.verb:set package 'modelv2_mpc_limited_ros2' build argument 'catkin_skip_building_tests' from command line to 'False'
[2.224s] DEBUG:colcon.colcon_core.verb:Building package 'modelv2_mpc_limited_ros2' with the following arguments: {'ament_cmake_args': None, 'build_base': '/home/rofida/RPOD_ws/build/modelv2_mpc_limited_ros2', 'catkin_cmake_args': None, 'catkin_skip_building_tests': False, 'cmake_args': None, 'cmake_clean_cache': False, 'cmake_clean_first': False, 'cmake_force_configure': False, 'cmake_target': None, 'cmake_target_skip_unavailable': False, 'install_base': '/home/rofida/RPOD_ws/install/modelv2_mpc_limited_ros2', 'merge_install': False, 'path': '/home/rofida/RPOD_ws/src/modelv2_mpc_limited_ros2', 'symlink_install': False, 'test_result_base': None}
[2.225s] Level 5:colcon.colcon_core.verb:set package 'motor_uart_pkg' build argument 'cmake_args' from command line to 'None'
[2.225s] Level 5:colcon.colcon_core.verb:set package 'motor_uart_pkg' build argument 'cmake_target' from command line to 'None'
[2.226s] Level 5:colcon.colcon_core.verb:set package 'motor_uart_pkg' build argument 'cmake_target_skip_unavailable' from command line to 'False'
[2.226s] Level 5:colcon.colcon_core.verb:set package 'motor_uart_pkg' build argument 'cmake_clean_cache' from command line to 'False'
[2.226s] Level 5:colcon.colcon_core.verb:set package 'motor_uart_pkg' build argument 'cmake_clean_first' from command line to 'False'
[2.226s] Level 5:colcon.colcon_core.verb:set package 'motor_uart_pkg' build argument 'cmake_force_configure' from command line to 'False'
[2.226s] Level 5:colcon.colcon_core.verb:set package 'motor_uart_pkg' build argument 'ament_cmake_args' from command line to 'None'
[2.226s] Level 5:colcon.colcon_core.verb:set package 'motor_uart_pkg' build argument 'catkin_cmake_args' from command line to 'None'
[2.226s] Level 5:colcon.colcon_core.verb:set package 'motor_uart_pkg' build argument 'catkin_skip_building_tests' from command line to 'False'
[2.226s] DEBUG:colcon.colcon_core.verb:Building package 'motor_uart_pkg' with the following arguments: {'ament_cmake_args': None, 'build_base': '/home/rofida/RPOD_ws/build/motor_uart_pkg', 'catkin_cmake_args': None, 'catkin_skip_building_tests': False, 'cmake_args': None, 'cmake_clean_cache': False, 'cmake_clean_first': False, 'cmake_force_configure': False, 'cmake_target': None, 'cmake_target_skip_unavailable': False, 'install_base': '/home/rofida/RPOD_ws/install/motor_uart_pkg', 'merge_install': False, 'path': '/home/rofida/RPOD_ws/src/motor_uart_pkg', 'symlink_install': False, 'test_result_base': None}
[2.228s] Level 5:colcon.colcon_core.verb:set package 'mpc_super_visor' build argument 'cmake_args' from command line to 'None'
[2.228s] Level 5:colcon.colcon_core.verb:set package 'mpc_super_visor' build argument 'cmake_target' from command line to 'None'
[2.228s] Level 5:colcon.colcon_core.verb:set package 'mpc_super_visor' build argument 'cmake_target_skip_unavailable' from command line to 'False'
[2.228s] Level 5:colcon.colcon_core.verb:set package 'mpc_super_visor' build argument 'cmake_clean_cache' from command line to 'False'
[2.228s] Level 5:colcon.colcon_core.verb:set package 'mpc_super_visor' build argument 'cmake_clean_first' from command line to 'False'
[2.229s] Level 5:colcon.colcon_core.verb:set package 'mpc_super_visor' build argument 'cmake_force_configure' from command line to 'False'
[2.229s] Level 5:colcon.colcon_core.verb:set package 'mpc_super_visor' build argument 'ament_cmake_args' from command line to 'None'
[2.229s] Level 5:colcon.colcon_core.verb:set package 'mpc_super_visor' build argument 'catkin_cmake_args' from command line to 'None'
[2.229s] Level 5:colcon.colcon_core.verb:set package 'mpc_super_visor' build argument 'catkin_skip_building_tests' from command line to 'False'
[2.229s] DEBUG:colcon.colcon_core.verb:Building package 'mpc_super_visor' with the following arguments: {'ament_cmake_args': None, 'build_base': '/home/rofida/RPOD_ws/build/mpc_super_visor', 'catkin_cmake_args': None, 'catkin_skip_building_tests': False, 'cmake_args': None, 'cmake_clean_cache': False, 'cmake_clean_first': False, 'cmake_force_configure': False, 'cmake_target': None, 'cmake_target_skip_unavailable': False, 'install_base': '/home/rofida/RPOD_ws/install/mpc_super_visor', 'merge_install': False, 'path': '/home/rofida/RPOD_ws/src/mpc_super_visor', 'symlink_install': False, 'test_result_base': None}
[2.230s] Level 5:colcon.colcon_core.verb:set package 'speed_processing' build argument 'cmake_args' from command line to 'None'
[2.231s] Level 5:colcon.colcon_core.verb:set package 'speed_processing' build argument 'cmake_target' from command line to 'None'
[2.231s] Level 5:colcon.colcon_core.verb:set package 'speed_processing' build argument 'cmake_target_skip_unavailable' from command line to 'False'
[2.231s] Level 5:colcon.colcon_core.verb:set package 'speed_processing' build argument 'cmake_clean_cache' from command line to 'False'
[2.231s] Level 5:colcon.colcon_core.verb:set package 'speed_processing' build argument 'cmake_clean_first' from command line to 'False'
[2.231s] Level 5:colcon.colcon_core.verb:set package 'speed_processing' build argument 'cmake_force_configure' from command line to 'False'
[2.231s] Level 5:colcon.colcon_core.verb:set package 'speed_processing' build argument 'ament_cmake_args' from command line to 'None'
[2.231s] Level 5:colcon.colcon_core.verb:set package 'speed_processing' build argument 'catkin_cmake_args' from command line to 'None'
[2.231s] Level 5:colcon.colcon_core.verb:set package 'speed_processing' build argument 'catkin_skip_building_tests' from command line to 'False'
[2.232s] DEBUG:colcon.colcon_core.verb:Building package 'speed_processing' with the following arguments: {'ament_cmake_args': None, 'build_base': '/home/rofida/RPOD_ws/build/speed_processing', 'catkin_cmake_args': None, 'catkin_skip_building_tests': False, 'cmake_args': None, 'cmake_clean_cache': False, 'cmake_clean_first': False, 'cmake_force_configure': False, 'cmake_target': None, 'cmake_target_skip_unavailable': False, 'install_base': '/home/rofida/RPOD_ws/install/speed_processing', 'merge_install': False, 'path': '/home/rofida/RPOD_ws/src/speed_processing', 'symlink_install': False, 'test_result_base': None}
[2.233s] Level 5:colcon.colcon_core.verb:set package 'statespace_chaser_mpc_ros2' build argument 'cmake_args' from command line to 'None'
[2.233s] Level 5:colcon.colcon_core.verb:set package 'statespace_chaser_mpc_ros2' build argument 'cmake_target' from command line to 'None'
[2.233s] Level 5:colcon.colcon_core.verb:set package 'statespace_chaser_mpc_ros2' build argument 'cmake_target_skip_unavailable' from command line to 'False'
[2.234s] Level 5:colcon.colcon_core.verb:set package 'statespace_chaser_mpc_ros2' build argument 'cmake_clean_cache' from command line to 'False'
[2.234s] Level 5:colcon.colcon_core.verb:set package 'statespace_chaser_mpc_ros2' build argument 'cmake_clean_first' from command line to 'False'
[2.234s] Level 5:colcon.colcon_core.verb:set package 'statespace_chaser_mpc_ros2' build argument 'cmake_force_configure' from command line to 'False'
[2.234s] Level 5:colcon.colcon_core.verb:set package 'statespace_chaser_mpc_ros2' build argument 'ament_cmake_args' from command line to 'None'
[2.234s] Level 5:colcon.colcon_core.verb:set package 'statespace_chaser_mpc_ros2' build argument 'catkin_cmake_args' from command line to 'None'
[2.234s] Level 5:colcon.colcon_core.verb:set package 'statespace_chaser_mpc_ros2' build argument 'catkin_skip_building_tests' from command line to 'False'
[2.234s] DEBUG:colcon.colcon_core.verb:Building package 'statespace_chaser_mpc_ros2' with the following arguments: {'ament_cmake_args': None, 'build_base': '/home/rofida/RPOD_ws/build/statespace_chaser_mpc_ros2', 'catkin_cmake_args': None, 'catkin_skip_building_tests': False, 'cmake_args': None, 'cmake_clean_cache': False, 'cmake_clean_first': False, 'cmake_force_configure': False, 'cmake_target': None, 'cmake_target_skip_unavailable': False, 'install_base': '/home/rofida/RPOD_ws/install/statespace_chaser_mpc_ros2', 'merge_install': False, 'path': '/home/rofida/RPOD_ws/src/statespace_chaser_mpc_ros2', 'symlink_install': False, 'test_result_base': None}
[2.236s] Level 5:colcon.colcon_core.verb:set package 'system_launch' build argument 'cmake_args' from command line to 'None'
[2.236s] Level 5:colcon.colcon_core.verb:set package 'system_launch' build argument 'cmake_target' from command line to 'None'
[2.236s] Level 5:colcon.colcon_core.verb:set package 'system_launch' build argument 'cmake_target_skip_unavailable' from command line to 'False'
[2.236s] Level 5:colcon.colcon_core.verb:set package 'system_launch' build argument 'cmake_clean_cache' from command line to 'False'
[2.236s] Level 5:colcon.colcon_core.verb:set package 'system_launch' build argument 'cmake_clean_first' from command line to 'False'
[2.236s] Level 5:colcon.colcon_core.verb:set package 'system_launch' build argument 'cmake_force_configure' from command line to 'False'
[2.237s] Level 5:colcon.colcon_core.verb:set package 'system_launch' build argument 'ament_cmake_args' from command line to 'None'
[2.237s] Level 5:colcon.colcon_core.verb:set package 'system_launch' build argument 'catkin_cmake_args' from command line to 'None'
[2.237s] Level 5:colcon.colcon_core.verb:set package 'system_launch' build argument 'catkin_skip_building_tests' from command line to 'False'
[2.237s] DEBUG:colcon.colcon_core.verb:Building package 'system_launch' with the following arguments: {'ament_cmake_args': None, 'build_base': '/home/rofida/RPOD_ws/build/system_launch', 'catkin_cmake_args': None, 'catkin_skip_building_tests': False, 'cmake_args': None, 'cmake_clean_cache': False, 'cmake_clean_first': False, 'cmake_force_configure': False, 'cmake_target': None, 'cmake_target_skip_unavailable': False, 'install_base': '/home/rofida/RPOD_ws/install/system_launch', 'merge_install': False, 'path': '/home/rofida/RPOD_ws/src/system_launch', 'symlink_install': False, 'test_result_base': None}
[2.237s] INFO:colcon.colcon_core.executor:Executing jobs using 'parallel' executor
[2.241s] DEBUG:colcon.colcon_parallel_executor.executor.parallel:run_until_complete
[2.242s] INFO:colcon.colcon_ros.task.ament_cmake.build:Building ROS package in '/home/rofida/RPOD_ws/src/modelv2_mpc_limited_ros2' with build type 'ament_cmake'
[2.242s] INFO:colcon.colcon_cmake.task.cmake.build:Building CMake package in '/home/rofida/RPOD_ws/src/modelv2_mpc_limited_ros2'
[2.258s] INFO:colcon.colcon_core.plugin_system:Skipping extension 'colcon_core.shell.bat': Not used on non-Windows systems
[2.259s] INFO:colcon.colcon_core.shell:Skip shell extension 'powershell' for command environment: Not usable outside of PowerShell
[2.259s] DEBUG:colcon.colcon_core.shell:Skip shell extension 'dsv' for command environment
[2.279s] INFO:colcon.colcon_ros.task.ament_cmake.build:Building ROS package in '/home/rofida/RPOD_ws/src/motor_uart_pkg' with build type 'ament_cmake'
[2.280s] INFO:colcon.colcon_cmake.task.cmake.build:Building CMake package in '/home/rofida/RPOD_ws/src/motor_uart_pkg'
[2.282s] INFO:colcon.colcon_core.shell:Skip shell extension 'powershell' for command environment: Not usable outside of PowerShell
[2.282s] DEBUG:colcon.colcon_core.shell:Skip shell extension 'dsv' for command environment
[2.298s] INFO:colcon.colcon_ros.task.ament_cmake.build:Building ROS package in '/home/rofida/RPOD_ws/src/mpc_super_visor' with build type 'ament_cmake'
[2.298s] INFO:colcon.colcon_cmake.task.cmake.build:Building CMake package in '/home/rofida/RPOD_ws/src/mpc_super_visor'
[2.299s] INFO:colcon.colcon_core.shell:Skip shell extension 'powershell' for command environment: Not usable outside of PowerShell
[2.299s] DEBUG:colcon.colcon_core.shell:Skip shell extension 'dsv' for command environment
[2.315s] INFO:colcon.colcon_ros.task.ament_cmake.build:Building ROS package in '/home/rofida/RPOD_ws/src/speed_processing' with build type 'ament_cmake'
[2.315s] INFO:colcon.colcon_cmake.task.cmake.build:Building CMake package in '/home/rofida/RPOD_ws/src/speed_processing'
[2.316s] INFO:colcon.colcon_core.shell:Skip shell extension 'powershell' for command environment: Not usable outside of PowerShell
[2.316s] DEBUG:colcon.colcon_core.shell:Skip shell extension 'dsv' for command environment
[2.331s] INFO:colcon.colcon_ros.task.ament_cmake.build:Building ROS package in '/home/rofida/RPOD_ws/src/statespace_chaser_mpc_ros2' with build type 'ament_cmake'
[2.332s] INFO:colcon.colcon_cmake.task.cmake.build:Building CMake package in '/home/rofida/RPOD_ws/src/statespace_chaser_mpc_ros2'
[2.333s] INFO:colcon.colcon_core.shell:Skip shell extension 'powershell' for command environment: Not usable outside of PowerShell
[2.334s] DEBUG:colcon.colcon_core.shell:Skip shell extension 'dsv' for command environment
[2.350s] INFO:colcon.colcon_ros.task.ament_cmake.build:Building ROS package in '/home/rofida/RPOD_ws/src/system_launch' with build type 'ament_cmake'
[2.351s] INFO:colcon.colcon_cmake.task.cmake.build:Building CMake package in '/home/rofida/RPOD_ws/src/system_launch'
[2.352s] INFO:colcon.colcon_core.shell:Skip shell extension 'powershell' for command environment: Not usable outside of PowerShell
[2.352s] DEBUG:colcon.colcon_core.shell:Skip shell extension 'dsv' for command environment
[2.389s] DEBUG:colcon.colcon_core.event_handler.log_command:Invoking command in '/home/rofida/RPOD_ws/build/modelv2_mpc_limited_ros2': CMAKE_PREFIX_PATH=${CMAKE_PREFIX_PATH}:/opt/ros/humble /usr/bin/cmake --build /home/rofida/RPOD_ws/build/modelv2_mpc_limited_ros2 -- -j12 -l12
[2.407s] DEBUG:colcon.colcon_core.event_handler.log_command:Invoking command in '/home/rofida/RPOD_ws/build/motor_uart_pkg': CMAKE_PREFIX_PATH=${CMAKE_PREFIX_PATH}:/opt/ros/humble /usr/bin/cmake --build /home/rofida/RPOD_ws/build/motor_uart_pkg -- -j12 -l12
[2.416s] DEBUG:colcon.colcon_core.event_handler.log_command:Invoking command in '/home/rofida/RPOD_ws/build/mpc_super_visor': CMAKE_PREFIX_PATH=${CMAKE_PREFIX_PATH}:/opt/ros/humble /usr/bin/cmake /home/rofida/RPOD_ws/src/mpc_super_visor -DCMAKE_INSTALL_PREFIX=/home/rofida/RPOD_ws/install/mpc_super_visor
[2.428s] DEBUG:colcon.colcon_core.event_handler.log_command:Invoking command in '/home/rofida/RPOD_ws/build/speed_processing': CMAKE_PREFIX_PATH=${CMAKE_PREFIX_PATH}:/opt/ros/humble /usr/bin/cmake --build /home/rofida/RPOD_ws/build/speed_processing -- -j12 -l12
[2.445s] DEBUG:colcon.colcon_core.event_handler.log_command:Invoking command in '/home/rofida/RPOD_ws/build/statespace_chaser_mpc_ros2': CMAKE_PREFIX_PATH=${CMAKE_PREFIX_PATH}:/opt/ros/humble /usr/bin/cmake --build /home/rofida/RPOD_ws/build/statespace_chaser_mpc_ros2 -- -j12 -l12
[2.466s] DEBUG:colcon.colcon_core.event_handler.log_command:Invoking command in '/home/rofida/RPOD_ws/build/system_launch': CMAKE_PREFIX_PATH=${CMAKE_PREFIX_PATH}:/opt/ros/humble /usr/bin/cmake /home/rofida/RPOD_ws/src/system_launch -DCMAKE_INSTALL_PREFIX=/home/rofida/RPOD_ws/install/system_launch
[2.812s] DEBUG:colcon.colcon_core.event_handler.log_command:Invoked command in '/home/rofida/RPOD_ws/build/speed_processing' returned '0': CMAKE_PREFIX_PATH=${CMAKE_PREFIX_PATH}:/opt/ros/humble /usr/bin/cmake --build /home/rofida/RPOD_ws/build/speed_processing -- -j12 -l12
[2.864s] DEBUG:colcon.colcon_core.event_handler.log_command:Invoking command in '/home/rofida/RPOD_ws/build/speed_processing': CMAKE_PREFIX_PATH=${CMAKE_PREFIX_PATH}:/opt/ros/humble /usr/bin/cmake --install /home/rofida/RPOD_ws/build/speed_processing
[2.868s] DEBUG:colcon.colcon_core.event_handler.log_command:Invoked command in '/home/rofida/RPOD_ws/build/motor_uart_pkg' returned '0': CMAKE_PREFIX_PATH=${CMAKE_PREFIX_PATH}:/opt/ros/humble /usr/bin/cmake --build /home/rofida/RPOD_ws/build/motor_uart_pkg -- -j12 -l12
[2.878s] DEBUG:colcon.colcon_core.event_handler.log_command:Invoking command in '/home/rofida/RPOD_ws/build/motor_uart_pkg': CMAKE_PREFIX_PATH=${CMAKE_PREFIX_PATH}:/opt/ros/humble /usr/bin/cmake --install /home/rofida/RPOD_ws/build/motor_uart_pkg
[2.889s] DEBUG:colcon.colcon_core.event_handler.log_command:Invoked command in '/home/rofida/RPOD_ws/build/modelv2_mpc_limited_ros2' returned '0': CMAKE_PREFIX_PATH=${CMAKE_PREFIX_PATH}:/opt/ros/humble /usr/bin/cmake --build /home/rofida/RPOD_ws/build/modelv2_mpc_limited_ros2 -- -j12 -l12
[2.898s] DEBUG:colcon.colcon_core.event_handler.log_command:Invoking command in '/home/rofida/RPOD_ws/build/modelv2_mpc_limited_ros2': CMAKE_PREFIX_PATH=${CMAKE_PREFIX_PATH}:/opt/ros/humble /usr/bin/cmake --install /home/rofida/RPOD_ws/build/modelv2_mpc_limited_ros2
[2.965s] Level 1:colcon.colcon_core.environment:create_environment_scripts_only(speed_processing)
[2.968s] DEBUG:colcon.colcon_core.event_handler.log_command:Invoked command in '/home/rofida/RPOD_ws/build/speed_processing' returned '0': CMAKE_PREFIX_PATH=${CMAKE_PREFIX_PATH}:/opt/ros/humble /usr/bin/cmake --install /home/rofida/RPOD_ws/build/speed_processing
[3.000s] Level 1:colcon.colcon_core.environment:checking '/home/rofida/RPOD_ws/install/speed_processing' for CMake module files
[3.002s] Level 1:colcon.colcon_core.environment:checking '/home/rofida/RPOD_ws/install/speed_processing' for CMake config files
[3.004s] Level 1:colcon.colcon_core.shell:create_environment_hook('speed_processing', 'cmake_prefix_path')
[3.005s] INFO:colcon.colcon_core.shell:Creating environment hook '/home/rofida/RPOD_ws/install/speed_processing/share/speed_processing/hook/cmake_prefix_path.ps1'
[3.008s] INFO:colcon.colcon_core.shell:Creating environment descriptor '/home/rofida/RPOD_ws/install/speed_processing/share/speed_processing/hook/cmake_prefix_path.dsv'
[3.011s] INFO:colcon.colcon_core.shell:Creating environment hook '/home/rofida/RPOD_ws/install/speed_processing/share/speed_processing/hook/cmake_prefix_path.sh'
[3.015s] Level 1:colcon.colcon_core.environment:checking '/home/rofida/RPOD_ws/install/speed_processing/lib'
[3.016s] Level 1:colcon.colcon_core.environment:checking '/home/rofida/RPOD_ws/install/speed_processing/bin'
[3.016s] Level 1:colcon.colcon_core.environment:checking '/home/rofida/RPOD_ws/install/speed_processing/lib/pkgconfig/speed_processing.pc'
[3.017s] Level 1:colcon.colcon_core.environment:checking '/home/rofida/RPOD_ws/install/speed_processing/lib/python3.10/site-packages'
[3.019s] Level 1:colcon.colcon_core.environment:checking '/home/rofida/RPOD_ws/install/speed_processing/bin'
[3.021s] INFO:colcon.colcon_core.shell:Creating package script '/home/rofida/RPOD_ws/install/speed_processing/share/speed_processing/package.ps1'
[3.024s] INFO:colcon.colcon_core.shell:Creating package descriptor '/home/rofida/RPOD_ws/install/speed_processing/share/speed_processing/package.dsv'
[3.027s] INFO:colcon.colcon_core.shell:Creating package script '/home/rofida/RPOD_ws/install/speed_processing/share/speed_processing/package.sh'
[3.031s] INFO:colcon.colcon_core.shell:Creating package script '/home/rofida/RPOD_ws/install/speed_processing/share/speed_processing/package.bash'
[3.036s] INFO:colcon.colcon_core.shell:Creating package script '/home/rofida/RPOD_ws/install/speed_processing/share/speed_processing/package.zsh'
[3.041s] Level 1:colcon.colcon_core.environment:create_file_with_runtime_dependencies(/home/rofida/RPOD_ws/install/speed_processing/share/colcon-core/packages/speed_processing)
[3.043s] Level 1:colcon.colcon_core.environment:create_environment_scripts_only(speed_processing)
[3.044s] Level 1:colcon.colcon_core.environment:checking '/home/rofida/RPOD_ws/install/speed_processing' for CMake module files
[3.046s] Level 1:colcon.colcon_core.environment:checking '/home/rofida/RPOD_ws/install/speed_processing' for CMake config files
[3.048s] Level 1:colcon.colcon_core.shell:create_environment_hook('speed_processing', 'cmake_prefix_path')
[3.049s] INFO:colcon.colcon_core.shell:Creating environment hook '/home/rofida/RPOD_ws/install/speed_processing/share/speed_processing/hook/cmake_prefix_path.ps1'
[3.051s] INFO:colcon.colcon_core.shell:Creating environment descriptor '/home/rofida/RPOD_ws/install/speed_processing/share/speed_processing/hook/cmake_prefix_path.dsv'
[3.052s] INFO:colcon.colcon_core.shell:Creating environment hook '/home/rofida/RPOD_ws/install/speed_processing/share/speed_processing/hook/cmake_prefix_path.sh'
[3.055s] Level 1:colcon.colcon_core.environment:checking '/home/rofida/RPOD_ws/install/speed_processing/lib'
[3.055s] Level 1:colcon.colcon_core.environment:checking '/home/rofida/RPOD_ws/install/speed_processing/bin'
[3.055s] Level 1:colcon.colcon_core.environment:checking '/home/rofida/RPOD_ws/install/speed_processing/lib/pkgconfig/speed_processing.pc'
[3.056s] Level 1:colcon.colcon_core.environment:checking '/home/rofida/RPOD_ws/install/speed_processing/lib/python3.10/site-packages'
[3.058s] Level 1:colcon.colcon_core.environment:checking '/home/rofida/RPOD_ws/install/speed_processing/bin'
[3.060s] INFO:colcon.colcon_core.shell:Creating package script '/home/rofida/RPOD_ws/install/speed_processing/share/speed_processing/package.ps1'
[3.062s] INFO:colcon.colcon_core.shell:Creating package descriptor '/home/rofida/RPOD_ws/install/speed_processing/share/speed_processing/package.dsv'
[3.064s] INFO:colcon.colcon_core.shell:Creating package script '/home/rofida/RPOD_ws/install/speed_processing/share/speed_processing/package.sh'
[3.066s] INFO:colcon.colcon_core.shell:Creating package script '/home/rofida/RPOD_ws/install/speed_processing/share/speed_processing/package.bash'
[3.068s] INFO:colcon.colcon_core.shell:Creating package script '/home/rofida/RPOD_ws/install/speed_processing/share/speed_processing/package.zsh'
[3.070s] Level 1:colcon.colcon_core.environment:create_file_with_runtime_dependencies(/home/rofida/RPOD_ws/install/speed_processing/share/colcon-core/packages/speed_processing)
[3.075s] Level 1:colcon.colcon_core.environment:create_environment_scripts_only(modelv2_mpc_limited_ros2)
[3.076s] Level 1:colcon.colcon_core.environment:checking '/home/rofida/RPOD_ws/install/modelv2_mpc_limited_ros2' for CMake module files
[3.079s] DEBUG:colcon.colcon_core.event_handler.log_command:Invoked command in '/home/rofida/RPOD_ws/build/modelv2_mpc_limited_ros2' returned '0': CMAKE_PREFIX_PATH=${CMAKE_PREFIX_PATH}:/opt/ros/humble /usr/bin/cmake --install /home/rofida/RPOD_ws/build/modelv2_mpc_limited_ros2
[3.081s] Level 1:colcon.colcon_core.environment:checking '/home/rofida/RPOD_ws/install/modelv2_mpc_limited_ros2' for CMake config files
[3.084s] Level 1:colcon.colcon_core.shell:create_environment_hook('modelv2_mpc_limited_ros2', 'cmake_prefix_path')
[3.085s] INFO:colcon.colcon_core.shell:Creating environment hook '/home/rofida/RPOD_ws/install/modelv2_mpc_limited_ros2/share/modelv2_mpc_limited_ros2/hook/cmake_prefix_path.ps1'
[3.087s] INFO:colcon.colcon_core.shell:Creating environment descriptor '/home/rofida/RPOD_ws/install/modelv2_mpc_limited_ros2/share/modelv2_mpc_limited_ros2/hook/cmake_prefix_path.dsv'
[3.088s] INFO:colcon.colcon_core.shell:Creating environment hook '/home/rofida/RPOD_ws/install/modelv2_mpc_limited_ros2/share/modelv2_mpc_limited_ros2/hook/cmake_prefix_path.sh'
[3.090s] Level 1:colcon.colcon_core.environment:checking '/home/rofida/RPOD_ws/install/modelv2_mpc_limited_ros2/lib'
[3.091s] Level 1:colcon.colcon_core.environment:checking '/home/rofida/RPOD_ws/install/modelv2_mpc_limited_ros2/bin'
[3.091s] Level 1:colcon.colcon_core.environment:checking '/home/rofida/RPOD_ws/install/modelv2_mpc_limited_ros2/lib/pkgconfig/modelv2_mpc_limited_ros2.pc'
[3.092s] Level 1:colcon.colcon_core.environment:checking '/home/rofida/RPOD_ws/install/modelv2_mpc_limited_ros2/lib/python3.10/site-packages'
[3.094s] Level 1:colcon.colcon_core.environment:checking '/home/rofida/RPOD_ws/install/modelv2_mpc_limited_ros2/bin'
[3.095s] INFO:colcon.colcon_core.shell:Creating package script '/home/rofida/RPOD_ws/install/modelv2_mpc_limited_ros2/share/modelv2_mpc_limited_ros2/package.ps1'
[3.097s] INFO:colcon.colcon_core.shell:Creating package descriptor '/home/rofida/RPOD_ws/install/modelv2_mpc_limited_ros2/share/modelv2_mpc_limited_ros2/package.dsv'
[3.099s] INFO:colcon.colcon_core.shell:Creating package script '/home/rofida/RPOD_ws/install/modelv2_mpc_limited_ros2/share/modelv2_mpc_limited_ros2/package.sh'
[3.100s] INFO:colcon.colcon_core.shell:Creating package script '/home/rofida/RPOD_ws/install/modelv2_mpc_limited_ros2/share/modelv2_mpc_limited_ros2/package.bash'
[3.102s] INFO:colcon.colcon_core.shell:Creating package script '/home/rofida/RPOD_ws/install/modelv2_mpc_limited_ros2/share/modelv2_mpc_limited_ros2/package.zsh'
[3.103s] Level 1:colcon.colcon_core.environment:create_file_with_runtime_dependencies(/home/rofida/RPOD_ws/install/modelv2_mpc_limited_ros2/share/colcon-core/packages/modelv2_mpc_limited_ros2)
[3.106s] Level 1:colcon.colcon_core.environment:create_environment_scripts_only(modelv2_mpc_limited_ros2)
[3.107s] Level 1:colcon.colcon_core.environment:checking '/home/rofida/RPOD_ws/install/modelv2_mpc_limited_ros2' for CMake module files
[3.109s] Level 1:colcon.colcon_core.environment:checking '/home/rofida/RPOD_ws/install/modelv2_mpc_limited_ros2' for CMake config files
[3.111s] Level 1:colcon.colcon_core.shell:create_environment_hook('modelv2_mpc_limited_ros2', 'cmake_prefix_path')
[3.112s] INFO:colcon.colcon_core.shell:Creating environment hook '/home/rofida/RPOD_ws/install/modelv2_mpc_limited_ros2/share/modelv2_mpc_limited_ros2/hook/cmake_prefix_path.ps1'
[3.113s] INFO:colcon.colcon_core.shell:Creating environment descriptor '/home/rofida/RPOD_ws/install/modelv2_mpc_limited_ros2/share/modelv2_mpc_limited_ros2/hook/cmake_prefix_path.dsv'
[3.115s] INFO:colcon.colcon_core.shell:Creating environment hook '/home/rofida/RPOD_ws/install/modelv2_mpc_limited_ros2/share/modelv2_mpc_limited_ros2/hook/cmake_prefix_path.sh'
[3.117s] Level 1:colcon.colcon_core.environment:checking '/home/rofida/RPOD_ws/install/modelv2_mpc_limited_ros2/lib'
[3.117s] Level 1:colcon.colcon_core.environment:checking '/home/rofida/RPOD_ws/install/modelv2_mpc_limited_ros2/bin'
[3.118s] Level 1:colcon.colcon_core.environment:checking '/home/rofida/RPOD_ws/install/modelv2_mpc_limited_ros2/lib/pkgconfig/modelv2_mpc_limited_ros2.pc'
[3.119s] Level 1:colcon.colcon_core.environment:checking '/home/rofida/RPOD_ws/install/modelv2_mpc_limited_ros2/lib/python3.10/site-packages'
[3.120s] Level 1:colcon.colcon_core.environment:checking '/home/rofida/RPOD_ws/install/modelv2_mpc_limited_ros2/bin'
[3.121s] INFO:colcon.colcon_core.shell:Creating package script '/home/rofida/RPOD_ws/install/modelv2_mpc_limited_ros2/share/modelv2_mpc_limited_ros2/package.ps1'
[3.124s] INFO:colcon.colcon_core.shell:Creating package descriptor '/home/rofida/RPOD_ws/install/modelv2_mpc_limited_ros2/share/modelv2_mpc_limited_ros2/package.dsv'
[3.126s] INFO:colcon.colcon_core.shell:Creating package script '/home/rofida/RPOD_ws/install/modelv2_mpc_limited_ros2/share/modelv2_mpc_limited_ros2/package.sh'
[3.127s] INFO:colcon.colcon_core.shell:Creating package script '/home/rofida/RPOD_ws/install/modelv2_mpc_limited_ros2/share/modelv2_mpc_limited_ros2/package.bash'
[3.129s] INFO:colcon.colcon_core.shell:Creating package script '/home/rofida/RPOD_ws/install/modelv2_mpc_limited_ros2/share/modelv2_mpc_limited_ros2/package.zsh'
[3.131s] Level 1:colcon.colcon_core.environment:create_file_with_runtime_dependencies(/home/rofida/RPOD_ws/install/modelv2_mpc_limited_ros2/share/colcon-core/packages/modelv2_mpc_limited_ros2)
[3.132s] Level 1:colcon.colcon_core.environment:create_environment_scripts_only(motor_uart_pkg)
[3.133s] Level 1:colcon.colcon_core.environment:checking '/home/rofida/RPOD_ws/install/motor_uart_pkg' for CMake module files
[3.137s] DEBUG:colcon.colcon_core.event_handler.log_command:Invoked command in '/home/rofida/RPOD_ws/build/motor_uart_pkg' returned '0': CMAKE_PREFIX_PATH=${CMAKE_PREFIX_PATH}:/opt/ros/humble /usr/bin/cmake --install /home/rofida/RPOD_ws/build/motor_uart_pkg
[3.138s] Level 1:colcon.colcon_core.environment:checking '/home/rofida/RPOD_ws/install/motor_uart_pkg' for CMake config files
[3.140s] Level 1:colcon.colcon_core.shell:create_environment_hook('motor_uart_pkg', 'cmake_prefix_path')
[3.141s] INFO:colcon.colcon_core.shell:Creating environment hook '/home/rofida/RPOD_ws/install/motor_uart_pkg/share/motor_uart_pkg/hook/cmake_prefix_path.ps1'
[3.143s] INFO:colcon.colcon_core.shell:Creating environment descriptor '/home/rofida/RPOD_ws/install/motor_uart_pkg/share/motor_uart_pkg/hook/cmake_prefix_path.dsv'
[3.144s] INFO:colcon.colcon_core.shell:Creating environment hook '/home/rofida/RPOD_ws/install/motor_uart_pkg/share/motor_uart_pkg/hook/cmake_prefix_path.sh'
[3.148s] Level 1:colcon.colcon_core.environment:checking '/home/rofida/RPOD_ws/install/motor_uart_pkg/lib'
[3.148s] Level 1:colcon.colcon_core.environment:checking '/home/rofida/RPOD_ws/install/motor_uart_pkg/bin'
[3.149s] Level 1:colcon.colcon_core.environment:checking '/home/rofida/RPOD_ws/install/motor_uart_pkg/lib/pkgconfig/motor_uart_pkg.pc'
[3.150s] Level 1:colcon.colcon_core.environment:checking '/home/rofida/RPOD_ws/install/motor_uart_pkg/lib/python3.10/site-packages'
[3.153s] Level 1:colcon.colcon_core.environment:checking '/home/rofida/RPOD_ws/install/motor_uart_pkg/bin'
[3.155s] INFO:colcon.colcon_core.shell:Creating package script '/home/rofida/RPOD_ws/install/motor_uart_pkg/share/motor_uart_pkg/package.ps1'
[3.157s] INFO:colcon.colcon_core.shell:Creating package descriptor '/home/rofida/RPOD_ws/install/motor_uart_pkg/share/motor_uart_pkg/package.dsv'
[3.159s] INFO:colcon.colcon_core.shell:Creating package script '/home/rofida/RPOD_ws/install/motor_uart_pkg/share/motor_uart_pkg/package.sh'
[3.162s] INFO:colcon.colcon_core.shell:Creating package script '/home/rofida/RPOD_ws/install/motor_uart_pkg/share/motor_uart_pkg/package.bash'
[3.166s] INFO:colcon.colcon_core.shell:Creating package script '/home/rofida/RPOD_ws/install/motor_uart_pkg/share/motor_uart_pkg/package.zsh'
[3.167s] Level 1:colcon.colcon_core.environment:create_file_with_runtime_dependencies(/home/rofida/RPOD_ws/install/motor_uart_pkg/share/colcon-core/packages/motor_uart_pkg)
[3.170s] Level 1:colcon.colcon_core.environment:create_environment_scripts_only(motor_uart_pkg)
[3.172s] Level 1:colcon.colcon_core.environment:checking '/home/rofida/RPOD_ws/install/motor_uart_pkg' for CMake module files
[3.175s] Level 1:colcon.colcon_core.environment:checking '/home/rofida/RPOD_ws/install/motor_uart_pkg' for CMake config files
[3.178s] Level 1:colcon.colcon_core.shell:create_environment_hook('motor_uart_pkg', 'cmake_prefix_path')
[3.180s] INFO:colcon.colcon_core.shell:Creating environment hook '/home/rofida/RPOD_ws/install/motor_uart_pkg/share/motor_uart_pkg/hook/cmake_prefix_path.ps1'
[3.183s] INFO:colcon.colcon_core.shell:Creating environment descriptor '/home/rofida/RPOD_ws/install/motor_uart_pkg/share/motor_uart_pkg/hook/cmake_prefix_path.dsv'
[3.185s] INFO:colcon.colcon_core.shell:Creating environment hook '/home/rofida/RPOD_ws/install/motor_uart_pkg/share/motor_uart_pkg/hook/cmake_prefix_path.sh'
[3.188s] Level 1:colcon.colcon_core.environment:checking '/home/rofida/RPOD_ws/install/motor_uart_pkg/lib'
[3.189s] Level 1:colcon.colcon_core.environment:checking '/home/rofida/RPOD_ws/install/motor_uart_pkg/bin'
[3.189s] Level 1:colcon.colcon_core.environment:checking '/home/rofida/RPOD_ws/install/motor_uart_pkg/lib/pkgconfig/motor_uart_pkg.pc'
[3.191s] Level 1:colcon.colcon_core.environment:checking '/home/rofida/RPOD_ws/install/motor_uart_pkg/lib/python3.10/site-packages'
[3.194s] Level 1:colcon.colcon_core.environment:checking '/home/rofida/RPOD_ws/install/motor_uart_pkg/bin'
[3.196s] INFO:colcon.colcon_core.shell:Creating package script '/home/rofida/RPOD_ws/install/motor_uart_pkg/share/motor_uart_pkg/package.ps1'
[3.199s] INFO:colcon.colcon_core.shell:Creating package descriptor '/home/rofida/RPOD_ws/install/motor_uart_pkg/share/motor_uart_pkg/package.dsv'
[3.202s] INFO:colcon.colcon_core.shell:Creating package script '/home/rofida/RPOD_ws/install/motor_uart_pkg/share/motor_uart_pkg/package.sh'
[3.205s] INFO:colcon.colcon_core.shell:Creating package script '/home/rofida/RPOD_ws/install/motor_uart_pkg/share/motor_uart_pkg/package.bash'
[3.209s] INFO:colcon.colcon_core.shell:Creating package script '/home/rofida/RPOD_ws/install/motor_uart_pkg/share/motor_uart_pkg/package.zsh'
[3.212s] Level 1:colcon.colcon_core.environment:create_file_with_runtime_dependencies(/home/rofida/RPOD_ws/install/motor_uart_pkg/share/colcon-core/packages/motor_uart_pkg)
[5.570s] DEBUG:colcon.colcon_core.event_handler.log_command:Invoked command in '/home/rofida/RPOD_ws/build/system_launch' returned '0': CMAKE_PREFIX_PATH=${CMAKE_PREFIX_PATH}:/opt/ros/humble /usr/bin/cmake /home/rofida/RPOD_ws/src/system_launch -DCMAKE_INSTALL_PREFIX=/home/rofida/RPOD_ws/install/system_launch
[5.578s] DEBUG:colcon.colcon_core.event_handler.log_command:Invoking command in '/home/rofida/RPOD_ws/build/system_launch': CMAKE_PREFIX_PATH=${CMAKE_PREFIX_PATH}:/opt/ros/humble /usr/bin/cmake --build /home/rofida/RPOD_ws/build/system_launch -- -j12 -l12
[5.736s] DEBUG:colcon.colcon_core.event_handler.log_command:Invoked command in '/home/rofida/RPOD_ws/build/system_launch' returned '0': CMAKE_PREFIX_PATH=${CMAKE_PREFIX_PATH}:/opt/ros/humble /usr/bin/cmake --build /home/rofida/RPOD_ws/build/system_launch -- -j12 -l12
[5.745s] DEBUG:colcon.colcon_core.event_handler.log_command:Invoking command in '/home/rofida/RPOD_ws/build/system_launch': CMAKE_PREFIX_PATH=${CMAKE_PREFIX_PATH}:/opt/ros/humble /usr/bin/cmake --install /home/rofida/RPOD_ws/build/system_launch
[5.790s] Level 1:colcon.colcon_core.environment:create_environment_scripts_only(system_launch)
[5.792s] Level 1:colcon.colcon_core.environment:checking '/home/rofida/RPOD_ws/install/system_launch' for CMake module files
[5.794s] DEBUG:colcon.colcon_core.event_handler.log_command:Invoked command in '/home/rofida/RPOD_ws/build/system_launch' returned '0': CMAKE_PREFIX_PATH=${CMAKE_PREFIX_PATH}:/opt/ros/humble /usr/bin/cmake --install /home/rofida/RPOD_ws/build/system_launch
[5.796s] Level 1:colcon.colcon_core.environment:checking '/home/rofida/RPOD_ws/install/system_launch' for CMake config files
[5.796s] Level 1:colcon.colcon_core.shell:create_environment_hook('system_launch', 'cmake_prefix_path')
[5.798s] INFO:colcon.colcon_core.shell:Creating environment hook '/home/rofida/RPOD_ws/install/system_launch/share/system_launch/hook/cmake_prefix_path.ps1'
[5.799s] INFO:colcon.colcon_core.shell:Creating environment descriptor '/home/rofida/RPOD_ws/install/system_launch/share/system_launch/hook/cmake_prefix_path.dsv'
[5.801s] INFO:colcon.colcon_core.shell:Creating environment hook '/home/rofida/RPOD_ws/install/system_launch/share/system_launch/hook/cmake_prefix_path.sh'
[5.803s] Level 1:colcon.colcon_core.environment:checking '/home/rofida/RPOD_ws/install/system_launch/bin'
[5.803s] Level 1:colcon.colcon_core.environment:checking '/home/rofida/RPOD_ws/install/system_launch/lib/pkgconfig/system_launch.pc'
[5.804s] Level 1:colcon.colcon_core.environment:checking '/home/rofida/RPOD_ws/install/system_launch/lib/python3.10/site-packages'
[5.806s] Level 1:colcon.colcon_core.environment:checking '/home/rofida/RPOD_ws/install/system_launch/bin'
[5.807s] INFO:colcon.colcon_core.shell:Creating package script '/home/rofida/RPOD_ws/install/system_launch/share/system_launch/package.ps1'
[5.809s] INFO:colcon.colcon_core.shell:Creating package descriptor '/home/rofida/RPOD_ws/install/system_launch/share/system_launch/package.dsv'
[5.811s] INFO:colcon.colcon_core.shell:Creating package script '/home/rofida/RPOD_ws/install/system_launch/share/system_launch/package.sh'
[5.812s] INFO:colcon.colcon_core.shell:Creating package script '/home/rofida/RPOD_ws/install/system_launch/share/system_launch/package.bash'
[5.814s] INFO:colcon.colcon_core.shell:Creating package script '/home/rofida/RPOD_ws/install/system_launch/share/system_launch/package.zsh'
[5.815s] Level 1:colcon.colcon_core.environment:create_file_with_runtime_dependencies(/home/rofida/RPOD_ws/install/system_launch/share/colcon-core/packages/system_launch)
[5.817s] Level 1:colcon.colcon_core.environment:create_environment_scripts_only(system_launch)
[5.818s] Level 1:colcon.colcon_core.environment:checking '/home/rofida/RPOD_ws/install/system_launch' for CMake module files
[5.820s] Level 1:colcon.colcon_core.environment:checking '/home/rofida/RPOD_ws/install/system_launch' for CMake config files
[5.821s] Level 1:colcon.colcon_core.shell:create_environment_hook('system_launch', 'cmake_prefix_path')
[5.822s] INFO:colcon.colcon_core.shell:Creating environment hook '/home/rofida/RPOD_ws/install/system_launch/share/system_launch/hook/cmake_prefix_path.ps1'
[5.823s] INFO:colcon.colcon_core.shell:Creating environment descriptor '/home/rofida/RPOD_ws/install/system_launch/share/system_launch/hook/cmake_prefix_path.dsv'
[5.825s] INFO:colcon.colcon_core.shell:Creating environment hook '/home/rofida/RPOD_ws/install/system_launch/share/system_launch/hook/cmake_prefix_path.sh'
[5.827s] Level 1:colcon.colcon_core.environment:checking '/home/rofida/RPOD_ws/install/system_launch/bin'
[5.827s] Level 1:colcon.colcon_core.environment:checking '/home/rofida/RPOD_ws/install/system_launch/lib/pkgconfig/system_launch.pc'
[5.828s] Level 1:colcon.colcon_core.environment:checking '/home/rofida/RPOD_ws/install/system_launch/lib/python3.10/site-packages'
[5.830s] Level 1:colcon.colcon_core.environment:checking '/home/rofida/RPOD_ws/install/system_launch/bin'
[5.831s] INFO:colcon.colcon_core.shell:Creating package script '/home/rofida/RPOD_ws/install/system_launch/share/system_launch/package.ps1'
[5.833s] INFO:colcon.colcon_core.shell:Creating package descriptor '/home/rofida/RPOD_ws/install/system_launch/share/system_launch/package.dsv'
[5.835s] INFO:colcon.colcon_core.shell:Creating package script '/home/rofida/RPOD_ws/install/system_launch/share/system_launch/package.sh'
[5.837s] INFO:colcon.colcon_core.shell:Creating package script '/home/rofida/RPOD_ws/install/system_launch/share/system_launch/package.bash'
[5.838s] INFO:colcon.colcon_core.shell:Creating package script '/home/rofida/RPOD_ws/install/system_launch/share/system_launch/package.zsh'
[5.840s] Level 1:colcon.colcon_core.environment:create_file_with_runtime_dependencies(/home/rofida/RPOD_ws/install/system_launch/share/colcon-core/packages/system_launch)
[8.065s] DEBUG:colcon.colcon_core.event_handler.log_command:Invoked command in '/home/rofida/RPOD_ws/build/mpc_super_visor' returned '0': CMAKE_PREFIX_PATH=${CMAKE_PREFIX_PATH}:/opt/ros/humble /usr/bin/cmake /home/rofida/RPOD_ws/src/mpc_super_visor -DCMAKE_INSTALL_PREFIX=/home/rofida/RPOD_ws/install/mpc_super_visor
[8.072s] DEBUG:colcon.colcon_core.event_handler.log_command:Invoking command in '/home/rofida/RPOD_ws/build/mpc_super_visor': CMAKE_PREFIX_PATH=${CMAKE_PREFIX_PATH}:/opt/ros/humble /usr/bin/cmake --build /home/rofida/RPOD_ws/build/mpc_super_visor -- -j12 -l12
[27.801s] DEBUG:colcon.colcon_core.event_handler.log_command:Invoked command in '/home/rofida/RPOD_ws/build/mpc_super_visor' returned '2': CMAKE_PREFIX_PATH=${CMAKE_PREFIX_PATH}:/opt/ros/humble /usr/bin/cmake --build /home/rofida/RPOD_ws/build/mpc_super_visor -- -j12 -l12
[27.803s] Level 1:colcon.colcon_core.environment:create_environment_scripts_only(mpc_super_visor)
[27.804s] Level 1:colcon.colcon_core.environment:checking '/home/rofida/RPOD_ws/install/mpc_super_visor' for CMake module files
[27.805s] Level 1:colcon.colcon_core.environment:checking '/home/rofida/RPOD_ws/install/mpc_super_visor' for CMake config files
[27.806s] Level 1:colcon.colcon_core.environment:checking '/home/rofida/RPOD_ws/install/mpc_super_visor/bin'
[27.806s] Level 1:colcon.colcon_core.environment:checking '/home/rofida/RPOD_ws/install/mpc_super_visor/lib/pkgconfig/mpc_super_visor.pc'
[27.807s] Level 1:colcon.colcon_core.environment:checking '/home/rofida/RPOD_ws/install/mpc_super_visor/lib/python3.10/site-packages'
[27.808s] Level 1:colcon.colcon_core.environment:checking '/home/rofida/RPOD_ws/install/mpc_super_visor/bin'
[27.809s] INFO:colcon.colcon_core.shell:Creating package script '/home/rofida/RPOD_ws/install/mpc_super_visor/share/mpc_super_visor/package.ps1'
[27.811s] INFO:colcon.colcon_core.shell:Creating package descriptor '/home/rofida/RPOD_ws/install/mpc_super_visor/share/mpc_super_visor/package.dsv'
[27.813s] INFO:colcon.colcon_core.shell:Creating package script '/home/rofida/RPOD_ws/install/mpc_super_visor/share/mpc_super_visor/package.sh'
[27.815s] INFO:colcon.colcon_core.shell:Creating package script '/home/rofida/RPOD_ws/install/mpc_super_visor/share/mpc_super_visor/package.bash'
[27.816s] INFO:colcon.colcon_core.shell:Creating package script '/home/rofida/RPOD_ws/install/mpc_super_visor/share/mpc_super_visor/package.zsh'
[27.818s] Level 1:colcon.colcon_core.environment:create_file_with_runtime_dependencies(/home/rofida/RPOD_ws/install/mpc_super_visor/share/colcon-core/packages/mpc_super_visor)
[53.109s] DEBUG:colcon.colcon_parallel_executor.executor.parallel:closing loop
[53.110s] DEBUG:colcon.colcon_parallel_executor.executor.parallel:loop closed
[53.110s] DEBUG:colcon.colcon_parallel_executor.executor.parallel:run_until_complete finished with '2'
[53.110s] DEBUG:colcon.colcon_core.event_reactor:joining thread
[53.136s] INFO:colcon.colcon_core.plugin_system:Skipping extension 'colcon_notification.desktop_notification.terminal_notifier': Not used on non-Darwin systems
[53.136s] INFO:colcon.colcon_core.plugin_system:Skipping extension 'colcon_notification.desktop_notification.win32': Not used on non-Windows systems
[53.136s] INFO:colcon.colcon_notification.desktop_notification:Sending desktop notification using 'notify2'
[53.194s] DEBUG:colcon.colcon_core.event_reactor:joined thread
[53.195s] INFO:colcon.colcon_core.shell:Creating prefix script '/home/rofida/RPOD_ws/install/local_setup.ps1'
[53.199s] INFO:colcon.colcon_core.shell:Creating prefix util module '/home/rofida/RPOD_ws/install/_local_setup_util_ps1.py'
[53.207s] INFO:colcon.colcon_core.shell:Creating prefix chain script '/home/rofida/RPOD_ws/install/setup.ps1'
[53.213s] INFO:colcon.colcon_core.shell:Creating prefix script '/home/rofida/RPOD_ws/install/local_setup.sh'
[53.216s] INFO:colcon.colcon_core.shell:Creating prefix util module '/home/rofida/RPOD_ws/install/_local_setup_util_sh.py'
[53.219s] INFO:colcon.colcon_core.shell:Creating prefix chain script '/home/rofida/RPOD_ws/install/setup.sh'
[53.225s] INFO:colcon.colcon_core.shell:Creating prefix script '/home/rofida/RPOD_ws/install/local_setup.bash'
[53.228s] INFO:colcon.colcon_core.shell:Creating prefix chain script '/home/rofida/RPOD_ws/install/setup.bash'
[53.234s] INFO:colcon.colcon_core.shell:Creating prefix script '/home/rofida/RPOD_ws/install/local_setup.zsh'
[53.237s] INFO:colcon.colcon_core.shell:Creating prefix chain script '/home/rofida/RPOD_ws/install/setup.zsh'
