[ 50%] [32mBuilding CXX object CMakeFiles/motor_uart_node.dir/src/motor_uart_node.cpp.o[0m
[100%] [32m[1mLinking CXX executable motor_uart_node[0m
[100%] Built target motor_uart_node
-- Install configuration: ""
-- Execute custom install script
-- Up-to-date symlink: /home/rofida/RPOD_ws/install/motor_uart_pkg/lib/motor_uart_pkg/motor_uart_node
-- Up-to-date symlink: /home/rofida/RPOD_ws/install/motor_uart_pkg/share/ament_index/resource_index/package_run_dependencies/motor_uart_pkg
-- Up-to-date symlink: /home/rofida/RPOD_ws/install/motor_uart_pkg/share/ament_index/resource_index/parent_prefix_path/motor_uart_pkg
-- Up-to-date symlink: /home/rofida/RPOD_ws/install/motor_uart_pkg/share/motor_uart_pkg/environment/ament_prefix_path.sh
-- Up-to-date symlink: /home/rofida/RPOD_ws/install/motor_uart_pkg/share/motor_uart_pkg/environment/ament_prefix_path.dsv
-- Up-to-date symlink: /home/rofida/RPOD_ws/install/motor_uart_pkg/share/motor_uart_pkg/environment/path.sh
-- Up-to-date symlink: /home/rofida/RPOD_ws/install/motor_uart_pkg/share/motor_uart_pkg/environment/path.dsv
-- Up-to-date symlink: /home/rofida/RPOD_ws/install/motor_uart_pkg/share/motor_uart_pkg/local_setup.bash
-- Up-to-date symlink: /home/rofida/RPOD_ws/install/motor_uart_pkg/share/motor_uart_pkg/local_setup.sh
-- Up-to-date symlink: /home/rofida/RPOD_ws/install/motor_uart_pkg/share/motor_uart_pkg/local_setup.zsh
-- Up-to-date symlink: /home/rofida/RPOD_ws/install/motor_uart_pkg/share/motor_uart_pkg/local_setup.dsv
-- Symlinking: /home/rofida/RPOD_ws/install/motor_uart_pkg/share/motor_uart_pkg/package.dsv
-- Up-to-date symlink: /home/rofida/RPOD_ws/install/motor_uart_pkg/share/ament_index/resource_index/packages/motor_uart_pkg
-- Up-to-date symlink: /home/rofida/RPOD_ws/install/motor_uart_pkg/share/motor_uart_pkg/cmake/motor_uart_pkgConfig.cmake
-- Up-to-date symlink: /home/rofida/RPOD_ws/install/motor_uart_pkg/share/motor_uart_pkg/cmake/motor_uart_pkgConfig-version.cmake
-- Up-to-date symlink: /home/rofida/RPOD_ws/install/motor_uart_pkg/share/motor_uart_pkg/package.xml
