[0.113s] Invoking command in '/home/rofida/RPOD_ws/build/speed_processing': CMAKE_PREFIX_PATH=${CMAKE_PREFIX_PATH}:/opt/ros/humble /usr/bin/cmake --build /home/rofida/RPOD_ws/build/speed_processing -- -j12 -l12
[0.350s] [100%] Built target speed_processing
[0.411s] Invoked command in '/home/rofida/RPOD_ws/build/speed_processing' returned '0': CMAKE_PREFIX_PATH=${CMAKE_PREFIX_PATH}:/opt/ros/humble /usr/bin/cmake --build /home/rofida/RPOD_ws/build/speed_processing -- -j12 -l12
[0.422s] Invoking command in '/home/rofida/RPOD_ws/build/speed_processing': CMAKE_PREFIX_PATH=${CMAKE_PREFIX_PATH}:/opt/ros/humble /usr/bin/cmake --install /home/rofida/RPOD_ws/build/speed_processing
[0.471s] -- Install configuration: ""
[0.472s] -- Execute custom install script
[0.475s] -- Up-to-date symlink: /home/rofida/RPOD_ws/install/speed_processing/lib/speed_processing/speed_processing
[0.478s] -- Up-to-date symlink: /home/rofida/RPOD_ws/install/speed_processing/share/ament_index/resource_index/package_run_dependencies/speed_processing
[0.478s] -- Up-to-date symlink: /home/rofida/RPOD_ws/install/speed_processing/share/ament_index/resource_index/parent_prefix_path/speed_processing
[0.479s] -- Up-to-date symlink: /home/rofida/RPOD_ws/install/speed_processing/share/speed_processing/environment/ament_prefix_path.sh
[0.484s] -- Up-to-date symlink: /home/rofida/RPOD_ws/install/speed_processing/share/speed_processing/environment/ament_prefix_path.dsv
[0.485s] -- Up-to-date symlink: /home/rofida/RPOD_ws/install/speed_processing/share/speed_processing/environment/path.sh
[0.486s] -- Up-to-date symlink: /home/rofida/RPOD_ws/install/speed_processing/share/speed_processing/environment/path.dsv
[0.487s] -- Up-to-date symlink: /home/rofida/RPOD_ws/install/speed_processing/share/speed_processing/local_setup.bash
[0.488s] -- Up-to-date symlink: /home/rofida/RPOD_ws/install/speed_processing/share/speed_processing/local_setup.sh
[0.489s] -- Up-to-date symlink: /home/rofida/RPOD_ws/install/speed_processing/share/speed_processing/local_setup.zsh
[0.490s] -- Up-to-date symlink: /home/rofida/RPOD_ws/install/speed_processing/share/speed_processing/local_setup.dsv
[0.491s] -- Symlinking: /home/rofida/RPOD_ws/install/speed_processing/share/speed_processing/package.dsv
[0.507s] -- Up-to-date symlink: /home/rofida/RPOD_ws/install/speed_processing/share/ament_index/resource_index/packages/speed_processing
[0.509s] -- Up-to-date symlink: /home/rofida/RPOD_ws/install/speed_processing/share/speed_processing/cmake/speed_processingConfig.cmake
[0.510s] -- Up-to-date symlink: /home/rofida/RPOD_ws/install/speed_processing/share/speed_processing/cmake/speed_processingConfig-version.cmake
[0.514s] -- Up-to-date symlink: /home/rofida/RPOD_ws/install/speed_processing/share/speed_processing/package.xml
[0.583s] Invoked command in '/home/rofida/RPOD_ws/build/speed_processing' returned '0': CMAKE_PREFIX_PATH=${CMAKE_PREFIX_PATH}:/opt/ros/humble /usr/bin/cmake --install /home/rofida/RPOD_ws/build/speed_processing
