[0.125s] Invoking command in '/home/rofida/RPOD_ws/build/system_launch': CMAKE_PREFIX_PATH=${CMAKE_PREFIX_PATH}:/opt/ros/humble /usr/bin/cmake --build /home/rofida/RPOD_ws/build/system_launch -- -j12 -l12
[0.309s] Invoked command in '/home/rofida/RPOD_ws/build/system_launch' returned '0': CMAKE_PREFIX_PATH=${CMAKE_PREFIX_PATH}:/opt/ros/humble /usr/bin/cmake --build /home/rofida/RPOD_ws/build/system_launch -- -j12 -l12
[0.355s] Invoking command in '/home/rofida/RPOD_ws/build/system_launch': CMAKE_PREFIX_PATH=${CMAKE_PREFIX_PATH}:/opt/ros/humble /usr/bin/cmake --install /home/rofida/RPOD_ws/build/system_launch
[0.391s] -- Install configuration: ""
[0.392s] -- Up-to-date: /home/rofida/RPOD_ws/install/system_launch/share/ament_index/resource_index/package_run_dependencies/system_launch
[0.394s] -- Up-to-date: /home/rofida/RPOD_ws/install/system_launch/share/ament_index/resource_index/parent_prefix_path/system_launch
[0.395s] -- Up-to-date: /home/rofida/RPOD_ws/install/system_launch/share/system_launch/environment/ament_prefix_path.sh
[0.395s] -- Up-to-date: /home/rofida/RPOD_ws/install/system_launch/share/system_launch/environment/ament_prefix_path.dsv
[0.396s] -- Up-to-date: /home/rofida/RPOD_ws/install/system_launch/share/system_launch/environment/path.sh
[0.397s] -- Up-to-date: /home/rofida/RPOD_ws/install/system_launch/share/system_launch/environment/path.dsv
[0.397s] -- Up-to-date: /home/rofida/RPOD_ws/install/system_launch/share/system_launch/local_setup.bash
[0.398s] -- Up-to-date: /home/rofida/RPOD_ws/install/system_launch/share/system_launch/local_setup.sh
[0.399s] -- Up-to-date: /home/rofida/RPOD_ws/install/system_launch/share/system_launch/local_setup.zsh
[0.400s] -- Up-to-date: /home/rofida/RPOD_ws/install/system_launch/share/system_launch/local_setup.dsv
[0.401s] -- Up-to-date: /home/rofida/RPOD_ws/install/system_launch/share/system_launch/package.dsv
[0.406s] -- Up-to-date: /home/rofida/RPOD_ws/install/system_launch/share/ament_index/resource_index/packages/system_launch
[0.409s] -- Up-to-date: /home/rofida/RPOD_ws/install/system_launch/share/system_launch/cmake/system_launchConfig.cmake
[0.410s] -- Up-to-date: /home/rofida/RPOD_ws/install/system_launch/share/system_launch/cmake/system_launchConfig-version.cmake
[0.411s] -- Up-to-date: /home/rofida/RPOD_ws/install/system_launch/share/system_launch/package.xml
[0.417s] Invoked command in '/home/rofida/RPOD_ws/build/system_launch' returned '0': CMAKE_PREFIX_PATH=${CMAKE_PREFIX_PATH}:/opt/ros/humble /usr/bin/cmake --install /home/rofida/RPOD_ws/build/system_launch
