[0.115s] Invoking command in '/home/rofida/RPOD_ws/build/statespace_chaser_mpc_ros2': CMAKE_PREFIX_PATH=${CMAKE_PREFIX_PATH}:/opt/ros/humble /usr/bin/cmake --build /home/rofida/RPOD_ws/build/statespace_chaser_mpc_ros2 -- -j12 -l12
[0.340s] [ 60%] Built target statespace_chaser_gen
[0.407s] [35m[1mConsolidate compiler generated dependencies of target mpc_controller_node[0m
[0.490s] [100%] Built target mpc_controller_node
[0.642s] Invoked command in '/home/rofida/RPOD_ws/build/statespace_chaser_mpc_ros2' returned '0': CMAKE_PREFIX_PATH=${CMAKE_PREFIX_PATH}:/opt/ros/humble /usr/bin/cmake --build /home/rofida/RPOD_ws/build/statespace_chaser_mpc_ros2 -- -j12 -l12
[0.655s] Invoking command in '/home/rofida/RPOD_ws/build/statespace_chaser_mpc_ros2': CMAKE_PREFIX_PATH=${CMAKE_PREFIX_PATH}:/opt/ros/humble /usr/bin/cmake --install /home/rofida/RPOD_ws/build/statespace_chaser_mpc_ros2
[0.722s] -- Install configuration: ""
[0.723s] -- Execute custom install script
[0.724s] -- Up-to-date symlink: /home/rofida/RPOD_ws/install/statespace_chaser_mpc_ros2/lib/statespace_chaser_mpc_ros2/mpc_controller_node
[0.726s] -- Up-to-date symlink: /home/rofida/RPOD_ws/install/statespace_chaser_mpc_ros2/share/statespace_chaser_mpc_ros2/launch/mpc_controller.launch.py
[0.727s] -- Up-to-date symlink: /home/rofida/RPOD_ws/install/statespace_chaser_mpc_ros2/share/ament_index/resource_index/package_run_dependencies/statespace_chaser_mpc_ros2
[0.728s] -- Up-to-date symlink: /home/rofida/RPOD_ws/install/statespace_chaser_mpc_ros2/share/ament_index/resource_index/parent_prefix_path/statespace_chaser_mpc_ros2
[0.729s] -- Up-to-date symlink: /home/rofida/RPOD_ws/install/statespace_chaser_mpc_ros2/share/statespace_chaser_mpc_ros2/environment/ament_prefix_path.sh
[0.729s] -- Up-to-date symlink: /home/rofida/RPOD_ws/install/statespace_chaser_mpc_ros2/share/statespace_chaser_mpc_ros2/environment/ament_prefix_path.dsv
[0.730s] -- Up-to-date symlink: /home/rofida/RPOD_ws/install/statespace_chaser_mpc_ros2/share/statespace_chaser_mpc_ros2/environment/path.sh
[0.731s] -- Up-to-date symlink: /home/rofida/RPOD_ws/install/statespace_chaser_mpc_ros2/share/statespace_chaser_mpc_ros2/environment/path.dsv
[0.732s] -- Up-to-date symlink: /home/rofida/RPOD_ws/install/statespace_chaser_mpc_ros2/share/statespace_chaser_mpc_ros2/local_setup.bash
[0.733s] -- Up-to-date symlink: /home/rofida/RPOD_ws/install/statespace_chaser_mpc_ros2/share/statespace_chaser_mpc_ros2/local_setup.sh
[0.733s] -- Up-to-date symlink: /home/rofida/RPOD_ws/install/statespace_chaser_mpc_ros2/share/statespace_chaser_mpc_ros2/local_setup.zsh
[0.734s] -- Up-to-date symlink: /home/rofida/RPOD_ws/install/statespace_chaser_mpc_ros2/share/statespace_chaser_mpc_ros2/local_setup.dsv
[0.735s] -- Symlinking: /home/rofida/RPOD_ws/install/statespace_chaser_mpc_ros2/share/statespace_chaser_mpc_ros2/package.dsv
[0.739s] -- Up-to-date symlink: /home/rofida/RPOD_ws/install/statespace_chaser_mpc_ros2/share/ament_index/resource_index/packages/statespace_chaser_mpc_ros2
[0.740s] -- Up-to-date symlink: /home/rofida/RPOD_ws/install/statespace_chaser_mpc_ros2/share/statespace_chaser_mpc_ros2/cmake/statespace_chaser_mpc_ros2Config.cmake
[0.741s] -- Up-to-date symlink: /home/rofida/RPOD_ws/install/statespace_chaser_mpc_ros2/share/statespace_chaser_mpc_ros2/cmake/statespace_chaser_mpc_ros2Config-version.cmake
[0.741s] -- Up-to-date symlink: /home/rofida/RPOD_ws/install/statespace_chaser_mpc_ros2/share/statespace_chaser_mpc_ros2/package.xml
[0.808s] Invoked command in '/home/rofida/RPOD_ws/build/statespace_chaser_mpc_ros2' returned '0': CMAKE_PREFIX_PATH=${CMAKE_PREFIX_PATH}:/opt/ros/humble /usr/bin/cmake --install /home/rofida/RPOD_ws/build/statespace_chaser_mpc_ros2
