[0.478s] DEBUG:colcon:Command line arguments: ['/usr/bin/colcon', 'build', '--packages-select', 'statespace_chaser_mpc_ros2', '--symlink-install']
[0.478s] DEBUG:colcon:Parsed command line arguments: Namespace(log_base=None, log_level=None, verb_name='build', build_base='build', install_base='install', merge_install=False, symlink_install=True, test_result_base=None, continue_on_error=False, executor='parallel', parallel_workers=12, event_handlers=None, ignore_user_meta=False, metas=['./colcon.meta'], base_paths=['.'], packages_ignore=None, packages_ignore_regex=None, paths=None, packages_up_to=None, packages_up_to_regex=None, packages_above=None, packages_above_and_dependencies=None, packages_above_depth=None, packages_select_by_dep=None, packages_skip_by_dep=None, packages_skip_up_to=None, packages_select_build_failed=False, packages_skip_build_finished=False, packages_select_test_failures=False, packages_skip_test_passed=False, packages_select=['statespace_chaser_mpc_ros2'], packages_skip=None, packages_select_regex=None, packages_skip_regex=None, packages_start=None, packages_end=None, allow_overriding=[], cmake_args=None, cmake_target=None, cmake_target_skip_unavailable=False, cmake_clean_cache=False, cmake_clean_first=False, cmake_force_configure=False, ament_cmake_args=None, catkin_cmake_args=None, catkin_skip_building_tests=False, mixin_files=None, mixin=None, verb_parser=<colcon_mixin.mixin.mixin_argument.MixinArgumentDecorator object at 0x7dd7eff5d870>, verb_extension=<colcon_core.verb.build.BuildVerb object at 0x7dd7eff5d3c0>, main=<bound method BuildVerb.main of <colcon_core.verb.build.BuildVerb object at 0x7dd7eff5d3c0>>, mixin_verb=('build',))
[1.217s] Level 1:colcon.colcon_core.package_discovery:discover_packages(colcon_meta) check parameters
[1.217s] Level 1:colcon.colcon_core.package_discovery:discover_packages(recursive) check parameters
[1.217s] Level 1:colcon.colcon_core.package_discovery:discover_packages(ignore) check parameters
[1.217s] Level 1:colcon.colcon_core.package_discovery:discover_packages(path) check parameters
[1.217s] Level 1:colcon.colcon_core.package_discovery:discover_packages(colcon_meta) discover
[1.218s] Level 1:colcon.colcon_core.package_discovery:discover_packages(recursive) discover
[1.218s] INFO:colcon.colcon_core.package_discovery:Crawling recursively for packages in '/home/rofida/RPOD_ws'
[1.218s] Level 1:colcon.colcon_core.package_identification:_identify(.) by extensions ['ignore', 'ignore_ament_install']
[1.219s] Level 1:colcon.colcon_core.package_identification:_identify(.) by extension 'ignore'
[1.219s] Level 1:colcon.colcon_core.package_identification:_identify(.) by extension 'ignore_ament_install'
[1.219s] Level 1:colcon.colcon_core.package_identification:_identify(.) by extensions ['colcon_pkg']
[1.219s] Level 1:colcon.colcon_core.package_identification:_identify(.) by extension 'colcon_pkg'
[1.219s] Level 1:colcon.colcon_core.package_identification:_identify(.) by extensions ['colcon_meta']
[1.220s] Level 1:colcon.colcon_core.package_identification:_identify(.) by extension 'colcon_meta'
[1.220s] Level 1:colcon.colcon_core.package_identification:_identify(.) by extensions ['ros']
[1.220s] Level 1:colcon.colcon_core.package_identification:_identify(.) by extension 'ros'
[1.265s] Level 1:colcon.colcon_core.package_identification:_identify(.) by extensions ['cmake', 'python']
[1.266s] Level 1:colcon.colcon_core.package_identification:_identify(.) by extension 'cmake'
[1.266s] Level 1:colcon.colcon_core.package_identification:_identify(.) by extension 'python'
[1.266s] Level 1:colcon.colcon_core.package_identification:_identify(.) by extensions ['python_setup_py']
[1.266s] Level 1:colcon.colcon_core.package_identification:_identify(.) by extension 'python_setup_py'
[1.267s] Level 1:colcon.colcon_core.package_identification:_identify(build) by extensions ['ignore', 'ignore_ament_install']
[1.267s] Level 1:colcon.colcon_core.package_identification:_identify(build) by extension 'ignore'
[1.267s] Level 1:colcon.colcon_core.package_identification:_identify(build) ignored
[1.268s] Level 1:colcon.colcon_core.package_identification:_identify(install) by extensions ['ignore', 'ignore_ament_install']
[1.268s] Level 1:colcon.colcon_core.package_identification:_identify(install) by extension 'ignore'
[1.268s] Level 1:colcon.colcon_core.package_identification:_identify(install) ignored
[1.269s] Level 1:colcon.colcon_core.package_identification:_identify(log) by extensions ['ignore', 'ignore_ament_install']
[1.269s] Level 1:colcon.colcon_core.package_identification:_identify(log) by extension 'ignore'
[1.269s] Level 1:colcon.colcon_core.package_identification:_identify(log) ignored
[1.270s] Level 1:colcon.colcon_core.package_identification:_identify(src) by extensions ['ignore', 'ignore_ament_install']
[1.270s] Level 1:colcon.colcon_core.package_identification:_identify(src) by extension 'ignore'
[1.270s] Level 1:colcon.colcon_core.package_identification:_identify(src) by extension 'ignore_ament_install'
[1.271s] Level 1:colcon.colcon_core.package_identification:_identify(src) by extensions ['colcon_pkg']
[1.271s] Level 1:colcon.colcon_core.package_identification:_identify(src) by extension 'colcon_pkg'
[1.271s] Level 1:colcon.colcon_core.package_identification:_identify(src) by extensions ['colcon_meta']
[1.271s] Level 1:colcon.colcon_core.package_identification:_identify(src) by extension 'colcon_meta'
[1.271s] Level 1:colcon.colcon_core.package_identification:_identify(src) by extensions ['ros']
[1.271s] Level 1:colcon.colcon_core.package_identification:_identify(src) by extension 'ros'
[1.272s] Level 1:colcon.colcon_core.package_identification:_identify(src) by extensions ['cmake', 'python']
[1.272s] Level 1:colcon.colcon_core.package_identification:_identify(src) by extension 'cmake'
[1.272s] Level 1:colcon.colcon_core.package_identification:_identify(src) by extension 'python'
[1.272s] Level 1:colcon.colcon_core.package_identification:_identify(src) by extensions ['python_setup_py']
[1.272s] Level 1:colcon.colcon_core.package_identification:_identify(src) by extension 'python_setup_py'
[1.273s] Level 1:colcon.colcon_core.package_identification:_identify(src/log) by extensions ['ignore', 'ignore_ament_install']
[1.273s] Level 1:colcon.colcon_core.package_identification:_identify(src/log) by extension 'ignore'
[1.273s] Level 1:colcon.colcon_core.package_identification:_identify(src/log) ignored
[1.274s] Level 1:colcon.colcon_core.package_identification:_identify(src/modelv2_mpc_limited_ros2) by extensions ['ignore', 'ignore_ament_install']
[1.274s] Level 1:colcon.colcon_core.package_identification:_identify(src/modelv2_mpc_limited_ros2) by extension 'ignore'
[1.274s] Level 1:colcon.colcon_core.package_identification:_identify(src/modelv2_mpc_limited_ros2) by extension 'ignore_ament_install'
[1.275s] Level 1:colcon.colcon_core.package_identification:_identify(src/modelv2_mpc_limited_ros2) by extensions ['colcon_pkg']
[1.275s] Level 1:colcon.colcon_core.package_identification:_identify(src/modelv2_mpc_limited_ros2) by extension 'colcon_pkg'
[1.275s] Level 1:colcon.colcon_core.package_identification:_identify(src/modelv2_mpc_limited_ros2) by extensions ['colcon_meta']
[1.275s] Level 1:colcon.colcon_core.package_identification:_identify(src/modelv2_mpc_limited_ros2) by extension 'colcon_meta'
[1.275s] Level 1:colcon.colcon_core.package_identification:_identify(src/modelv2_mpc_limited_ros2) by extensions ['ros']
[1.275s] Level 1:colcon.colcon_core.package_identification:_identify(src/modelv2_mpc_limited_ros2) by extension 'ros'
[1.286s] DEBUG:colcon.colcon_core.package_identification:Package 'src/modelv2_mpc_limited_ros2' with type 'ros.ament_cmake' and name 'modelv2_mpc_limited_ros2'
[1.287s] Level 1:colcon.colcon_core.package_identification:_identify(src/motor_uart_pkg) by extensions ['ignore', 'ignore_ament_install']
[1.288s] Level 1:colcon.colcon_core.package_identification:_identify(src/motor_uart_pkg) by extension 'ignore'
[1.288s] Level 1:colcon.colcon_core.package_identification:_identify(src/motor_uart_pkg) by extension 'ignore_ament_install'
[1.288s] Level 1:colcon.colcon_core.package_identification:_identify(src/motor_uart_pkg) by extensions ['colcon_pkg']
[1.288s] Level 1:colcon.colcon_core.package_identification:_identify(src/motor_uart_pkg) by extension 'colcon_pkg'
[1.289s] Level 1:colcon.colcon_core.package_identification:_identify(src/motor_uart_pkg) by extensions ['colcon_meta']
[1.289s] Level 1:colcon.colcon_core.package_identification:_identify(src/motor_uart_pkg) by extension 'colcon_meta'
[1.289s] Level 1:colcon.colcon_core.package_identification:_identify(src/motor_uart_pkg) by extensions ['ros']
[1.289s] Level 1:colcon.colcon_core.package_identification:_identify(src/motor_uart_pkg) by extension 'ros'
[1.292s] DEBUG:colcon.colcon_core.package_identification:Package 'src/motor_uart_pkg' with type 'ros.ament_cmake' and name 'motor_uart_pkg'
[1.293s] Level 1:colcon.colcon_core.package_identification:_identify(src/speed_processing) by extensions ['ignore', 'ignore_ament_install']
[1.293s] Level 1:colcon.colcon_core.package_identification:_identify(src/speed_processing) by extension 'ignore'
[1.293s] Level 1:colcon.colcon_core.package_identification:_identify(src/speed_processing) by extension 'ignore_ament_install'
[1.294s] Level 1:colcon.colcon_core.package_identification:_identify(src/speed_processing) by extensions ['colcon_pkg']
[1.294s] Level 1:colcon.colcon_core.package_identification:_identify(src/speed_processing) by extension 'colcon_pkg'
[1.294s] Level 1:colcon.colcon_core.package_identification:_identify(src/speed_processing) by extensions ['colcon_meta']
[1.294s] Level 1:colcon.colcon_core.package_identification:_identify(src/speed_processing) by extension 'colcon_meta'
[1.294s] Level 1:colcon.colcon_core.package_identification:_identify(src/speed_processing) by extensions ['ros']
[1.295s] Level 1:colcon.colcon_core.package_identification:_identify(src/speed_processing) by extension 'ros'
[1.297s] DEBUG:colcon.colcon_core.package_identification:Package 'src/speed_processing' with type 'ros.ament_cmake' and name 'speed_processing'
[1.298s] Level 1:colcon.colcon_core.package_identification:_identify(src/statespace_chaser_mpc_ros2) by extensions ['ignore', 'ignore_ament_install']
[1.298s] Level 1:colcon.colcon_core.package_identification:_identify(src/statespace_chaser_mpc_ros2) by extension 'ignore'
[1.298s] Level 1:colcon.colcon_core.package_identification:_identify(src/statespace_chaser_mpc_ros2) by extension 'ignore_ament_install'
[1.299s] Level 1:colcon.colcon_core.package_identification:_identify(src/statespace_chaser_mpc_ros2) by extensions ['colcon_pkg']
[1.299s] Level 1:colcon.colcon_core.package_identification:_identify(src/statespace_chaser_mpc_ros2) by extension 'colcon_pkg'
[1.299s] Level 1:colcon.colcon_core.package_identification:_identify(src/statespace_chaser_mpc_ros2) by extensions ['colcon_meta']
[1.299s] Level 1:colcon.colcon_core.package_identification:_identify(src/statespace_chaser_mpc_ros2) by extension 'colcon_meta'
[1.299s] Level 1:colcon.colcon_core.package_identification:_identify(src/statespace_chaser_mpc_ros2) by extensions ['ros']
[1.299s] Level 1:colcon.colcon_core.package_identification:_identify(src/statespace_chaser_mpc_ros2) by extension 'ros'
[1.303s] DEBUG:colcon.colcon_core.package_identification:Package 'src/statespace_chaser_mpc_ros2' with type 'ros.ament_cmake' and name 'statespace_chaser_mpc_ros2'
[1.303s] Level 1:colcon.colcon_core.package_discovery:discover_packages(recursive) using defaults
[1.303s] Level 1:colcon.colcon_core.package_discovery:discover_packages(ignore) discover
[1.303s] Level 1:colcon.colcon_core.package_discovery:discover_packages(ignore) using defaults
[1.304s] Level 1:colcon.colcon_core.package_discovery:discover_packages(path) discover
[1.304s] Level 1:colcon.colcon_core.package_discovery:discover_packages(path) using defaults
[1.413s] INFO:colcon.colcon_core.package_selection:Skipping not selected package 'modelv2_mpc_limited_ros2' in 'src/modelv2_mpc_limited_ros2'
[1.413s] INFO:colcon.colcon_core.package_selection:Skipping not selected package 'motor_uart_pkg' in 'src/motor_uart_pkg'
[1.413s] INFO:colcon.colcon_core.package_selection:Skipping not selected package 'speed_processing' in 'src/speed_processing'
[1.415s] Level 1:colcon.colcon_core.package_discovery:discover_packages(prefix_path) check parameters
[1.415s] Level 1:colcon.colcon_core.package_discovery:discover_packages(prefix_path) discover
[1.419s] WARNING:colcon.colcon_ros.prefix_path.ament:The path '/home/rofida/RPOD_ws/install/statespace_chaser_mpc_ros2' in the environment variable AMENT_PREFIX_PATH doesn't exist
[1.420s] WARNING:colcon.colcon_ros.prefix_path.catkin:The path '/home/rofida/RPOD_ws/install/statespace_chaser_mpc_ros2' in the environment variable CMAKE_PREFIX_PATH doesn't exist
[1.424s] DEBUG:colcon.colcon_installed_package_information.package_discovery:Found 6 installed packages in /home/rofida/RPOD_ws/install
[1.430s] DEBUG:colcon.colcon_installed_package_information.package_discovery:Found 287 installed packages in /opt/ros/humble
[1.436s] Level 1:colcon.colcon_core.package_discovery:discover_packages(prefix_path) using defaults
[1.609s] Level 5:colcon.colcon_core.verb:set package 'statespace_chaser_mpc_ros2' build argument 'cmake_args' from command line to 'None'
[1.609s] Level 5:colcon.colcon_core.verb:set package 'statespace_chaser_mpc_ros2' build argument 'cmake_target' from command line to 'None'
[1.610s] Level 5:colcon.colcon_core.verb:set package 'statespace_chaser_mpc_ros2' build argument 'cmake_target_skip_unavailable' from command line to 'False'
[1.610s] Level 5:colcon.colcon_core.verb:set package 'statespace_chaser_mpc_ros2' build argument 'cmake_clean_cache' from command line to 'False'
[1.610s] Level 5:colcon.colcon_core.verb:set package 'statespace_chaser_mpc_ros2' build argument 'cmake_clean_first' from command line to 'False'
[1.610s] Level 5:colcon.colcon_core.verb:set package 'statespace_chaser_mpc_ros2' build argument 'cmake_force_configure' from command line to 'False'
[1.610s] Level 5:colcon.colcon_core.verb:set package 'statespace_chaser_mpc_ros2' build argument 'ament_cmake_args' from command line to 'None'
[1.610s] Level 5:colcon.colcon_core.verb:set package 'statespace_chaser_mpc_ros2' build argument 'catkin_cmake_args' from command line to 'None'
[1.610s] Level 5:colcon.colcon_core.verb:set package 'statespace_chaser_mpc_ros2' build argument 'catkin_skip_building_tests' from command line to 'False'
[1.610s] DEBUG:colcon.colcon_core.verb:Building package 'statespace_chaser_mpc_ros2' with the following arguments: {'ament_cmake_args': None, 'build_base': '/home/rofida/RPOD_ws/build/statespace_chaser_mpc_ros2', 'catkin_cmake_args': None, 'catkin_skip_building_tests': False, 'cmake_args': None, 'cmake_clean_cache': False, 'cmake_clean_first': False, 'cmake_force_configure': False, 'cmake_target': None, 'cmake_target_skip_unavailable': False, 'install_base': '/home/rofida/RPOD_ws/install/statespace_chaser_mpc_ros2', 'merge_install': False, 'path': '/home/rofida/RPOD_ws/src/statespace_chaser_mpc_ros2', 'symlink_install': True, 'test_result_base': None}
[1.611s] INFO:colcon.colcon_core.executor:Executing jobs using 'parallel' executor
[1.614s] DEBUG:colcon.colcon_parallel_executor.executor.parallel:run_until_complete
[1.615s] INFO:colcon.colcon_ros.task.ament_cmake.build:Building ROS package in '/home/rofida/RPOD_ws/src/statespace_chaser_mpc_ros2' with build type 'ament_cmake'
[1.615s] INFO:colcon.colcon_cmake.task.cmake.build:Building CMake package in '/home/rofida/RPOD_ws/src/statespace_chaser_mpc_ros2'
[1.624s] INFO:colcon.colcon_core.plugin_system:Skipping extension 'colcon_core.shell.bat': Not used on non-Windows systems
[1.624s] INFO:colcon.colcon_core.shell:Skip shell extension 'powershell' for command environment: Not usable outside of PowerShell
[1.625s] DEBUG:colcon.colcon_core.shell:Skip shell extension 'dsv' for command environment
[1.657s] DEBUG:colcon.colcon_core.event_handler.log_command:Invoking command in '/home/rofida/RPOD_ws/build/statespace_chaser_mpc_ros2': CMAKE_PREFIX_PATH=${CMAKE_PREFIX_PATH}:/opt/ros/humble /usr/bin/cmake /home/rofida/RPOD_ws/src/statespace_chaser_mpc_ros2 -DAMENT_CMAKE_SYMLINK_INSTALL=1 -DCMAKE_INSTALL_PREFIX=/home/rofida/RPOD_ws/install/statespace_chaser_mpc_ros2
[7.775s] DEBUG:colcon.colcon_core.event_handler.log_command:Invoked command in '/home/rofida/RPOD_ws/build/statespace_chaser_mpc_ros2' returned '0': CMAKE_PREFIX_PATH=${CMAKE_PREFIX_PATH}:/opt/ros/humble /usr/bin/cmake /home/rofida/RPOD_ws/src/statespace_chaser_mpc_ros2 -DAMENT_CMAKE_SYMLINK_INSTALL=1 -DCMAKE_INSTALL_PREFIX=/home/rofida/RPOD_ws/install/statespace_chaser_mpc_ros2
[7.783s] DEBUG:colcon.colcon_core.event_handler.log_command:Invoking command in '/home/rofida/RPOD_ws/build/statespace_chaser_mpc_ros2': CMAKE_PREFIX_PATH=${CMAKE_PREFIX_PATH}:/opt/ros/humble /usr/bin/cmake --build /home/rofida/RPOD_ws/build/statespace_chaser_mpc_ros2 -- -j12 -l12
[45.374s] DEBUG:colcon.colcon_core.event_handler.log_command:Invoked command in '/home/rofida/RPOD_ws/build/statespace_chaser_mpc_ros2' returned '0': CMAKE_PREFIX_PATH=${CMAKE_PREFIX_PATH}:/opt/ros/humble /usr/bin/cmake --build /home/rofida/RPOD_ws/build/statespace_chaser_mpc_ros2 -- -j12 -l12
[45.414s] DEBUG:colcon.colcon_core.event_handler.log_command:Invoking command in '/home/rofida/RPOD_ws/build/statespace_chaser_mpc_ros2': CMAKE_PREFIX_PATH=${CMAKE_PREFIX_PATH}:/opt/ros/humble /usr/bin/cmake --install /home/rofida/RPOD_ws/build/statespace_chaser_mpc_ros2
[46.034s] Level 1:colcon.colcon_core.environment:create_environment_scripts_only(statespace_chaser_mpc_ros2)
[46.036s] DEBUG:colcon.colcon_core.event_handler.log_command:Invoked command in '/home/rofida/RPOD_ws/build/statespace_chaser_mpc_ros2' returned '0': CMAKE_PREFIX_PATH=${CMAKE_PREFIX_PATH}:/opt/ros/humble /usr/bin/cmake --install /home/rofida/RPOD_ws/build/statespace_chaser_mpc_ros2
[46.045s] Level 1:colcon.colcon_core.environment:checking '/home/rofida/RPOD_ws/install/statespace_chaser_mpc_ros2' for CMake module files
[46.047s] Level 1:colcon.colcon_core.environment:checking '/home/rofida/RPOD_ws/install/statespace_chaser_mpc_ros2' for CMake config files
[46.048s] Level 1:colcon.colcon_core.shell:create_environment_hook('statespace_chaser_mpc_ros2', 'cmake_prefix_path')
[46.049s] INFO:colcon.colcon_core.shell:Creating environment hook '/home/rofida/RPOD_ws/install/statespace_chaser_mpc_ros2/share/statespace_chaser_mpc_ros2/hook/cmake_prefix_path.ps1'
[46.051s] INFO:colcon.colcon_core.shell:Creating environment descriptor '/home/rofida/RPOD_ws/install/statespace_chaser_mpc_ros2/share/statespace_chaser_mpc_ros2/hook/cmake_prefix_path.dsv'
[46.053s] INFO:colcon.colcon_core.shell:Creating environment hook '/home/rofida/RPOD_ws/install/statespace_chaser_mpc_ros2/share/statespace_chaser_mpc_ros2/hook/cmake_prefix_path.sh'
[46.056s] Level 1:colcon.colcon_core.environment:checking '/home/rofida/RPOD_ws/install/statespace_chaser_mpc_ros2/lib'
[46.057s] Level 1:colcon.colcon_core.environment:checking '/home/rofida/RPOD_ws/install/statespace_chaser_mpc_ros2/bin'
[46.057s] Level 1:colcon.colcon_core.environment:checking '/home/rofida/RPOD_ws/install/statespace_chaser_mpc_ros2/lib/pkgconfig/statespace_chaser_mpc_ros2.pc'
[46.058s] Level 1:colcon.colcon_core.environment:checking '/home/rofida/RPOD_ws/install/statespace_chaser_mpc_ros2/lib/python3.10/site-packages'
[46.060s] Level 1:colcon.colcon_core.environment:checking '/home/rofida/RPOD_ws/install/statespace_chaser_mpc_ros2/bin'
[46.061s] INFO:colcon.colcon_core.shell:Creating package script '/home/rofida/RPOD_ws/install/statespace_chaser_mpc_ros2/share/statespace_chaser_mpc_ros2/package.ps1'
[46.064s] INFO:colcon.colcon_core.shell:Creating package descriptor '/home/rofida/RPOD_ws/install/statespace_chaser_mpc_ros2/share/statespace_chaser_mpc_ros2/package.dsv'
[46.066s] INFO:colcon.colcon_core.shell:Creating package script '/home/rofida/RPOD_ws/install/statespace_chaser_mpc_ros2/share/statespace_chaser_mpc_ros2/package.sh'
[46.069s] INFO:colcon.colcon_core.shell:Creating package script '/home/rofida/RPOD_ws/install/statespace_chaser_mpc_ros2/share/statespace_chaser_mpc_ros2/package.bash'
[46.072s] INFO:colcon.colcon_core.shell:Creating package script '/home/rofida/RPOD_ws/install/statespace_chaser_mpc_ros2/share/statespace_chaser_mpc_ros2/package.zsh'
[46.074s] Level 1:colcon.colcon_core.environment:create_file_with_runtime_dependencies(/home/rofida/RPOD_ws/install/statespace_chaser_mpc_ros2/share/colcon-core/packages/statespace_chaser_mpc_ros2)
[46.077s] Level 1:colcon.colcon_core.environment:create_environment_scripts_only(statespace_chaser_mpc_ros2)
[46.077s] Level 1:colcon.colcon_core.environment:checking '/home/rofida/RPOD_ws/install/statespace_chaser_mpc_ros2' for CMake module files
[46.079s] Level 1:colcon.colcon_core.environment:checking '/home/rofida/RPOD_ws/install/statespace_chaser_mpc_ros2' for CMake config files
[46.080s] Level 1:colcon.colcon_core.shell:create_environment_hook('statespace_chaser_mpc_ros2', 'cmake_prefix_path')
[46.081s] INFO:colcon.colcon_core.shell:Creating environment hook '/home/rofida/RPOD_ws/install/statespace_chaser_mpc_ros2/share/statespace_chaser_mpc_ros2/hook/cmake_prefix_path.ps1'
[46.083s] INFO:colcon.colcon_core.shell:Creating environment descriptor '/home/rofida/RPOD_ws/install/statespace_chaser_mpc_ros2/share/statespace_chaser_mpc_ros2/hook/cmake_prefix_path.dsv'
[46.084s] INFO:colcon.colcon_core.shell:Creating environment hook '/home/rofida/RPOD_ws/install/statespace_chaser_mpc_ros2/share/statespace_chaser_mpc_ros2/hook/cmake_prefix_path.sh'
[46.087s] Level 1:colcon.colcon_core.environment:checking '/home/rofida/RPOD_ws/install/statespace_chaser_mpc_ros2/lib'
[46.087s] Level 1:colcon.colcon_core.environment:checking '/home/rofida/RPOD_ws/install/statespace_chaser_mpc_ros2/bin'
[46.088s] Level 1:colcon.colcon_core.environment:checking '/home/rofida/RPOD_ws/install/statespace_chaser_mpc_ros2/lib/pkgconfig/statespace_chaser_mpc_ros2.pc'
[46.088s] Level 1:colcon.colcon_core.environment:checking '/home/rofida/RPOD_ws/install/statespace_chaser_mpc_ros2/lib/python3.10/site-packages'
[46.090s] Level 1:colcon.colcon_core.environment:checking '/home/rofida/RPOD_ws/install/statespace_chaser_mpc_ros2/bin'
[46.091s] INFO:colcon.colcon_core.shell:Creating package script '/home/rofida/RPOD_ws/install/statespace_chaser_mpc_ros2/share/statespace_chaser_mpc_ros2/package.ps1'
[46.093s] INFO:colcon.colcon_core.shell:Creating package descriptor '/home/rofida/RPOD_ws/install/statespace_chaser_mpc_ros2/share/statespace_chaser_mpc_ros2/package.dsv'
[46.095s] INFO:colcon.colcon_core.shell:Creating package script '/home/rofida/RPOD_ws/install/statespace_chaser_mpc_ros2/share/statespace_chaser_mpc_ros2/package.sh'
[46.097s] INFO:colcon.colcon_core.shell:Creating package script '/home/rofida/RPOD_ws/install/statespace_chaser_mpc_ros2/share/statespace_chaser_mpc_ros2/package.bash'
[46.098s] INFO:colcon.colcon_core.shell:Creating package script '/home/rofida/RPOD_ws/install/statespace_chaser_mpc_ros2/share/statespace_chaser_mpc_ros2/package.zsh'
[46.100s] Level 1:colcon.colcon_core.environment:create_file_with_runtime_dependencies(/home/rofida/RPOD_ws/install/statespace_chaser_mpc_ros2/share/colcon-core/packages/statespace_chaser_mpc_ros2)
[46.101s] DEBUG:colcon.colcon_parallel_executor.executor.parallel:closing loop
[46.102s] DEBUG:colcon.colcon_parallel_executor.executor.parallel:loop closed
[46.102s] DEBUG:colcon.colcon_parallel_executor.executor.parallel:run_until_complete finished with '0'
[46.103s] DEBUG:colcon.colcon_core.event_reactor:joining thread
[46.126s] INFO:colcon.colcon_core.plugin_system:Skipping extension 'colcon_notification.desktop_notification.terminal_notifier': Not used on non-Darwin systems
[46.126s] INFO:colcon.colcon_core.plugin_system:Skipping extension 'colcon_notification.desktop_notification.win32': Not used on non-Windows systems
[46.127s] INFO:colcon.colcon_notification.desktop_notification:Sending desktop notification using 'notify2'
[46.170s] DEBUG:colcon.colcon_core.event_reactor:joined thread
[46.172s] INFO:colcon.colcon_core.shell:Creating prefix script '/home/rofida/RPOD_ws/install/local_setup.ps1'
[46.176s] INFO:colcon.colcon_core.shell:Creating prefix util module '/home/rofida/RPOD_ws/install/_local_setup_util_ps1.py'
[46.182s] INFO:colcon.colcon_core.shell:Creating prefix chain script '/home/rofida/RPOD_ws/install/setup.ps1'
[46.188s] INFO:colcon.colcon_core.shell:Creating prefix script '/home/rofida/RPOD_ws/install/local_setup.sh'
[46.191s] INFO:colcon.colcon_core.shell:Creating prefix util module '/home/rofida/RPOD_ws/install/_local_setup_util_sh.py'
[46.193s] INFO:colcon.colcon_core.shell:Creating prefix chain script '/home/rofida/RPOD_ws/install/setup.sh'
[46.198s] INFO:colcon.colcon_core.shell:Creating prefix script '/home/rofida/RPOD_ws/install/local_setup.bash'
[46.201s] INFO:colcon.colcon_core.shell:Creating prefix chain script '/home/rofida/RPOD_ws/install/setup.bash'
[46.206s] INFO:colcon.colcon_core.shell:Creating prefix script '/home/rofida/RPOD_ws/install/local_setup.zsh'
[46.208s] INFO:colcon.colcon_core.shell:Creating prefix chain script '/home/rofida/RPOD_ws/install/setup.zsh'
