[1.018s] DEBUG:colcon:Command line arguments: ['/usr/bin/colcon', 'build']
[1.018s] DEBUG:colcon:Parsed command line arguments: Namespace(log_base=None, log_level=None, verb_name='build', build_base='build', install_base='install', merge_install=False, symlink_install=False, test_result_base=None, continue_on_error=False, executor='parallel', parallel_workers=12, event_handlers=None, ignore_user_meta=False, metas=['./colcon.meta'], base_paths=['.'], packages_ignore=None, packages_ignore_regex=None, paths=None, packages_up_to=None, packages_up_to_regex=None, packages_above=None, packages_above_and_dependencies=None, packages_above_depth=None, packages_select_by_dep=None, packages_skip_by_dep=None, packages_skip_up_to=None, packages_select_build_failed=False, packages_skip_build_finished=False, packages_select_test_failures=False, packages_skip_test_passed=False, packages_select=None, packages_skip=None, packages_select_regex=None, packages_skip_regex=None, packages_start=None, packages_end=None, allow_overriding=[], cmake_args=None, cmake_target=None, cmake_target_skip_unavailable=False, cmake_clean_cache=False, cmake_clean_first=False, cmake_force_configure=False, ament_cmake_args=None, catkin_cmake_args=None, catkin_skip_building_tests=False, mixin_files=None, mixin=None, verb_parser=<colcon_mixin.mixin.mixin_argument.MixinArgumentDecorator object at 0x713eac909840>, verb_extension=<colcon_core.verb.build.BuildVerb object at 0x713eac909390>, main=<bound method BuildVerb.main of <colcon_core.verb.build.BuildVerb object at 0x713eac909390>>, mixin_verb=('build',))
[2.086s] Level 1:colcon.colcon_core.package_discovery:discover_packages(colcon_meta) check parameters
[2.086s] Level 1:colcon.colcon_core.package_discovery:discover_packages(recursive) check parameters
[2.087s] Level 1:colcon.colcon_core.package_discovery:discover_packages(ignore) check parameters
[2.087s] Level 1:colcon.colcon_core.package_discovery:discover_packages(path) check parameters
[2.087s] Level 1:colcon.colcon_core.package_discovery:discover_packages(colcon_meta) discover
[2.087s] Level 1:colcon.colcon_core.package_discovery:discover_packages(recursive) discover
[2.087s] INFO:colcon.colcon_core.package_discovery:Crawling recursively for packages in '/home/rofida/RPOD_ws'
[2.088s] Level 1:colcon.colcon_core.package_identification:_identify(.) by extensions ['ignore', 'ignore_ament_install']
[2.088s] Level 1:colcon.colcon_core.package_identification:_identify(.) by extension 'ignore'
[2.088s] Level 1:colcon.colcon_core.package_identification:_identify(.) by extension 'ignore_ament_install'
[2.088s] Level 1:colcon.colcon_core.package_identification:_identify(.) by extensions ['colcon_pkg']
[2.089s] Level 1:colcon.colcon_core.package_identification:_identify(.) by extension 'colcon_pkg'
[2.089s] Level 1:colcon.colcon_core.package_identification:_identify(.) by extensions ['colcon_meta']
[2.089s] Level 1:colcon.colcon_core.package_identification:_identify(.) by extension 'colcon_meta'
[2.089s] Level 1:colcon.colcon_core.package_identification:_identify(.) by extensions ['ros']
[2.089s] Level 1:colcon.colcon_core.package_identification:_identify(.) by extension 'ros'
[2.141s] Level 1:colcon.colcon_core.package_identification:_identify(.) by extensions ['cmake', 'python']
[2.142s] Level 1:colcon.colcon_core.package_identification:_identify(.) by extension 'cmake'
[2.142s] Level 1:colcon.colcon_core.package_identification:_identify(.) by extension 'python'
[2.142s] Level 1:colcon.colcon_core.package_identification:_identify(.) by extensions ['python_setup_py']
[2.142s] Level 1:colcon.colcon_core.package_identification:_identify(.) by extension 'python_setup_py'
[2.143s] Level 1:colcon.colcon_core.package_identification:_identify(build) by extensions ['ignore', 'ignore_ament_install']
[2.143s] Level 1:colcon.colcon_core.package_identification:_identify(build) by extension 'ignore'
[2.143s] Level 1:colcon.colcon_core.package_identification:_identify(build) ignored
[2.144s] Level 1:colcon.colcon_core.package_identification:_identify(install) by extensions ['ignore', 'ignore_ament_install']
[2.144s] Level 1:colcon.colcon_core.package_identification:_identify(install) by extension 'ignore'
[2.145s] Level 1:colcon.colcon_core.package_identification:_identify(install) ignored
[2.145s] Level 1:colcon.colcon_core.package_identification:_identify(log) by extensions ['ignore', 'ignore_ament_install']
[2.145s] Level 1:colcon.colcon_core.package_identification:_identify(log) by extension 'ignore'
[2.146s] Level 1:colcon.colcon_core.package_identification:_identify(log) ignored
[2.146s] Level 1:colcon.colcon_core.package_identification:_identify(src) by extensions ['ignore', 'ignore_ament_install']
[2.146s] Level 1:colcon.colcon_core.package_identification:_identify(src) by extension 'ignore'
[2.147s] Level 1:colcon.colcon_core.package_identification:_identify(src) by extension 'ignore_ament_install'
[2.147s] Level 1:colcon.colcon_core.package_identification:_identify(src) by extensions ['colcon_pkg']
[2.147s] Level 1:colcon.colcon_core.package_identification:_identify(src) by extension 'colcon_pkg'
[2.147s] Level 1:colcon.colcon_core.package_identification:_identify(src) by extensions ['colcon_meta']
[2.147s] Level 1:colcon.colcon_core.package_identification:_identify(src) by extension 'colcon_meta'
[2.147s] Level 1:colcon.colcon_core.package_identification:_identify(src) by extensions ['ros']
[2.148s] Level 1:colcon.colcon_core.package_identification:_identify(src) by extension 'ros'
[2.148s] Level 1:colcon.colcon_core.package_identification:_identify(src) by extensions ['cmake', 'python']
[2.148s] Level 1:colcon.colcon_core.package_identification:_identify(src) by extension 'cmake'
[2.148s] Level 1:colcon.colcon_core.package_identification:_identify(src) by extension 'python'
[2.149s] Level 1:colcon.colcon_core.package_identification:_identify(src) by extensions ['python_setup_py']
[2.149s] Level 1:colcon.colcon_core.package_identification:_identify(src) by extension 'python_setup_py'
[2.149s] Level 1:colcon.colcon_core.package_identification:_identify(src/log) by extensions ['ignore', 'ignore_ament_install']
[2.149s] Level 1:colcon.colcon_core.package_identification:_identify(src/log) by extension 'ignore'
[2.150s] Level 1:colcon.colcon_core.package_identification:_identify(src/log) ignored
[2.150s] Level 1:colcon.colcon_core.package_identification:_identify(src/modelv2_mpc_limited_ros2) by extensions ['ignore', 'ignore_ament_install']
[2.150s] Level 1:colcon.colcon_core.package_identification:_identify(src/modelv2_mpc_limited_ros2) by extension 'ignore'
[2.151s] Level 1:colcon.colcon_core.package_identification:_identify(src/modelv2_mpc_limited_ros2) by extension 'ignore_ament_install'
[2.151s] Level 1:colcon.colcon_core.package_identification:_identify(src/modelv2_mpc_limited_ros2) by extensions ['colcon_pkg']
[2.151s] Level 1:colcon.colcon_core.package_identification:_identify(src/modelv2_mpc_limited_ros2) by extension 'colcon_pkg'
[2.151s] Level 1:colcon.colcon_core.package_identification:_identify(src/modelv2_mpc_limited_ros2) by extensions ['colcon_meta']
[2.151s] Level 1:colcon.colcon_core.package_identification:_identify(src/modelv2_mpc_limited_ros2) by extension 'colcon_meta'
[2.152s] Level 1:colcon.colcon_core.package_identification:_identify(src/modelv2_mpc_limited_ros2) by extensions ['ros']
[2.152s] Level 1:colcon.colcon_core.package_identification:_identify(src/modelv2_mpc_limited_ros2) by extension 'ros'
[2.165s] DEBUG:colcon.colcon_core.package_identification:Package 'src/modelv2_mpc_limited_ros2' with type 'ros.ament_cmake' and name 'modelv2_mpc_limited_ros2'
[2.166s] Level 1:colcon.colcon_core.package_identification:_identify(src/motor_uart_pkg) by extensions ['ignore', 'ignore_ament_install']
[2.166s] Level 1:colcon.colcon_core.package_identification:_identify(src/motor_uart_pkg) by extension 'ignore'
[2.166s] Level 1:colcon.colcon_core.package_identification:_identify(src/motor_uart_pkg) by extension 'ignore_ament_install'
[2.167s] Level 1:colcon.colcon_core.package_identification:_identify(src/motor_uart_pkg) by extensions ['colcon_pkg']
[2.167s] Level 1:colcon.colcon_core.package_identification:_identify(src/motor_uart_pkg) by extension 'colcon_pkg'
[2.167s] Level 1:colcon.colcon_core.package_identification:_identify(src/motor_uart_pkg) by extensions ['colcon_meta']
[2.167s] Level 1:colcon.colcon_core.package_identification:_identify(src/motor_uart_pkg) by extension 'colcon_meta'
[2.167s] Level 1:colcon.colcon_core.package_identification:_identify(src/motor_uart_pkg) by extensions ['ros']
[2.167s] Level 1:colcon.colcon_core.package_identification:_identify(src/motor_uart_pkg) by extension 'ros'
[2.171s] DEBUG:colcon.colcon_core.package_identification:Package 'src/motor_uart_pkg' with type 'ros.ament_cmake' and name 'motor_uart_pkg'
[2.172s] Level 1:colcon.colcon_core.package_identification:_identify(src/speed_processing) by extensions ['ignore', 'ignore_ament_install']
[2.172s] Level 1:colcon.colcon_core.package_identification:_identify(src/speed_processing) by extension 'ignore'
[2.172s] Level 1:colcon.colcon_core.package_identification:_identify(src/speed_processing) by extension 'ignore_ament_install'
[2.173s] Level 1:colcon.colcon_core.package_identification:_identify(src/speed_processing) by extensions ['colcon_pkg']
[2.173s] Level 1:colcon.colcon_core.package_identification:_identify(src/speed_processing) by extension 'colcon_pkg'
[2.173s] Level 1:colcon.colcon_core.package_identification:_identify(src/speed_processing) by extensions ['colcon_meta']
[2.173s] Level 1:colcon.colcon_core.package_identification:_identify(src/speed_processing) by extension 'colcon_meta'
[2.173s] Level 1:colcon.colcon_core.package_identification:_identify(src/speed_processing) by extensions ['ros']
[2.174s] Level 1:colcon.colcon_core.package_identification:_identify(src/speed_processing) by extension 'ros'
[2.177s] DEBUG:colcon.colcon_core.package_identification:Package 'src/speed_processing' with type 'ros.ament_cmake' and name 'speed_processing'
[2.177s] Level 1:colcon.colcon_core.package_identification:_identify(src/statespace_chaser_mpc_ros2) by extensions ['ignore', 'ignore_ament_install']
[2.178s] Level 1:colcon.colcon_core.package_identification:_identify(src/statespace_chaser_mpc_ros2) by extension 'ignore'
[2.178s] Level 1:colcon.colcon_core.package_identification:_identify(src/statespace_chaser_mpc_ros2) by extension 'ignore_ament_install'
[2.178s] Level 1:colcon.colcon_core.package_identification:_identify(src/statespace_chaser_mpc_ros2) by extensions ['colcon_pkg']
[2.178s] Level 1:colcon.colcon_core.package_identification:_identify(src/statespace_chaser_mpc_ros2) by extension 'colcon_pkg'
[2.179s] Level 1:colcon.colcon_core.package_identification:_identify(src/statespace_chaser_mpc_ros2) by extensions ['colcon_meta']
[2.179s] Level 1:colcon.colcon_core.package_identification:_identify(src/statespace_chaser_mpc_ros2) by extension 'colcon_meta'
[2.179s] Level 1:colcon.colcon_core.package_identification:_identify(src/statespace_chaser_mpc_ros2) by extensions ['ros']
[2.179s] Level 1:colcon.colcon_core.package_identification:_identify(src/statespace_chaser_mpc_ros2) by extension 'ros'
[2.183s] DEBUG:colcon.colcon_core.package_identification:Package 'src/statespace_chaser_mpc_ros2' with type 'ros.ament_cmake' and name 'statespace_chaser_mpc_ros2'
[2.184s] Level 1:colcon.colcon_core.package_discovery:discover_packages(recursive) using defaults
[2.184s] Level 1:colcon.colcon_core.package_discovery:discover_packages(ignore) discover
[2.184s] Level 1:colcon.colcon_core.package_discovery:discover_packages(ignore) using defaults
[2.184s] Level 1:colcon.colcon_core.package_discovery:discover_packages(path) discover
[2.184s] Level 1:colcon.colcon_core.package_discovery:discover_packages(path) using defaults
[2.328s] Level 1:colcon.colcon_core.package_discovery:discover_packages(prefix_path) check parameters
[2.328s] Level 1:colcon.colcon_core.package_discovery:discover_packages(prefix_path) discover
[2.341s] DEBUG:colcon.colcon_installed_package_information.package_discovery:Found 7 installed packages in /home/rofida/RPOD_ws/install
[2.347s] DEBUG:colcon.colcon_installed_package_information.package_discovery:Found 287 installed packages in /opt/ros/humble
[2.354s] Level 1:colcon.colcon_core.package_discovery:discover_packages(prefix_path) using defaults
[2.562s] Level 5:colcon.colcon_core.verb:set package 'modelv2_mpc_limited_ros2' build argument 'cmake_args' from command line to 'None'
[2.562s] Level 5:colcon.colcon_core.verb:set package 'modelv2_mpc_limited_ros2' build argument 'cmake_target' from command line to 'None'
[2.562s] Level 5:colcon.colcon_core.verb:set package 'modelv2_mpc_limited_ros2' build argument 'cmake_target_skip_unavailable' from command line to 'False'
[2.562s] Level 5:colcon.colcon_core.verb:set package 'modelv2_mpc_limited_ros2' build argument 'cmake_clean_cache' from command line to 'False'
[2.562s] Level 5:colcon.colcon_core.verb:set package 'modelv2_mpc_limited_ros2' build argument 'cmake_clean_first' from command line to 'False'
[2.562s] Level 5:colcon.colcon_core.verb:set package 'modelv2_mpc_limited_ros2' build argument 'cmake_force_configure' from command line to 'False'
[2.563s] Level 5:colcon.colcon_core.verb:set package 'modelv2_mpc_limited_ros2' build argument 'ament_cmake_args' from command line to 'None'
[2.563s] Level 5:colcon.colcon_core.verb:set package 'modelv2_mpc_limited_ros2' build argument 'catkin_cmake_args' from command line to 'None'
[2.563s] Level 5:colcon.colcon_core.verb:set package 'modelv2_mpc_limited_ros2' build argument 'catkin_skip_building_tests' from command line to 'False'
[2.563s] DEBUG:colcon.colcon_core.verb:Building package 'modelv2_mpc_limited_ros2' with the following arguments: {'ament_cmake_args': None, 'build_base': '/home/rofida/RPOD_ws/build/modelv2_mpc_limited_ros2', 'catkin_cmake_args': None, 'catkin_skip_building_tests': False, 'cmake_args': None, 'cmake_clean_cache': False, 'cmake_clean_first': False, 'cmake_force_configure': False, 'cmake_target': None, 'cmake_target_skip_unavailable': False, 'install_base': '/home/rofida/RPOD_ws/install/modelv2_mpc_limited_ros2', 'merge_install': False, 'path': '/home/rofida/RPOD_ws/src/modelv2_mpc_limited_ros2', 'symlink_install': False, 'test_result_base': None}
[2.564s] Level 5:colcon.colcon_core.verb:set package 'motor_uart_pkg' build argument 'cmake_args' from command line to 'None'
[2.565s] Level 5:colcon.colcon_core.verb:set package 'motor_uart_pkg' build argument 'cmake_target' from command line to 'None'
[2.565s] Level 5:colcon.colcon_core.verb:set package 'motor_uart_pkg' build argument 'cmake_target_skip_unavailable' from command line to 'False'
[2.565s] Level 5:colcon.colcon_core.verb:set package 'motor_uart_pkg' build argument 'cmake_clean_cache' from command line to 'False'
[2.565s] Level 5:colcon.colcon_core.verb:set package 'motor_uart_pkg' build argument 'cmake_clean_first' from command line to 'False'
[2.565s] Level 5:colcon.colcon_core.verb:set package 'motor_uart_pkg' build argument 'cmake_force_configure' from command line to 'False'
[2.565s] Level 5:colcon.colcon_core.verb:set package 'motor_uart_pkg' build argument 'ament_cmake_args' from command line to 'None'
[2.565s] Level 5:colcon.colcon_core.verb:set package 'motor_uart_pkg' build argument 'catkin_cmake_args' from command line to 'None'
[2.565s] Level 5:colcon.colcon_core.verb:set package 'motor_uart_pkg' build argument 'catkin_skip_building_tests' from command line to 'False'
[2.566s] DEBUG:colcon.colcon_core.verb:Building package 'motor_uart_pkg' with the following arguments: {'ament_cmake_args': None, 'build_base': '/home/rofida/RPOD_ws/build/motor_uart_pkg', 'catkin_cmake_args': None, 'catkin_skip_building_tests': False, 'cmake_args': None, 'cmake_clean_cache': False, 'cmake_clean_first': False, 'cmake_force_configure': False, 'cmake_target': None, 'cmake_target_skip_unavailable': False, 'install_base': '/home/rofida/RPOD_ws/install/motor_uart_pkg', 'merge_install': False, 'path': '/home/rofida/RPOD_ws/src/motor_uart_pkg', 'symlink_install': False, 'test_result_base': None}
[2.567s] Level 5:colcon.colcon_core.verb:set package 'speed_processing' build argument 'cmake_args' from command line to 'None'
[2.567s] Level 5:colcon.colcon_core.verb:set package 'speed_processing' build argument 'cmake_target' from command line to 'None'
[2.567s] Level 5:colcon.colcon_core.verb:set package 'speed_processing' build argument 'cmake_target_skip_unavailable' from command line to 'False'
[2.567s] Level 5:colcon.colcon_core.verb:set package 'speed_processing' build argument 'cmake_clean_cache' from command line to 'False'
[2.568s] Level 5:colcon.colcon_core.verb:set package 'speed_processing' build argument 'cmake_clean_first' from command line to 'False'
[2.568s] Level 5:colcon.colcon_core.verb:set package 'speed_processing' build argument 'cmake_force_configure' from command line to 'False'
[2.568s] Level 5:colcon.colcon_core.verb:set package 'speed_processing' build argument 'ament_cmake_args' from command line to 'None'
[2.568s] Level 5:colcon.colcon_core.verb:set package 'speed_processing' build argument 'catkin_cmake_args' from command line to 'None'
[2.568s] Level 5:colcon.colcon_core.verb:set package 'speed_processing' build argument 'catkin_skip_building_tests' from command line to 'False'
[2.568s] DEBUG:colcon.colcon_core.verb:Building package 'speed_processing' with the following arguments: {'ament_cmake_args': None, 'build_base': '/home/rofida/RPOD_ws/build/speed_processing', 'catkin_cmake_args': None, 'catkin_skip_building_tests': False, 'cmake_args': None, 'cmake_clean_cache': False, 'cmake_clean_first': False, 'cmake_force_configure': False, 'cmake_target': None, 'cmake_target_skip_unavailable': False, 'install_base': '/home/rofida/RPOD_ws/install/speed_processing', 'merge_install': False, 'path': '/home/rofida/RPOD_ws/src/speed_processing', 'symlink_install': False, 'test_result_base': None}
[2.569s] Level 5:colcon.colcon_core.verb:set package 'statespace_chaser_mpc_ros2' build argument 'cmake_args' from command line to 'None'
[2.570s] Level 5:colcon.colcon_core.verb:set package 'statespace_chaser_mpc_ros2' build argument 'cmake_target' from command line to 'None'
[2.570s] Level 5:colcon.colcon_core.verb:set package 'statespace_chaser_mpc_ros2' build argument 'cmake_target_skip_unavailable' from command line to 'False'
[2.570s] Level 5:colcon.colcon_core.verb:set package 'statespace_chaser_mpc_ros2' build argument 'cmake_clean_cache' from command line to 'False'
[2.570s] Level 5:colcon.colcon_core.verb:set package 'statespace_chaser_mpc_ros2' build argument 'cmake_clean_first' from command line to 'False'
[2.570s] Level 5:colcon.colcon_core.verb:set package 'statespace_chaser_mpc_ros2' build argument 'cmake_force_configure' from command line to 'False'
[2.570s] Level 5:colcon.colcon_core.verb:set package 'statespace_chaser_mpc_ros2' build argument 'ament_cmake_args' from command line to 'None'
[2.570s] Level 5:colcon.colcon_core.verb:set package 'statespace_chaser_mpc_ros2' build argument 'catkin_cmake_args' from command line to 'None'
[2.570s] Level 5:colcon.colcon_core.verb:set package 'statespace_chaser_mpc_ros2' build argument 'catkin_skip_building_tests' from command line to 'False'
[2.571s] DEBUG:colcon.colcon_core.verb:Building package 'statespace_chaser_mpc_ros2' with the following arguments: {'ament_cmake_args': None, 'build_base': '/home/rofida/RPOD_ws/build/statespace_chaser_mpc_ros2', 'catkin_cmake_args': None, 'catkin_skip_building_tests': False, 'cmake_args': None, 'cmake_clean_cache': False, 'cmake_clean_first': False, 'cmake_force_configure': False, 'cmake_target': None, 'cmake_target_skip_unavailable': False, 'install_base': '/home/rofida/RPOD_ws/install/statespace_chaser_mpc_ros2', 'merge_install': False, 'path': '/home/rofida/RPOD_ws/src/statespace_chaser_mpc_ros2', 'symlink_install': False, 'test_result_base': None}
[2.571s] INFO:colcon.colcon_core.executor:Executing jobs using 'parallel' executor
[2.574s] DEBUG:colcon.colcon_parallel_executor.executor.parallel:run_until_complete
[2.575s] INFO:colcon.colcon_ros.task.ament_cmake.build:Building ROS package in '/home/rofida/RPOD_ws/src/modelv2_mpc_limited_ros2' with build type 'ament_cmake'
[2.575s] INFO:colcon.colcon_cmake.task.cmake.build:Building CMake package in '/home/rofida/RPOD_ws/src/modelv2_mpc_limited_ros2'
[2.592s] INFO:colcon.colcon_core.plugin_system:Skipping extension 'colcon_core.shell.bat': Not used on non-Windows systems
[2.592s] INFO:colcon.colcon_core.shell:Skip shell extension 'powershell' for command environment: Not usable outside of PowerShell
[2.593s] DEBUG:colcon.colcon_core.shell:Skip shell extension 'dsv' for command environment
[2.609s] INFO:colcon.colcon_ros.task.ament_cmake.build:Building ROS package in '/home/rofida/RPOD_ws/src/motor_uart_pkg' with build type 'ament_cmake'
[2.609s] INFO:colcon.colcon_cmake.task.cmake.build:Building CMake package in '/home/rofida/RPOD_ws/src/motor_uart_pkg'
[2.610s] INFO:colcon.colcon_core.shell:Skip shell extension 'powershell' for command environment: Not usable outside of PowerShell
[2.610s] DEBUG:colcon.colcon_core.shell:Skip shell extension 'dsv' for command environment
[2.625s] INFO:colcon.colcon_ros.task.ament_cmake.build:Building ROS package in '/home/rofida/RPOD_ws/src/speed_processing' with build type 'ament_cmake'
[2.625s] INFO:colcon.colcon_cmake.task.cmake.build:Building CMake package in '/home/rofida/RPOD_ws/src/speed_processing'
[2.626s] INFO:colcon.colcon_core.shell:Skip shell extension 'powershell' for command environment: Not usable outside of PowerShell
[2.626s] DEBUG:colcon.colcon_core.shell:Skip shell extension 'dsv' for command environment
[2.642s] INFO:colcon.colcon_ros.task.ament_cmake.build:Building ROS package in '/home/rofida/RPOD_ws/src/statespace_chaser_mpc_ros2' with build type 'ament_cmake'
[2.643s] INFO:colcon.colcon_cmake.task.cmake.build:Building CMake package in '/home/rofida/RPOD_ws/src/statespace_chaser_mpc_ros2'
[2.644s] INFO:colcon.colcon_core.shell:Skip shell extension 'powershell' for command environment: Not usable outside of PowerShell
[2.644s] DEBUG:colcon.colcon_core.shell:Skip shell extension 'dsv' for command environment
[2.676s] DEBUG:colcon.colcon_core.event_handler.log_command:Invoking command in '/home/rofida/RPOD_ws/build/modelv2_mpc_limited_ros2': CMAKE_PREFIX_PATH=${CMAKE_PREFIX_PATH}:/opt/ros/humble /usr/bin/cmake --build /home/rofida/RPOD_ws/build/modelv2_mpc_limited_ros2 -- -j12 -l12
[2.699s] DEBUG:colcon.colcon_core.event_handler.log_command:Invoking command in '/home/rofida/RPOD_ws/build/motor_uart_pkg': CMAKE_PREFIX_PATH=${CMAKE_PREFIX_PATH}:/opt/ros/humble /usr/bin/cmake --build /home/rofida/RPOD_ws/build/motor_uart_pkg -- -j12 -l12
[2.714s] DEBUG:colcon.colcon_core.event_handler.log_command:Invoking command in '/home/rofida/RPOD_ws/build/speed_processing': CMAKE_PREFIX_PATH=${CMAKE_PREFIX_PATH}:/opt/ros/humble /usr/bin/cmake --build /home/rofida/RPOD_ws/build/speed_processing -- -j12 -l12
[2.734s] DEBUG:colcon.colcon_core.event_handler.log_command:Invoking command in '/home/rofida/RPOD_ws/build/statespace_chaser_mpc_ros2': CMAKE_PREFIX_PATH=${CMAKE_PREFIX_PATH}:/opt/ros/humble /usr/bin/cmake /home/rofida/RPOD_ws/src/statespace_chaser_mpc_ros2 -DCMAKE_INSTALL_PREFIX=/home/rofida/RPOD_ws/install/statespace_chaser_mpc_ros2
[3.119s] DEBUG:colcon.colcon_core.event_handler.log_command:Invoked command in '/home/rofida/RPOD_ws/build/speed_processing' returned '0': CMAKE_PREFIX_PATH=${CMAKE_PREFIX_PATH}:/opt/ros/humble /usr/bin/cmake --build /home/rofida/RPOD_ws/build/speed_processing -- -j12 -l12
[3.165s] DEBUG:colcon.colcon_core.event_handler.log_command:Invoking command in '/home/rofida/RPOD_ws/build/speed_processing': CMAKE_PREFIX_PATH=${CMAKE_PREFIX_PATH}:/opt/ros/humble /usr/bin/cmake --install /home/rofida/RPOD_ws/build/speed_processing
[3.260s] Level 1:colcon.colcon_core.environment:create_environment_scripts_only(speed_processing)
[3.262s] DEBUG:colcon.colcon_core.event_handler.log_command:Invoked command in '/home/rofida/RPOD_ws/build/speed_processing' returned '0': CMAKE_PREFIX_PATH=${CMAKE_PREFIX_PATH}:/opt/ros/humble /usr/bin/cmake --install /home/rofida/RPOD_ws/build/speed_processing
[3.288s] Level 1:colcon.colcon_core.environment:checking '/home/rofida/RPOD_ws/install/speed_processing' for CMake module files
[3.292s] Level 1:colcon.colcon_core.environment:checking '/home/rofida/RPOD_ws/install/speed_processing' for CMake config files
[3.295s] Level 1:colcon.colcon_core.shell:create_environment_hook('speed_processing', 'cmake_prefix_path')
[3.297s] INFO:colcon.colcon_core.shell:Creating environment hook '/home/rofida/RPOD_ws/install/speed_processing/share/speed_processing/hook/cmake_prefix_path.ps1'
[3.302s] INFO:colcon.colcon_core.shell:Creating environment descriptor '/home/rofida/RPOD_ws/install/speed_processing/share/speed_processing/hook/cmake_prefix_path.dsv'
[3.306s] INFO:colcon.colcon_core.shell:Creating environment hook '/home/rofida/RPOD_ws/install/speed_processing/share/speed_processing/hook/cmake_prefix_path.sh'
[3.314s] Level 1:colcon.colcon_core.environment:checking '/home/rofida/RPOD_ws/install/speed_processing/lib'
[3.315s] Level 1:colcon.colcon_core.environment:checking '/home/rofida/RPOD_ws/install/speed_processing/bin'
[3.316s] Level 1:colcon.colcon_core.environment:checking '/home/rofida/RPOD_ws/install/speed_processing/lib/pkgconfig/speed_processing.pc'
[3.318s] Level 1:colcon.colcon_core.environment:checking '/home/rofida/RPOD_ws/install/speed_processing/lib/python3.10/site-packages'
[3.320s] Level 1:colcon.colcon_core.environment:checking '/home/rofida/RPOD_ws/install/speed_processing/bin'
[3.321s] INFO:colcon.colcon_core.shell:Creating package script '/home/rofida/RPOD_ws/install/speed_processing/share/speed_processing/package.ps1'
[3.326s] INFO:colcon.colcon_core.shell:Creating package descriptor '/home/rofida/RPOD_ws/install/speed_processing/share/speed_processing/package.dsv'
[3.329s] INFO:colcon.colcon_core.shell:Creating package script '/home/rofida/RPOD_ws/install/speed_processing/share/speed_processing/package.sh'
[3.332s] INFO:colcon.colcon_core.shell:Creating package script '/home/rofida/RPOD_ws/install/speed_processing/share/speed_processing/package.bash'
[3.336s] INFO:colcon.colcon_core.shell:Creating package script '/home/rofida/RPOD_ws/install/speed_processing/share/speed_processing/package.zsh'
[3.340s] Level 1:colcon.colcon_core.environment:create_file_with_runtime_dependencies(/home/rofida/RPOD_ws/install/speed_processing/share/colcon-core/packages/speed_processing)
[3.342s] Level 1:colcon.colcon_core.environment:create_environment_scripts_only(speed_processing)
[3.343s] Level 1:colcon.colcon_core.environment:checking '/home/rofida/RPOD_ws/install/speed_processing' for CMake module files
[3.345s] Level 1:colcon.colcon_core.environment:checking '/home/rofida/RPOD_ws/install/speed_processing' for CMake config files
[3.346s] Level 1:colcon.colcon_core.shell:create_environment_hook('speed_processing', 'cmake_prefix_path')
[3.347s] INFO:colcon.colcon_core.shell:Creating environment hook '/home/rofida/RPOD_ws/install/speed_processing/share/speed_processing/hook/cmake_prefix_path.ps1'
[3.350s] INFO:colcon.colcon_core.shell:Creating environment descriptor '/home/rofida/RPOD_ws/install/speed_processing/share/speed_processing/hook/cmake_prefix_path.dsv'
[3.352s] INFO:colcon.colcon_core.shell:Creating environment hook '/home/rofida/RPOD_ws/install/speed_processing/share/speed_processing/hook/cmake_prefix_path.sh'
[3.355s] Level 1:colcon.colcon_core.environment:checking '/home/rofida/RPOD_ws/install/speed_processing/lib'
[3.355s] Level 1:colcon.colcon_core.environment:checking '/home/rofida/RPOD_ws/install/speed_processing/bin'
[3.356s] Level 1:colcon.colcon_core.environment:checking '/home/rofida/RPOD_ws/install/speed_processing/lib/pkgconfig/speed_processing.pc'
[3.357s] Level 1:colcon.colcon_core.environment:checking '/home/rofida/RPOD_ws/install/speed_processing/lib/python3.10/site-packages'
[3.360s] Level 1:colcon.colcon_core.environment:checking '/home/rofida/RPOD_ws/install/speed_processing/bin'
[3.362s] INFO:colcon.colcon_core.shell:Creating package script '/home/rofida/RPOD_ws/install/speed_processing/share/speed_processing/package.ps1'
[3.365s] INFO:colcon.colcon_core.shell:Creating package descriptor '/home/rofida/RPOD_ws/install/speed_processing/share/speed_processing/package.dsv'
[3.368s] INFO:colcon.colcon_core.shell:Creating package script '/home/rofida/RPOD_ws/install/speed_processing/share/speed_processing/package.sh'
[3.371s] INFO:colcon.colcon_core.shell:Creating package script '/home/rofida/RPOD_ws/install/speed_processing/share/speed_processing/package.bash'
[3.374s] INFO:colcon.colcon_core.shell:Creating package script '/home/rofida/RPOD_ws/install/speed_processing/share/speed_processing/package.zsh'
[3.376s] Level 1:colcon.colcon_core.environment:create_file_with_runtime_dependencies(/home/rofida/RPOD_ws/install/speed_processing/share/colcon-core/packages/speed_processing)
[5.922s] DEBUG:colcon.colcon_core.event_handler.log_command:Invoked command in '/home/rofida/RPOD_ws/build/statespace_chaser_mpc_ros2' returned '0': CMAKE_PREFIX_PATH=${CMAKE_PREFIX_PATH}:/opt/ros/humble /usr/bin/cmake /home/rofida/RPOD_ws/src/statespace_chaser_mpc_ros2 -DCMAKE_INSTALL_PREFIX=/home/rofida/RPOD_ws/install/statespace_chaser_mpc_ros2
[5.929s] DEBUG:colcon.colcon_core.event_handler.log_command:Invoking command in '/home/rofida/RPOD_ws/build/statespace_chaser_mpc_ros2': CMAKE_PREFIX_PATH=${CMAKE_PREFIX_PATH}:/opt/ros/humble /usr/bin/cmake --build /home/rofida/RPOD_ws/build/statespace_chaser_mpc_ros2 -- -j12 -l12
[41.793s] DEBUG:colcon.colcon_core.event_handler.log_command:Invoked command in '/home/rofida/RPOD_ws/build/motor_uart_pkg' returned '0': CMAKE_PREFIX_PATH=${CMAKE_PREFIX_PATH}:/opt/ros/humble /usr/bin/cmake --build /home/rofida/RPOD_ws/build/motor_uart_pkg -- -j12 -l12
[41.802s] DEBUG:colcon.colcon_core.event_handler.log_command:Invoking command in '/home/rofida/RPOD_ws/build/motor_uart_pkg': CMAKE_PREFIX_PATH=${CMAKE_PREFIX_PATH}:/opt/ros/humble /usr/bin/cmake --install /home/rofida/RPOD_ws/build/motor_uart_pkg
[41.896s] Level 1:colcon.colcon_core.environment:create_environment_scripts_only(motor_uart_pkg)
[41.897s] Level 1:colcon.colcon_core.environment:checking '/home/rofida/RPOD_ws/install/motor_uart_pkg' for CMake module files
[41.899s] DEBUG:colcon.colcon_core.event_handler.log_command:Invoked command in '/home/rofida/RPOD_ws/build/motor_uart_pkg' returned '0': CMAKE_PREFIX_PATH=${CMAKE_PREFIX_PATH}:/opt/ros/humble /usr/bin/cmake --install /home/rofida/RPOD_ws/build/motor_uart_pkg
[41.901s] Level 1:colcon.colcon_core.environment:checking '/home/rofida/RPOD_ws/install/motor_uart_pkg' for CMake config files
[41.902s] Level 1:colcon.colcon_core.shell:create_environment_hook('motor_uart_pkg', 'cmake_prefix_path')
[41.903s] INFO:colcon.colcon_core.shell:Creating environment hook '/home/rofida/RPOD_ws/install/motor_uart_pkg/share/motor_uart_pkg/hook/cmake_prefix_path.ps1'
[41.905s] INFO:colcon.colcon_core.shell:Creating environment descriptor '/home/rofida/RPOD_ws/install/motor_uart_pkg/share/motor_uart_pkg/hook/cmake_prefix_path.dsv'
[41.906s] INFO:colcon.colcon_core.shell:Creating environment hook '/home/rofida/RPOD_ws/install/motor_uart_pkg/share/motor_uart_pkg/hook/cmake_prefix_path.sh'
[41.909s] Level 1:colcon.colcon_core.environment:checking '/home/rofida/RPOD_ws/install/motor_uart_pkg/lib'
[41.909s] Level 1:colcon.colcon_core.environment:checking '/home/rofida/RPOD_ws/install/motor_uart_pkg/bin'
[41.909s] Level 1:colcon.colcon_core.environment:checking '/home/rofida/RPOD_ws/install/motor_uart_pkg/lib/pkgconfig/motor_uart_pkg.pc'
[41.910s] Level 1:colcon.colcon_core.environment:checking '/home/rofida/RPOD_ws/install/motor_uart_pkg/lib/python3.10/site-packages'
[41.912s] Level 1:colcon.colcon_core.environment:checking '/home/rofida/RPOD_ws/install/motor_uart_pkg/bin'
[41.913s] INFO:colcon.colcon_core.shell:Creating package script '/home/rofida/RPOD_ws/install/motor_uart_pkg/share/motor_uart_pkg/package.ps1'
[41.915s] INFO:colcon.colcon_core.shell:Creating package descriptor '/home/rofida/RPOD_ws/install/motor_uart_pkg/share/motor_uart_pkg/package.dsv'
[41.917s] INFO:colcon.colcon_core.shell:Creating package script '/home/rofida/RPOD_ws/install/motor_uart_pkg/share/motor_uart_pkg/package.sh'
[41.918s] INFO:colcon.colcon_core.shell:Creating package script '/home/rofida/RPOD_ws/install/motor_uart_pkg/share/motor_uart_pkg/package.bash'
[41.920s] INFO:colcon.colcon_core.shell:Creating package script '/home/rofida/RPOD_ws/install/motor_uart_pkg/share/motor_uart_pkg/package.zsh'
[41.921s] Level 1:colcon.colcon_core.environment:create_file_with_runtime_dependencies(/home/rofida/RPOD_ws/install/motor_uart_pkg/share/colcon-core/packages/motor_uart_pkg)
[41.924s] Level 1:colcon.colcon_core.environment:create_environment_scripts_only(motor_uart_pkg)
[41.925s] Level 1:colcon.colcon_core.environment:checking '/home/rofida/RPOD_ws/install/motor_uart_pkg' for CMake module files
[41.926s] Level 1:colcon.colcon_core.environment:checking '/home/rofida/RPOD_ws/install/motor_uart_pkg' for CMake config files
[41.928s] Level 1:colcon.colcon_core.shell:create_environment_hook('motor_uart_pkg', 'cmake_prefix_path')
[41.929s] INFO:colcon.colcon_core.shell:Creating environment hook '/home/rofida/RPOD_ws/install/motor_uart_pkg/share/motor_uart_pkg/hook/cmake_prefix_path.ps1'
[41.931s] INFO:colcon.colcon_core.shell:Creating environment descriptor '/home/rofida/RPOD_ws/install/motor_uart_pkg/share/motor_uart_pkg/hook/cmake_prefix_path.dsv'
[41.932s] INFO:colcon.colcon_core.shell:Creating environment hook '/home/rofida/RPOD_ws/install/motor_uart_pkg/share/motor_uart_pkg/hook/cmake_prefix_path.sh'
[41.935s] Level 1:colcon.colcon_core.environment:checking '/home/rofida/RPOD_ws/install/motor_uart_pkg/lib'
[41.935s] Level 1:colcon.colcon_core.environment:checking '/home/rofida/RPOD_ws/install/motor_uart_pkg/bin'
[41.935s] Level 1:colcon.colcon_core.environment:checking '/home/rofida/RPOD_ws/install/motor_uart_pkg/lib/pkgconfig/motor_uart_pkg.pc'
[41.936s] Level 1:colcon.colcon_core.environment:checking '/home/rofida/RPOD_ws/install/motor_uart_pkg/lib/python3.10/site-packages'
[41.938s] Level 1:colcon.colcon_core.environment:checking '/home/rofida/RPOD_ws/install/motor_uart_pkg/bin'
[41.939s] INFO:colcon.colcon_core.shell:Creating package script '/home/rofida/RPOD_ws/install/motor_uart_pkg/share/motor_uart_pkg/package.ps1'
[41.941s] INFO:colcon.colcon_core.shell:Creating package descriptor '/home/rofida/RPOD_ws/install/motor_uart_pkg/share/motor_uart_pkg/package.dsv'
[41.943s] INFO:colcon.colcon_core.shell:Creating package script '/home/rofida/RPOD_ws/install/motor_uart_pkg/share/motor_uart_pkg/package.sh'
[41.945s] INFO:colcon.colcon_core.shell:Creating package script '/home/rofida/RPOD_ws/install/motor_uart_pkg/share/motor_uart_pkg/package.bash'
[41.947s] INFO:colcon.colcon_core.shell:Creating package script '/home/rofida/RPOD_ws/install/motor_uart_pkg/share/motor_uart_pkg/package.zsh'
[41.949s] Level 1:colcon.colcon_core.environment:create_file_with_runtime_dependencies(/home/rofida/RPOD_ws/install/motor_uart_pkg/share/colcon-core/packages/motor_uart_pkg)
[52.796s] DEBUG:colcon.colcon_core.event_handler.log_command:Invoked command in '/home/rofida/RPOD_ws/build/modelv2_mpc_limited_ros2' returned '0': CMAKE_PREFIX_PATH=${CMAKE_PREFIX_PATH}:/opt/ros/humble /usr/bin/cmake --build /home/rofida/RPOD_ws/build/modelv2_mpc_limited_ros2 -- -j12 -l12
[52.804s] DEBUG:colcon.colcon_core.event_handler.log_command:Invoking command in '/home/rofida/RPOD_ws/build/modelv2_mpc_limited_ros2': CMAKE_PREFIX_PATH=${CMAKE_PREFIX_PATH}:/opt/ros/humble /usr/bin/cmake --install /home/rofida/RPOD_ws/build/modelv2_mpc_limited_ros2
[52.898s] Level 1:colcon.colcon_core.environment:create_environment_scripts_only(modelv2_mpc_limited_ros2)
[52.899s] Level 1:colcon.colcon_core.environment:checking '/home/rofida/RPOD_ws/install/modelv2_mpc_limited_ros2' for CMake module files
[52.902s] DEBUG:colcon.colcon_core.event_handler.log_command:Invoked command in '/home/rofida/RPOD_ws/build/modelv2_mpc_limited_ros2' returned '0': CMAKE_PREFIX_PATH=${CMAKE_PREFIX_PATH}:/opt/ros/humble /usr/bin/cmake --install /home/rofida/RPOD_ws/build/modelv2_mpc_limited_ros2
[52.903s] Level 1:colcon.colcon_core.environment:checking '/home/rofida/RPOD_ws/install/modelv2_mpc_limited_ros2' for CMake config files
[52.905s] Level 1:colcon.colcon_core.shell:create_environment_hook('modelv2_mpc_limited_ros2', 'cmake_prefix_path')
[52.906s] INFO:colcon.colcon_core.shell:Creating environment hook '/home/rofida/RPOD_ws/install/modelv2_mpc_limited_ros2/share/modelv2_mpc_limited_ros2/hook/cmake_prefix_path.ps1'
[52.908s] INFO:colcon.colcon_core.shell:Creating environment descriptor '/home/rofida/RPOD_ws/install/modelv2_mpc_limited_ros2/share/modelv2_mpc_limited_ros2/hook/cmake_prefix_path.dsv'
[52.909s] INFO:colcon.colcon_core.shell:Creating environment hook '/home/rofida/RPOD_ws/install/modelv2_mpc_limited_ros2/share/modelv2_mpc_limited_ros2/hook/cmake_prefix_path.sh'
[52.912s] Level 1:colcon.colcon_core.environment:checking '/home/rofida/RPOD_ws/install/modelv2_mpc_limited_ros2/lib'
[52.912s] Level 1:colcon.colcon_core.environment:checking '/home/rofida/RPOD_ws/install/modelv2_mpc_limited_ros2/bin'
[52.912s] Level 1:colcon.colcon_core.environment:checking '/home/rofida/RPOD_ws/install/modelv2_mpc_limited_ros2/lib/pkgconfig/modelv2_mpc_limited_ros2.pc'
[52.913s] Level 1:colcon.colcon_core.environment:checking '/home/rofida/RPOD_ws/install/modelv2_mpc_limited_ros2/lib/python3.10/site-packages'
[52.915s] Level 1:colcon.colcon_core.environment:checking '/home/rofida/RPOD_ws/install/modelv2_mpc_limited_ros2/bin'
[52.916s] INFO:colcon.colcon_core.shell:Creating package script '/home/rofida/RPOD_ws/install/modelv2_mpc_limited_ros2/share/modelv2_mpc_limited_ros2/package.ps1'
[52.918s] INFO:colcon.colcon_core.shell:Creating package descriptor '/home/rofida/RPOD_ws/install/modelv2_mpc_limited_ros2/share/modelv2_mpc_limited_ros2/package.dsv'
[52.920s] INFO:colcon.colcon_core.shell:Creating package script '/home/rofida/RPOD_ws/install/modelv2_mpc_limited_ros2/share/modelv2_mpc_limited_ros2/package.sh'
[52.921s] INFO:colcon.colcon_core.shell:Creating package script '/home/rofida/RPOD_ws/install/modelv2_mpc_limited_ros2/share/modelv2_mpc_limited_ros2/package.bash'
[52.923s] INFO:colcon.colcon_core.shell:Creating package script '/home/rofida/RPOD_ws/install/modelv2_mpc_limited_ros2/share/modelv2_mpc_limited_ros2/package.zsh'
[52.924s] Level 1:colcon.colcon_core.environment:create_file_with_runtime_dependencies(/home/rofida/RPOD_ws/install/modelv2_mpc_limited_ros2/share/colcon-core/packages/modelv2_mpc_limited_ros2)
[52.927s] Level 1:colcon.colcon_core.environment:create_environment_scripts_only(modelv2_mpc_limited_ros2)
[52.928s] Level 1:colcon.colcon_core.environment:checking '/home/rofida/RPOD_ws/install/modelv2_mpc_limited_ros2' for CMake module files
[52.930s] Level 1:colcon.colcon_core.environment:checking '/home/rofida/RPOD_ws/install/modelv2_mpc_limited_ros2' for CMake config files
[52.932s] Level 1:colcon.colcon_core.shell:create_environment_hook('modelv2_mpc_limited_ros2', 'cmake_prefix_path')
[52.933s] INFO:colcon.colcon_core.shell:Creating environment hook '/home/rofida/RPOD_ws/install/modelv2_mpc_limited_ros2/share/modelv2_mpc_limited_ros2/hook/cmake_prefix_path.ps1'
[52.935s] INFO:colcon.colcon_core.shell:Creating environment descriptor '/home/rofida/RPOD_ws/install/modelv2_mpc_limited_ros2/share/modelv2_mpc_limited_ros2/hook/cmake_prefix_path.dsv'
[52.937s] INFO:colcon.colcon_core.shell:Creating environment hook '/home/rofida/RPOD_ws/install/modelv2_mpc_limited_ros2/share/modelv2_mpc_limited_ros2/hook/cmake_prefix_path.sh'
[52.939s] Level 1:colcon.colcon_core.environment:checking '/home/rofida/RPOD_ws/install/modelv2_mpc_limited_ros2/lib'
[52.939s] Level 1:colcon.colcon_core.environment:checking '/home/rofida/RPOD_ws/install/modelv2_mpc_limited_ros2/bin'
[52.940s] Level 1:colcon.colcon_core.environment:checking '/home/rofida/RPOD_ws/install/modelv2_mpc_limited_ros2/lib/pkgconfig/modelv2_mpc_limited_ros2.pc'
[52.941s] Level 1:colcon.colcon_core.environment:checking '/home/rofida/RPOD_ws/install/modelv2_mpc_limited_ros2/lib/python3.10/site-packages'
[52.942s] Level 1:colcon.colcon_core.environment:checking '/home/rofida/RPOD_ws/install/modelv2_mpc_limited_ros2/bin'
[52.944s] INFO:colcon.colcon_core.shell:Creating package script '/home/rofida/RPOD_ws/install/modelv2_mpc_limited_ros2/share/modelv2_mpc_limited_ros2/package.ps1'
[52.946s] INFO:colcon.colcon_core.shell:Creating package descriptor '/home/rofida/RPOD_ws/install/modelv2_mpc_limited_ros2/share/modelv2_mpc_limited_ros2/package.dsv'
[52.948s] INFO:colcon.colcon_core.shell:Creating package script '/home/rofida/RPOD_ws/install/modelv2_mpc_limited_ros2/share/modelv2_mpc_limited_ros2/package.sh'
[52.950s] INFO:colcon.colcon_core.shell:Creating package script '/home/rofida/RPOD_ws/install/modelv2_mpc_limited_ros2/share/modelv2_mpc_limited_ros2/package.bash'
[52.952s] INFO:colcon.colcon_core.shell:Creating package script '/home/rofida/RPOD_ws/install/modelv2_mpc_limited_ros2/share/modelv2_mpc_limited_ros2/package.zsh'
[52.954s] Level 1:colcon.colcon_core.environment:create_file_with_runtime_dependencies(/home/rofida/RPOD_ws/install/modelv2_mpc_limited_ros2/share/colcon-core/packages/modelv2_mpc_limited_ros2)
[55.595s] DEBUG:colcon.colcon_core.event_handler.log_command:Invoked command in '/home/rofida/RPOD_ws/build/statespace_chaser_mpc_ros2' returned '0': CMAKE_PREFIX_PATH=${CMAKE_PREFIX_PATH}:/opt/ros/humble /usr/bin/cmake --build /home/rofida/RPOD_ws/build/statespace_chaser_mpc_ros2 -- -j12 -l12
[55.603s] DEBUG:colcon.colcon_core.event_handler.log_command:Invoking command in '/home/rofida/RPOD_ws/build/statespace_chaser_mpc_ros2': CMAKE_PREFIX_PATH=${CMAKE_PREFIX_PATH}:/opt/ros/humble /usr/bin/cmake --install /home/rofida/RPOD_ws/build/statespace_chaser_mpc_ros2
[55.703s] Level 1:colcon.colcon_core.environment:create_environment_scripts_only(statespace_chaser_mpc_ros2)
[55.704s] Level 1:colcon.colcon_core.environment:checking '/home/rofida/RPOD_ws/install/statespace_chaser_mpc_ros2' for CMake module files
[55.706s] DEBUG:colcon.colcon_core.event_handler.log_command:Invoked command in '/home/rofida/RPOD_ws/build/statespace_chaser_mpc_ros2' returned '0': CMAKE_PREFIX_PATH=${CMAKE_PREFIX_PATH}:/opt/ros/humble /usr/bin/cmake --install /home/rofida/RPOD_ws/build/statespace_chaser_mpc_ros2
[55.708s] Level 1:colcon.colcon_core.environment:checking '/home/rofida/RPOD_ws/install/statespace_chaser_mpc_ros2' for CMake config files
[55.709s] Level 1:colcon.colcon_core.shell:create_environment_hook('statespace_chaser_mpc_ros2', 'cmake_prefix_path')
[55.710s] INFO:colcon.colcon_core.shell:Creating environment hook '/home/rofida/RPOD_ws/install/statespace_chaser_mpc_ros2/share/statespace_chaser_mpc_ros2/hook/cmake_prefix_path.ps1'
[55.712s] INFO:colcon.colcon_core.shell:Creating environment descriptor '/home/rofida/RPOD_ws/install/statespace_chaser_mpc_ros2/share/statespace_chaser_mpc_ros2/hook/cmake_prefix_path.dsv'
[55.713s] INFO:colcon.colcon_core.shell:Creating environment hook '/home/rofida/RPOD_ws/install/statespace_chaser_mpc_ros2/share/statespace_chaser_mpc_ros2/hook/cmake_prefix_path.sh'
[55.715s] Level 1:colcon.colcon_core.environment:checking '/home/rofida/RPOD_ws/install/statespace_chaser_mpc_ros2/lib'
[55.715s] Level 1:colcon.colcon_core.environment:checking '/home/rofida/RPOD_ws/install/statespace_chaser_mpc_ros2/bin'
[55.716s] Level 1:colcon.colcon_core.environment:checking '/home/rofida/RPOD_ws/install/statespace_chaser_mpc_ros2/lib/pkgconfig/statespace_chaser_mpc_ros2.pc'
[55.717s] Level 1:colcon.colcon_core.environment:checking '/home/rofida/RPOD_ws/install/statespace_chaser_mpc_ros2/lib/python3.10/site-packages'
[55.718s] Level 1:colcon.colcon_core.environment:checking '/home/rofida/RPOD_ws/install/statespace_chaser_mpc_ros2/bin'
[55.719s] INFO:colcon.colcon_core.shell:Creating package script '/home/rofida/RPOD_ws/install/statespace_chaser_mpc_ros2/share/statespace_chaser_mpc_ros2/package.ps1'
[55.721s] INFO:colcon.colcon_core.shell:Creating package descriptor '/home/rofida/RPOD_ws/install/statespace_chaser_mpc_ros2/share/statespace_chaser_mpc_ros2/package.dsv'
[55.723s] INFO:colcon.colcon_core.shell:Creating package script '/home/rofida/RPOD_ws/install/statespace_chaser_mpc_ros2/share/statespace_chaser_mpc_ros2/package.sh'
[55.724s] INFO:colcon.colcon_core.shell:Creating package script '/home/rofida/RPOD_ws/install/statespace_chaser_mpc_ros2/share/statespace_chaser_mpc_ros2/package.bash'
[55.726s] INFO:colcon.colcon_core.shell:Creating package script '/home/rofida/RPOD_ws/install/statespace_chaser_mpc_ros2/share/statespace_chaser_mpc_ros2/package.zsh'
[55.727s] Level 1:colcon.colcon_core.environment:create_file_with_runtime_dependencies(/home/rofida/RPOD_ws/install/statespace_chaser_mpc_ros2/share/colcon-core/packages/statespace_chaser_mpc_ros2)
[55.729s] Level 1:colcon.colcon_core.environment:create_environment_scripts_only(statespace_chaser_mpc_ros2)
[55.730s] Level 1:colcon.colcon_core.environment:checking '/home/rofida/RPOD_ws/install/statespace_chaser_mpc_ros2' for CMake module files
[55.732s] Level 1:colcon.colcon_core.environment:checking '/home/rofida/RPOD_ws/install/statespace_chaser_mpc_ros2' for CMake config files
[55.733s] Level 1:colcon.colcon_core.shell:create_environment_hook('statespace_chaser_mpc_ros2', 'cmake_prefix_path')
[55.734s] INFO:colcon.colcon_core.shell:Creating environment hook '/home/rofida/RPOD_ws/install/statespace_chaser_mpc_ros2/share/statespace_chaser_mpc_ros2/hook/cmake_prefix_path.ps1'
[55.735s] INFO:colcon.colcon_core.shell:Creating environment descriptor '/home/rofida/RPOD_ws/install/statespace_chaser_mpc_ros2/share/statespace_chaser_mpc_ros2/hook/cmake_prefix_path.dsv'
[55.736s] INFO:colcon.colcon_core.shell:Creating environment hook '/home/rofida/RPOD_ws/install/statespace_chaser_mpc_ros2/share/statespace_chaser_mpc_ros2/hook/cmake_prefix_path.sh'
[55.739s] Level 1:colcon.colcon_core.environment:checking '/home/rofida/RPOD_ws/install/statespace_chaser_mpc_ros2/lib'
[55.739s] Level 1:colcon.colcon_core.environment:checking '/home/rofida/RPOD_ws/install/statespace_chaser_mpc_ros2/bin'
[55.739s] Level 1:colcon.colcon_core.environment:checking '/home/rofida/RPOD_ws/install/statespace_chaser_mpc_ros2/lib/pkgconfig/statespace_chaser_mpc_ros2.pc'
[55.740s] Level 1:colcon.colcon_core.environment:checking '/home/rofida/RPOD_ws/install/statespace_chaser_mpc_ros2/lib/python3.10/site-packages'
[55.742s] Level 1:colcon.colcon_core.environment:checking '/home/rofida/RPOD_ws/install/statespace_chaser_mpc_ros2/bin'
[55.743s] INFO:colcon.colcon_core.shell:Creating package script '/home/rofida/RPOD_ws/install/statespace_chaser_mpc_ros2/share/statespace_chaser_mpc_ros2/package.ps1'
[55.745s] INFO:colcon.colcon_core.shell:Creating package descriptor '/home/rofida/RPOD_ws/install/statespace_chaser_mpc_ros2/share/statespace_chaser_mpc_ros2/package.dsv'
[55.747s] INFO:colcon.colcon_core.shell:Creating package script '/home/rofida/RPOD_ws/install/statespace_chaser_mpc_ros2/share/statespace_chaser_mpc_ros2/package.sh'
[55.749s] INFO:colcon.colcon_core.shell:Creating package script '/home/rofida/RPOD_ws/install/statespace_chaser_mpc_ros2/share/statespace_chaser_mpc_ros2/package.bash'
[55.750s] INFO:colcon.colcon_core.shell:Creating package script '/home/rofida/RPOD_ws/install/statespace_chaser_mpc_ros2/share/statespace_chaser_mpc_ros2/package.zsh'
[55.752s] Level 1:colcon.colcon_core.environment:create_file_with_runtime_dependencies(/home/rofida/RPOD_ws/install/statespace_chaser_mpc_ros2/share/colcon-core/packages/statespace_chaser_mpc_ros2)
[55.753s] DEBUG:colcon.colcon_parallel_executor.executor.parallel:closing loop
[55.754s] DEBUG:colcon.colcon_parallel_executor.executor.parallel:loop closed
[55.754s] DEBUG:colcon.colcon_parallel_executor.executor.parallel:run_until_complete finished with '0'
[55.755s] DEBUG:colcon.colcon_core.event_reactor:joining thread
[55.781s] INFO:colcon.colcon_core.plugin_system:Skipping extension 'colcon_notification.desktop_notification.terminal_notifier': Not used on non-Darwin systems
[55.782s] INFO:colcon.colcon_core.plugin_system:Skipping extension 'colcon_notification.desktop_notification.win32': Not used on non-Windows systems
[55.782s] INFO:colcon.colcon_notification.desktop_notification:Sending desktop notification using 'notify2'
[55.836s] DEBUG:colcon.colcon_core.event_reactor:joined thread
[55.837s] INFO:colcon.colcon_core.shell:Creating prefix script '/home/rofida/RPOD_ws/install/local_setup.ps1'
[55.841s] INFO:colcon.colcon_core.shell:Creating prefix util module '/home/rofida/RPOD_ws/install/_local_setup_util_ps1.py'
[55.851s] INFO:colcon.colcon_core.shell:Creating prefix chain script '/home/rofida/RPOD_ws/install/setup.ps1'
[55.857s] INFO:colcon.colcon_core.shell:Creating prefix script '/home/rofida/RPOD_ws/install/local_setup.sh'
[55.861s] INFO:colcon.colcon_core.shell:Creating prefix util module '/home/rofida/RPOD_ws/install/_local_setup_util_sh.py'
[55.864s] INFO:colcon.colcon_core.shell:Creating prefix chain script '/home/rofida/RPOD_ws/install/setup.sh'
[55.870s] INFO:colcon.colcon_core.shell:Creating prefix script '/home/rofida/RPOD_ws/install/local_setup.bash'
[55.872s] INFO:colcon.colcon_core.shell:Creating prefix chain script '/home/rofida/RPOD_ws/install/setup.bash'
[55.878s] INFO:colcon.colcon_core.shell:Creating prefix script '/home/rofida/RPOD_ws/install/local_setup.zsh'
[55.881s] INFO:colcon.colcon_core.shell:Creating prefix chain script '/home/rofida/RPOD_ws/install/setup.zsh'
