[0.491s] DEBUG:colcon:Command line arguments: ['/usr/bin/colcon', 'build', '--packages-select', 'system_launch']
[0.492s] DEBUG:colcon:Parsed command line arguments: Namespace(log_base=None, log_level=None, verb_name='build', build_base='build', install_base='install', merge_install=False, symlink_install=False, test_result_base=None, continue_on_error=False, executor='parallel', parallel_workers=12, event_handlers=None, ignore_user_meta=False, metas=['./colcon.meta'], base_paths=['.'], packages_ignore=None, packages_ignore_regex=None, paths=None, packages_up_to=None, packages_up_to_regex=None, packages_above=None, packages_above_and_dependencies=None, packages_above_depth=None, packages_select_by_dep=None, packages_skip_by_dep=None, packages_skip_up_to=None, packages_select_build_failed=False, packages_skip_build_finished=False, packages_select_test_failures=False, packages_skip_test_passed=False, packages_select=['system_launch'], packages_skip=None, packages_select_regex=None, packages_skip_regex=None, packages_start=None, packages_end=None, allow_overriding=[], cmake_args=None, cmake_target=None, cmake_target_skip_unavailable=False, cmake_clean_cache=False, cmake_clean_first=False, cmake_force_configure=False, ament_cmake_args=None, catkin_cmake_args=None, catkin_skip_building_tests=False, mixin_files=None, mixin=None, verb_parser=<colcon_mixin.mixin.mixin_argument.MixinArgumentDecorator object at 0x75a36f409870>, verb_extension=<colcon_core.verb.build.BuildVerb object at 0x75a36f4093c0>, main=<bound method BuildVerb.main of <colcon_core.verb.build.BuildVerb object at 0x75a36f4093c0>>, mixin_verb=('build',))
[1.258s] Level 1:colcon.colcon_core.package_discovery:discover_packages(colcon_meta) check parameters
[1.259s] Level 1:colcon.colcon_core.package_discovery:discover_packages(recursive) check parameters
[1.259s] Level 1:colcon.colcon_core.package_discovery:discover_packages(ignore) check parameters
[1.259s] Level 1:colcon.colcon_core.package_discovery:discover_packages(path) check parameters
[1.259s] Level 1:colcon.colcon_core.package_discovery:discover_packages(colcon_meta) discover
[1.260s] Level 1:colcon.colcon_core.package_discovery:discover_packages(recursive) discover
[1.260s] INFO:colcon.colcon_core.package_discovery:Crawling recursively for packages in '/home/rofida/RPOD_ws'
[1.261s] Level 1:colcon.colcon_core.package_identification:_identify(.) by extensions ['ignore', 'ignore_ament_install']
[1.261s] Level 1:colcon.colcon_core.package_identification:_identify(.) by extension 'ignore'
[1.262s] Level 1:colcon.colcon_core.package_identification:_identify(.) by extension 'ignore_ament_install'
[1.262s] Level 1:colcon.colcon_core.package_identification:_identify(.) by extensions ['colcon_pkg']
[1.262s] Level 1:colcon.colcon_core.package_identification:_identify(.) by extension 'colcon_pkg'
[1.263s] Level 1:colcon.colcon_core.package_identification:_identify(.) by extensions ['colcon_meta']
[1.263s] Level 1:colcon.colcon_core.package_identification:_identify(.) by extension 'colcon_meta'
[1.263s] Level 1:colcon.colcon_core.package_identification:_identify(.) by extensions ['ros']
[1.263s] Level 1:colcon.colcon_core.package_identification:_identify(.) by extension 'ros'
[1.317s] Level 1:colcon.colcon_core.package_identification:_identify(.) by extensions ['cmake', 'python']
[1.317s] Level 1:colcon.colcon_core.package_identification:_identify(.) by extension 'cmake'
[1.318s] Level 1:colcon.colcon_core.package_identification:_identify(.) by extension 'python'
[1.318s] Level 1:colcon.colcon_core.package_identification:_identify(.) by extensions ['python_setup_py']
[1.318s] Level 1:colcon.colcon_core.package_identification:_identify(.) by extension 'python_setup_py'
[1.318s] Level 1:colcon.colcon_core.package_identification:_identify(build) by extensions ['ignore', 'ignore_ament_install']
[1.319s] Level 1:colcon.colcon_core.package_identification:_identify(build) by extension 'ignore'
[1.319s] Level 1:colcon.colcon_core.package_identification:_identify(build) ignored
[1.320s] Level 1:colcon.colcon_core.package_identification:_identify(install) by extensions ['ignore', 'ignore_ament_install']
[1.320s] Level 1:colcon.colcon_core.package_identification:_identify(install) by extension 'ignore'
[1.320s] Level 1:colcon.colcon_core.package_identification:_identify(install) ignored
[1.321s] Level 1:colcon.colcon_core.package_identification:_identify(log) by extensions ['ignore', 'ignore_ament_install']
[1.321s] Level 1:colcon.colcon_core.package_identification:_identify(log) by extension 'ignore'
[1.321s] Level 1:colcon.colcon_core.package_identification:_identify(log) ignored
[1.322s] Level 1:colcon.colcon_core.package_identification:_identify(src) by extensions ['ignore', 'ignore_ament_install']
[1.322s] Level 1:colcon.colcon_core.package_identification:_identify(src) by extension 'ignore'
[1.323s] Level 1:colcon.colcon_core.package_identification:_identify(src) by extension 'ignore_ament_install'
[1.323s] Level 1:colcon.colcon_core.package_identification:_identify(src) by extensions ['colcon_pkg']
[1.324s] Level 1:colcon.colcon_core.package_identification:_identify(src) by extension 'colcon_pkg'
[1.324s] Level 1:colcon.colcon_core.package_identification:_identify(src) by extensions ['colcon_meta']
[1.324s] Level 1:colcon.colcon_core.package_identification:_identify(src) by extension 'colcon_meta'
[1.324s] Level 1:colcon.colcon_core.package_identification:_identify(src) by extensions ['ros']
[1.324s] Level 1:colcon.colcon_core.package_identification:_identify(src) by extension 'ros'
[1.325s] Level 1:colcon.colcon_core.package_identification:_identify(src) by extensions ['cmake', 'python']
[1.325s] Level 1:colcon.colcon_core.package_identification:_identify(src) by extension 'cmake'
[1.325s] Level 1:colcon.colcon_core.package_identification:_identify(src) by extension 'python'
[1.325s] Level 1:colcon.colcon_core.package_identification:_identify(src) by extensions ['python_setup_py']
[1.325s] Level 1:colcon.colcon_core.package_identification:_identify(src) by extension 'python_setup_py'
[1.326s] Level 1:colcon.colcon_core.package_identification:_identify(src/log) by extensions ['ignore', 'ignore_ament_install']
[1.326s] Level 1:colcon.colcon_core.package_identification:_identify(src/log) by extension 'ignore'
[1.326s] Level 1:colcon.colcon_core.package_identification:_identify(src/log) ignored
[1.327s] Level 1:colcon.colcon_core.package_identification:_identify(src/modelv2_mpc_limited_ros2) by extensions ['ignore', 'ignore_ament_install']
[1.327s] Level 1:colcon.colcon_core.package_identification:_identify(src/modelv2_mpc_limited_ros2) by extension 'ignore'
[1.327s] Level 1:colcon.colcon_core.package_identification:_identify(src/modelv2_mpc_limited_ros2) by extension 'ignore_ament_install'
[1.328s] Level 1:colcon.colcon_core.package_identification:_identify(src/modelv2_mpc_limited_ros2) by extensions ['colcon_pkg']
[1.328s] Level 1:colcon.colcon_core.package_identification:_identify(src/modelv2_mpc_limited_ros2) by extension 'colcon_pkg'
[1.328s] Level 1:colcon.colcon_core.package_identification:_identify(src/modelv2_mpc_limited_ros2) by extensions ['colcon_meta']
[1.328s] Level 1:colcon.colcon_core.package_identification:_identify(src/modelv2_mpc_limited_ros2) by extension 'colcon_meta'
[1.328s] Level 1:colcon.colcon_core.package_identification:_identify(src/modelv2_mpc_limited_ros2) by extensions ['ros']
[1.328s] Level 1:colcon.colcon_core.package_identification:_identify(src/modelv2_mpc_limited_ros2) by extension 'ros'
[1.340s] DEBUG:colcon.colcon_core.package_identification:Package 'src/modelv2_mpc_limited_ros2' with type 'ros.ament_cmake' and name 'modelv2_mpc_limited_ros2'
[1.340s] Level 1:colcon.colcon_core.package_identification:_identify(src/motor_uart_pkg) by extensions ['ignore', 'ignore_ament_install']
[1.341s] Level 1:colcon.colcon_core.package_identification:_identify(src/motor_uart_pkg) by extension 'ignore'
[1.341s] Level 1:colcon.colcon_core.package_identification:_identify(src/motor_uart_pkg) by extension 'ignore_ament_install'
[1.341s] Level 1:colcon.colcon_core.package_identification:_identify(src/motor_uart_pkg) by extensions ['colcon_pkg']
[1.341s] Level 1:colcon.colcon_core.package_identification:_identify(src/motor_uart_pkg) by extension 'colcon_pkg'
[1.342s] Level 1:colcon.colcon_core.package_identification:_identify(src/motor_uart_pkg) by extensions ['colcon_meta']
[1.342s] Level 1:colcon.colcon_core.package_identification:_identify(src/motor_uart_pkg) by extension 'colcon_meta'
[1.342s] Level 1:colcon.colcon_core.package_identification:_identify(src/motor_uart_pkg) by extensions ['ros']
[1.342s] Level 1:colcon.colcon_core.package_identification:_identify(src/motor_uart_pkg) by extension 'ros'
[1.345s] DEBUG:colcon.colcon_core.package_identification:Package 'src/motor_uart_pkg' with type 'ros.ament_cmake' and name 'motor_uart_pkg'
[1.346s] Level 1:colcon.colcon_core.package_identification:_identify(src/mpc_super_visor) by extensions ['ignore', 'ignore_ament_install']
[1.346s] Level 1:colcon.colcon_core.package_identification:_identify(src/mpc_super_visor) by extension 'ignore'
[1.347s] Level 1:colcon.colcon_core.package_identification:_identify(src/mpc_super_visor) by extension 'ignore_ament_install'
[1.347s] Level 1:colcon.colcon_core.package_identification:_identify(src/mpc_super_visor) by extensions ['colcon_pkg']
[1.347s] Level 1:colcon.colcon_core.package_identification:_identify(src/mpc_super_visor) by extension 'colcon_pkg'
[1.347s] Level 1:colcon.colcon_core.package_identification:_identify(src/mpc_super_visor) by extensions ['colcon_meta']
[1.347s] Level 1:colcon.colcon_core.package_identification:_identify(src/mpc_super_visor) by extension 'colcon_meta'
[1.348s] Level 1:colcon.colcon_core.package_identification:_identify(src/mpc_super_visor) by extensions ['ros']
[1.348s] Level 1:colcon.colcon_core.package_identification:_identify(src/mpc_super_visor) by extension 'ros'
[1.350s] DEBUG:colcon.colcon_core.package_identification:Package 'src/mpc_super_visor' with type 'ros.ament_cmake' and name 'mpc_super_visor'
[1.351s] Level 1:colcon.colcon_core.package_identification:_identify(src/speed_processing) by extensions ['ignore', 'ignore_ament_install']
[1.351s] Level 1:colcon.colcon_core.package_identification:_identify(src/speed_processing) by extension 'ignore'
[1.352s] Level 1:colcon.colcon_core.package_identification:_identify(src/speed_processing) by extension 'ignore_ament_install'
[1.352s] Level 1:colcon.colcon_core.package_identification:_identify(src/speed_processing) by extensions ['colcon_pkg']
[1.352s] Level 1:colcon.colcon_core.package_identification:_identify(src/speed_processing) by extension 'colcon_pkg'
[1.352s] Level 1:colcon.colcon_core.package_identification:_identify(src/speed_processing) by extensions ['colcon_meta']
[1.352s] Level 1:colcon.colcon_core.package_identification:_identify(src/speed_processing) by extension 'colcon_meta'
[1.353s] Level 1:colcon.colcon_core.package_identification:_identify(src/speed_processing) by extensions ['ros']
[1.353s] Level 1:colcon.colcon_core.package_identification:_identify(src/speed_processing) by extension 'ros'
[1.356s] DEBUG:colcon.colcon_core.package_identification:Package 'src/speed_processing' with type 'ros.ament_cmake' and name 'speed_processing'
[1.356s] Level 1:colcon.colcon_core.package_identification:_identify(src/statespace_chaser_mpc_ros2) by extensions ['ignore', 'ignore_ament_install']
[1.357s] Level 1:colcon.colcon_core.package_identification:_identify(src/statespace_chaser_mpc_ros2) by extension 'ignore'
[1.357s] Level 1:colcon.colcon_core.package_identification:_identify(src/statespace_chaser_mpc_ros2) by extension 'ignore_ament_install'
[1.357s] Level 1:colcon.colcon_core.package_identification:_identify(src/statespace_chaser_mpc_ros2) by extensions ['colcon_pkg']
[1.357s] Level 1:colcon.colcon_core.package_identification:_identify(src/statespace_chaser_mpc_ros2) by extension 'colcon_pkg'
[1.357s] Level 1:colcon.colcon_core.package_identification:_identify(src/statespace_chaser_mpc_ros2) by extensions ['colcon_meta']
[1.358s] Level 1:colcon.colcon_core.package_identification:_identify(src/statespace_chaser_mpc_ros2) by extension 'colcon_meta'
[1.358s] Level 1:colcon.colcon_core.package_identification:_identify(src/statespace_chaser_mpc_ros2) by extensions ['ros']
[1.358s] Level 1:colcon.colcon_core.package_identification:_identify(src/statespace_chaser_mpc_ros2) by extension 'ros'
[1.361s] DEBUG:colcon.colcon_core.package_identification:Package 'src/statespace_chaser_mpc_ros2' with type 'ros.ament_cmake' and name 'statespace_chaser_mpc_ros2'
[1.362s] Level 1:colcon.colcon_core.package_identification:_identify(src/system_launch) by extensions ['ignore', 'ignore_ament_install']
[1.362s] Level 1:colcon.colcon_core.package_identification:_identify(src/system_launch) by extension 'ignore'
[1.363s] Level 1:colcon.colcon_core.package_identification:_identify(src/system_launch) by extension 'ignore_ament_install'
[1.363s] Level 1:colcon.colcon_core.package_identification:_identify(src/system_launch) by extensions ['colcon_pkg']
[1.363s] Level 1:colcon.colcon_core.package_identification:_identify(src/system_launch) by extension 'colcon_pkg'
[1.363s] Level 1:colcon.colcon_core.package_identification:_identify(src/system_launch) by extensions ['colcon_meta']
[1.363s] Level 1:colcon.colcon_core.package_identification:_identify(src/system_launch) by extension 'colcon_meta'
[1.364s] Level 1:colcon.colcon_core.package_identification:_identify(src/system_launch) by extensions ['ros']
[1.364s] Level 1:colcon.colcon_core.package_identification:_identify(src/system_launch) by extension 'ros'
[1.366s] DEBUG:colcon.colcon_core.package_identification:Package 'src/system_launch' with type 'ros.ament_cmake' and name 'system_launch'
[1.366s] Level 1:colcon.colcon_core.package_discovery:discover_packages(recursive) using defaults
[1.367s] Level 1:colcon.colcon_core.package_discovery:discover_packages(ignore) discover
[1.367s] Level 1:colcon.colcon_core.package_discovery:discover_packages(ignore) using defaults
[1.367s] Level 1:colcon.colcon_core.package_discovery:discover_packages(path) discover
[1.367s] Level 1:colcon.colcon_core.package_discovery:discover_packages(path) using defaults
[1.489s] INFO:colcon.colcon_core.package_selection:Skipping not selected package 'modelv2_mpc_limited_ros2' in 'src/modelv2_mpc_limited_ros2'
[1.489s] INFO:colcon.colcon_core.package_selection:Skipping not selected package 'motor_uart_pkg' in 'src/motor_uart_pkg'
[1.489s] INFO:colcon.colcon_core.package_selection:Skipping not selected package 'mpc_super_visor' in 'src/mpc_super_visor'
[1.489s] INFO:colcon.colcon_core.package_selection:Skipping not selected package 'speed_processing' in 'src/speed_processing'
[1.490s] INFO:colcon.colcon_core.package_selection:Skipping not selected package 'statespace_chaser_mpc_ros2' in 'src/statespace_chaser_mpc_ros2'
[1.491s] Level 1:colcon.colcon_core.package_discovery:discover_packages(prefix_path) check parameters
[1.491s] Level 1:colcon.colcon_core.package_discovery:discover_packages(prefix_path) discover
[1.501s] DEBUG:colcon.colcon_installed_package_information.package_discovery:Found 9 installed packages in /home/rofida/RPOD_ws/install
[1.508s] DEBUG:colcon.colcon_installed_package_information.package_discovery:Found 287 installed packages in /opt/ros/humble
[1.514s] Level 1:colcon.colcon_core.package_discovery:discover_packages(prefix_path) using defaults
[1.706s] Level 5:colcon.colcon_core.verb:set package 'system_launch' build argument 'cmake_args' from command line to 'None'
[1.706s] Level 5:colcon.colcon_core.verb:set package 'system_launch' build argument 'cmake_target' from command line to 'None'
[1.706s] Level 5:colcon.colcon_core.verb:set package 'system_launch' build argument 'cmake_target_skip_unavailable' from command line to 'False'
[1.706s] Level 5:colcon.colcon_core.verb:set package 'system_launch' build argument 'cmake_clean_cache' from command line to 'False'
[1.706s] Level 5:colcon.colcon_core.verb:set package 'system_launch' build argument 'cmake_clean_first' from command line to 'False'
[1.706s] Level 5:colcon.colcon_core.verb:set package 'system_launch' build argument 'cmake_force_configure' from command line to 'False'
[1.707s] Level 5:colcon.colcon_core.verb:set package 'system_launch' build argument 'ament_cmake_args' from command line to 'None'
[1.707s] Level 5:colcon.colcon_core.verb:set package 'system_launch' build argument 'catkin_cmake_args' from command line to 'None'
[1.707s] Level 5:colcon.colcon_core.verb:set package 'system_launch' build argument 'catkin_skip_building_tests' from command line to 'False'
[1.707s] DEBUG:colcon.colcon_core.verb:Building package 'system_launch' with the following arguments: {'ament_cmake_args': None, 'build_base': '/home/rofida/RPOD_ws/build/system_launch', 'catkin_cmake_args': None, 'catkin_skip_building_tests': False, 'cmake_args': None, 'cmake_clean_cache': False, 'cmake_clean_first': False, 'cmake_force_configure': False, 'cmake_target': None, 'cmake_target_skip_unavailable': False, 'install_base': '/home/rofida/RPOD_ws/install/system_launch', 'merge_install': False, 'path': '/home/rofida/RPOD_ws/src/system_launch', 'symlink_install': False, 'test_result_base': None}
[1.708s] INFO:colcon.colcon_core.executor:Executing jobs using 'parallel' executor
[1.711s] DEBUG:colcon.colcon_parallel_executor.executor.parallel:run_until_complete
[1.711s] INFO:colcon.colcon_ros.task.ament_cmake.build:Building ROS package in '/home/rofida/RPOD_ws/src/system_launch' with build type 'ament_cmake'
[1.712s] INFO:colcon.colcon_cmake.task.cmake.build:Building CMake package in '/home/rofida/RPOD_ws/src/system_launch'
[1.721s] INFO:colcon.colcon_core.plugin_system:Skipping extension 'colcon_core.shell.bat': Not used on non-Windows systems
[1.722s] INFO:colcon.colcon_core.shell:Skip shell extension 'powershell' for command environment: Not usable outside of PowerShell
[1.722s] DEBUG:colcon.colcon_core.shell:Skip shell extension 'dsv' for command environment
[1.771s] DEBUG:colcon.colcon_core.event_handler.log_command:Invoking command in '/home/rofida/RPOD_ws/build/system_launch': CMAKE_PREFIX_PATH=/home/rofida/RPOD_ws/install/statespace_chaser_mpc_ros2:/home/rofida/RPOD_ws/install/speed_processing:/home/rofida/RPOD_ws/install/mpc_super_visor:/home/rofida/RPOD_ws/install/system_launch:/home/rofida/RPOD_ws/install/motor_uart_pkg:/home/rofida/RPOD_ws/install/modelv2_mpc_ros2:/home/rofida/RPOD_ws/install/modelv2_mpc_limited_ros2:/home/rofida/RPOD_ws/install/modelv2:/opt/ros/humble /usr/bin/cmake --build /home/rofida/RPOD_ws/build/system_launch -- -j12 -l12
[2.781s] DEBUG:colcon.colcon_core.event_handler.log_command:Invoked command in '/home/rofida/RPOD_ws/build/system_launch' returned '0': CMAKE_PREFIX_PATH=/home/rofida/RPOD_ws/install/statespace_chaser_mpc_ros2:/home/rofida/RPOD_ws/install/speed_processing:/home/rofida/RPOD_ws/install/mpc_super_visor:/home/rofida/RPOD_ws/install/system_launch:/home/rofida/RPOD_ws/install/motor_uart_pkg:/home/rofida/RPOD_ws/install/modelv2_mpc_ros2:/home/rofida/RPOD_ws/install/modelv2_mpc_limited_ros2:/home/rofida/RPOD_ws/install/modelv2:/opt/ros/humble /usr/bin/cmake --build /home/rofida/RPOD_ws/build/system_launch -- -j12 -l12
[2.822s] DEBUG:colcon.colcon_core.event_handler.log_command:Invoking command in '/home/rofida/RPOD_ws/build/system_launch': CMAKE_PREFIX_PATH=/home/rofida/RPOD_ws/install/statespace_chaser_mpc_ros2:/home/rofida/RPOD_ws/install/speed_processing:/home/rofida/RPOD_ws/install/mpc_super_visor:/home/rofida/RPOD_ws/install/system_launch:/home/rofida/RPOD_ws/install/motor_uart_pkg:/home/rofida/RPOD_ws/install/modelv2_mpc_ros2:/home/rofida/RPOD_ws/install/modelv2_mpc_limited_ros2:/home/rofida/RPOD_ws/install/modelv2:/opt/ros/humble /usr/bin/cmake --install /home/rofida/RPOD_ws/build/system_launch
[2.871s] Level 1:colcon.colcon_core.environment:create_environment_scripts_only(system_launch)
[2.875s] DEBUG:colcon.colcon_core.event_handler.log_command:Invoked command in '/home/rofida/RPOD_ws/build/system_launch' returned '0': CMAKE_PREFIX_PATH=/home/rofida/RPOD_ws/install/statespace_chaser_mpc_ros2:/home/rofida/RPOD_ws/install/speed_processing:/home/rofida/RPOD_ws/install/mpc_super_visor:/home/rofida/RPOD_ws/install/system_launch:/home/rofida/RPOD_ws/install/motor_uart_pkg:/home/rofida/RPOD_ws/install/modelv2_mpc_ros2:/home/rofida/RPOD_ws/install/modelv2_mpc_limited_ros2:/home/rofida/RPOD_ws/install/modelv2:/opt/ros/humble /usr/bin/cmake --install /home/rofida/RPOD_ws/build/system_launch
[2.887s] Level 1:colcon.colcon_core.environment:checking '/home/rofida/RPOD_ws/install/system_launch' for CMake module files
[2.890s] Level 1:colcon.colcon_core.environment:checking '/home/rofida/RPOD_ws/install/system_launch' for CMake config files
[2.892s] Level 1:colcon.colcon_core.shell:create_environment_hook('system_launch', 'cmake_prefix_path')
[2.893s] INFO:colcon.colcon_core.shell:Creating environment hook '/home/rofida/RPOD_ws/install/system_launch/share/system_launch/hook/cmake_prefix_path.ps1'
[2.897s] INFO:colcon.colcon_core.shell:Creating environment descriptor '/home/rofida/RPOD_ws/install/system_launch/share/system_launch/hook/cmake_prefix_path.dsv'
[2.900s] INFO:colcon.colcon_core.shell:Creating environment hook '/home/rofida/RPOD_ws/install/system_launch/share/system_launch/hook/cmake_prefix_path.sh'
[2.905s] Level 1:colcon.colcon_core.environment:checking '/home/rofida/RPOD_ws/install/system_launch/bin'
[2.906s] Level 1:colcon.colcon_core.environment:checking '/home/rofida/RPOD_ws/install/system_launch/lib/pkgconfig/system_launch.pc'
[2.908s] Level 1:colcon.colcon_core.environment:checking '/home/rofida/RPOD_ws/install/system_launch/lib/python3.10/site-packages'
[2.909s] Level 1:colcon.colcon_core.environment:checking '/home/rofida/RPOD_ws/install/system_launch/bin'
[2.911s] INFO:colcon.colcon_core.shell:Creating package script '/home/rofida/RPOD_ws/install/system_launch/share/system_launch/package.ps1'
[2.914s] INFO:colcon.colcon_core.shell:Creating package descriptor '/home/rofida/RPOD_ws/install/system_launch/share/system_launch/package.dsv'
[2.917s] INFO:colcon.colcon_core.shell:Creating package script '/home/rofida/RPOD_ws/install/system_launch/share/system_launch/package.sh'
[2.920s] INFO:colcon.colcon_core.shell:Creating package script '/home/rofida/RPOD_ws/install/system_launch/share/system_launch/package.bash'
[2.924s] INFO:colcon.colcon_core.shell:Creating package script '/home/rofida/RPOD_ws/install/system_launch/share/system_launch/package.zsh'
[2.927s] Level 1:colcon.colcon_core.environment:create_file_with_runtime_dependencies(/home/rofida/RPOD_ws/install/system_launch/share/colcon-core/packages/system_launch)
[2.929s] Level 1:colcon.colcon_core.environment:create_environment_scripts_only(system_launch)
[2.930s] Level 1:colcon.colcon_core.environment:checking '/home/rofida/RPOD_ws/install/system_launch' for CMake module files
[2.931s] Level 1:colcon.colcon_core.environment:checking '/home/rofida/RPOD_ws/install/system_launch' for CMake config files
[2.932s] Level 1:colcon.colcon_core.shell:create_environment_hook('system_launch', 'cmake_prefix_path')
[2.933s] INFO:colcon.colcon_core.shell:Creating environment hook '/home/rofida/RPOD_ws/install/system_launch/share/system_launch/hook/cmake_prefix_path.ps1'
[2.935s] INFO:colcon.colcon_core.shell:Creating environment descriptor '/home/rofida/RPOD_ws/install/system_launch/share/system_launch/hook/cmake_prefix_path.dsv'
[2.936s] INFO:colcon.colcon_core.shell:Creating environment hook '/home/rofida/RPOD_ws/install/system_launch/share/system_launch/hook/cmake_prefix_path.sh'
[2.938s] Level 1:colcon.colcon_core.environment:checking '/home/rofida/RPOD_ws/install/system_launch/bin'
[2.939s] Level 1:colcon.colcon_core.environment:checking '/home/rofida/RPOD_ws/install/system_launch/lib/pkgconfig/system_launch.pc'
[2.940s] Level 1:colcon.colcon_core.environment:checking '/home/rofida/RPOD_ws/install/system_launch/lib/python3.10/site-packages'
[2.941s] Level 1:colcon.colcon_core.environment:checking '/home/rofida/RPOD_ws/install/system_launch/bin'
[2.942s] INFO:colcon.colcon_core.shell:Creating package script '/home/rofida/RPOD_ws/install/system_launch/share/system_launch/package.ps1'
[2.944s] INFO:colcon.colcon_core.shell:Creating package descriptor '/home/rofida/RPOD_ws/install/system_launch/share/system_launch/package.dsv'
[2.946s] INFO:colcon.colcon_core.shell:Creating package script '/home/rofida/RPOD_ws/install/system_launch/share/system_launch/package.sh'
[2.949s] INFO:colcon.colcon_core.shell:Creating package script '/home/rofida/RPOD_ws/install/system_launch/share/system_launch/package.bash'
[2.950s] INFO:colcon.colcon_core.shell:Creating package script '/home/rofida/RPOD_ws/install/system_launch/share/system_launch/package.zsh'
[2.952s] Level 1:colcon.colcon_core.environment:create_file_with_runtime_dependencies(/home/rofida/RPOD_ws/install/system_launch/share/colcon-core/packages/system_launch)
[2.953s] DEBUG:colcon.colcon_parallel_executor.executor.parallel:closing loop
[2.954s] DEBUG:colcon.colcon_parallel_executor.executor.parallel:loop closed
[2.954s] DEBUG:colcon.colcon_parallel_executor.executor.parallel:run_until_complete finished with '0'
[2.955s] DEBUG:colcon.colcon_core.event_reactor:joining thread
[2.975s] INFO:colcon.colcon_core.plugin_system:Skipping extension 'colcon_notification.desktop_notification.terminal_notifier': Not used on non-Darwin systems
[2.975s] INFO:colcon.colcon_core.plugin_system:Skipping extension 'colcon_notification.desktop_notification.win32': Not used on non-Windows systems
[2.976s] INFO:colcon.colcon_notification.desktop_notification:Sending desktop notification using 'notify2'
[3.019s] DEBUG:colcon.colcon_core.event_reactor:joined thread
[3.021s] INFO:colcon.colcon_core.shell:Creating prefix script '/home/rofida/RPOD_ws/install/local_setup.ps1'
[3.025s] INFO:colcon.colcon_core.shell:Creating prefix util module '/home/rofida/RPOD_ws/install/_local_setup_util_ps1.py'
[3.032s] INFO:colcon.colcon_core.shell:Creating prefix chain script '/home/rofida/RPOD_ws/install/setup.ps1'
[3.038s] INFO:colcon.colcon_core.shell:Creating prefix script '/home/rofida/RPOD_ws/install/local_setup.sh'
[3.041s] INFO:colcon.colcon_core.shell:Creating prefix util module '/home/rofida/RPOD_ws/install/_local_setup_util_sh.py'
[3.043s] INFO:colcon.colcon_core.shell:Creating prefix chain script '/home/rofida/RPOD_ws/install/setup.sh'
[3.049s] INFO:colcon.colcon_core.shell:Creating prefix script '/home/rofida/RPOD_ws/install/local_setup.bash'
[3.051s] INFO:colcon.colcon_core.shell:Creating prefix chain script '/home/rofida/RPOD_ws/install/setup.bash'
[3.057s] INFO:colcon.colcon_core.shell:Creating prefix script '/home/rofida/RPOD_ws/install/local_setup.zsh'
[3.059s] INFO:colcon.colcon_core.shell:Creating prefix chain script '/home/rofida/RPOD_ws/install/setup.zsh'
