[0.086s] Invoking command in '/home/rofida/RPOD_ws/build/speed_processing': CMAKE_PREFIX_PATH=${CMAKE_PREFIX_PATH}:/opt/ros/humble /usr/bin/cmake --build /home/rofida/RPOD_ws/build/speed_processing -- -j12 -l12
[0.447s] [100%] Built target speed_processing
[0.491s] Invoked command in '/home/rofida/RPOD_ws/build/speed_processing' returned '0': CMAKE_PREFIX_PATH=${CMAKE_PREFIX_PATH}:/opt/ros/humble /usr/bin/cmake --build /home/rofida/RPOD_ws/build/speed_processing -- -j12 -l12
[0.536s] Invoking command in '/home/rofida/RPOD_ws/build/speed_processing': CMAKE_PREFIX_PATH=${CMAKE_PREFIX_PATH}:/opt/ros/humble /usr/bin/cmake --install /home/rofida/RPOD_ws/build/speed_processing
[0.566s] -- Install configuration: ""
[0.569s] -- Execute custom install script
[0.572s] -- Up-to-date symlink: /home/rofida/RPOD_ws/install/speed_processing/lib/speed_processing/speed_processing
[0.573s] -- Up-to-date symlink: /home/rofida/RPOD_ws/install/speed_processing/share/ament_index/resource_index/package_run_dependencies/speed_processing
[0.574s] -- Up-to-date symlink: /home/rofida/RPOD_ws/install/speed_processing/share/ament_index/resource_index/parent_prefix_path/speed_processing
[0.576s] -- Up-to-date symlink: /home/rofida/RPOD_ws/install/speed_processing/share/speed_processing/environment/ament_prefix_path.sh
[0.576s] -- Up-to-date symlink: /home/rofida/RPOD_ws/install/speed_processing/share/speed_processing/environment/ament_prefix_path.dsv
[0.578s] -- Up-to-date symlink: /home/rofida/RPOD_ws/install/speed_processing/share/speed_processing/environment/path.sh
[0.578s] -- Up-to-date symlink: /home/rofida/RPOD_ws/install/speed_processing/share/speed_processing/environment/path.dsv
[0.579s] -- Up-to-date symlink: /home/rofida/RPOD_ws/install/speed_processing/share/speed_processing/local_setup.bash
[0.581s] -- Up-to-date symlink: /home/rofida/RPOD_ws/install/speed_processing/share/speed_processing/local_setup.sh
[0.584s] -- Up-to-date symlink: /home/rofida/RPOD_ws/install/speed_processing/share/speed_processing/local_setup.zsh
[0.585s] -- Up-to-date symlink: /home/rofida/RPOD_ws/install/speed_processing/share/speed_processing/local_setup.dsv
[0.586s] -- Symlinking: /home/rofida/RPOD_ws/install/speed_processing/share/speed_processing/package.dsv
[0.623s] -- Up-to-date symlink: /home/rofida/RPOD_ws/install/speed_processing/share/ament_index/resource_index/packages/speed_processing
[0.625s] -- Up-to-date symlink: /home/rofida/RPOD_ws/install/speed_processing/share/speed_processing/cmake/speed_processingConfig.cmake
[0.626s] -- Up-to-date symlink: /home/rofida/RPOD_ws/install/speed_processing/share/speed_processing/cmake/speed_processingConfig-version.cmake
[0.627s] -- Up-to-date symlink: /home/rofida/RPOD_ws/install/speed_processing/share/speed_processing/package.xml
[0.635s] Invoked command in '/home/rofida/RPOD_ws/build/speed_processing' returned '0': CMAKE_PREFIX_PATH=${CMAKE_PREFIX_PATH}:/opt/ros/humble /usr/bin/cmake --install /home/rofida/RPOD_ws/build/speed_processing
