[0.129s] Invoking command in '/home/rofida/RPOD_ws/build/modelv2_mpc_limited_ros2': CMAKE_PREFIX_PATH=${CMAKE_PREFIX_PATH}:/opt/ros/humble /usr/bin/cmake --build /home/rofida/RPOD_ws/build/modelv2_mpc_limited_ros2 -- -j12 -l12
[0.369s] [ 60%] Built target modelv2_gen
[0.506s] [100%] Built target mpc_controller_node
[0.629s] Invoked command in '/home/rofida/RPOD_ws/build/modelv2_mpc_limited_ros2' returned '0': CMAKE_PREFIX_PATH=${CMAKE_PREFIX_PATH}:/opt/ros/humble /usr/bin/cmake --build /home/rofida/RPOD_ws/build/modelv2_mpc_limited_ros2 -- -j12 -l12
[0.636s] Invoking command in '/home/rofida/RPOD_ws/build/modelv2_mpc_limited_ros2': CMAKE_PREFIX_PATH=${CMAKE_PREFIX_PATH}:/opt/ros/humble /usr/bin/cmake --install /home/rofida/RPOD_ws/build/modelv2_mpc_limited_ros2
[0.671s] -- Install configuration: ""
[0.674s] -- Execute custom install script
[0.678s] -- Up-to-date symlink: /home/rofida/RPOD_ws/install/modelv2_mpc_limited_ros2/lib/modelv2_mpc_limited_ros2/mpc_controller_node
[0.679s] -- Up-to-date symlink: /home/rofida/RPOD_ws/install/modelv2_mpc_limited_ros2/share/modelv2_mpc_limited_ros2/launch/mpc_controller.launch.py
[0.679s] -- Up-to-date symlink: /home/rofida/RPOD_ws/install/modelv2_mpc_limited_ros2/share/ament_index/resource_index/package_run_dependencies/modelv2_mpc_limited_ros2
[0.680s] -- Up-to-date symlink: /home/rofida/RPOD_ws/install/modelv2_mpc_limited_ros2/share/ament_index/resource_index/parent_prefix_path/modelv2_mpc_limited_ros2
[0.682s] -- Up-to-date symlink: /home/rofida/RPOD_ws/install/modelv2_mpc_limited_ros2/share/modelv2_mpc_limited_ros2/environment/ament_prefix_path.sh
[0.682s] -- Up-to-date symlink: /home/rofida/RPOD_ws/install/modelv2_mpc_limited_ros2/share/modelv2_mpc_limited_ros2/environment/ament_prefix_path.dsv
[0.684s] -- Up-to-date symlink: /home/rofida/RPOD_ws/install/modelv2_mpc_limited_ros2/share/modelv2_mpc_limited_ros2/environment/path.sh
[0.685s] -- Up-to-date symlink: /home/rofida/RPOD_ws/install/modelv2_mpc_limited_ros2/share/modelv2_mpc_limited_ros2/environment/path.dsv
[0.686s] -- Up-to-date symlink: /home/rofida/RPOD_ws/install/modelv2_mpc_limited_ros2/share/modelv2_mpc_limited_ros2/local_setup.bash
[0.687s] -- Up-to-date symlink: /home/rofida/RPOD_ws/install/modelv2_mpc_limited_ros2/share/modelv2_mpc_limited_ros2/local_setup.sh
[0.688s] -- Up-to-date symlink: /home/rofida/RPOD_ws/install/modelv2_mpc_limited_ros2/share/modelv2_mpc_limited_ros2/local_setup.zsh
[0.689s] -- Up-to-date symlink: /home/rofida/RPOD_ws/install/modelv2_mpc_limited_ros2/share/modelv2_mpc_limited_ros2/local_setup.dsv
[0.689s] -- Symlinking: /home/rofida/RPOD_ws/install/modelv2_mpc_limited_ros2/share/modelv2_mpc_limited_ros2/package.dsv
[0.734s] -- Up-to-date symlink: /home/rofida/RPOD_ws/install/modelv2_mpc_limited_ros2/share/ament_index/resource_index/packages/modelv2_mpc_limited_ros2
[0.735s] -- Up-to-date symlink: /home/rofida/RPOD_ws/install/modelv2_mpc_limited_ros2/share/modelv2_mpc_limited_ros2/cmake/modelv2_mpc_limited_ros2Config.cmake
[0.736s] -- Up-to-date symlink: /home/rofida/RPOD_ws/install/modelv2_mpc_limited_ros2/share/modelv2_mpc_limited_ros2/cmake/modelv2_mpc_limited_ros2Config-version.cmake
[0.736s] -- Up-to-date symlink: /home/rofida/RPOD_ws/install/modelv2_mpc_limited_ros2/share/modelv2_mpc_limited_ros2/package.xml
[0.813s] Invoked command in '/home/rofida/RPOD_ws/build/modelv2_mpc_limited_ros2' returned '0': CMAKE_PREFIX_PATH=${CMAKE_PREFIX_PATH}:/opt/ros/humble /usr/bin/cmake --install /home/rofida/RPOD_ws/build/modelv2_mpc_limited_ros2
