[0.035s] Invoking command in '/home/rofida/RPOD_ws/build/statespace_chaser_mpc_ros2': CMAKE_PREFIX_PATH=${CMAKE_PREFIX_PATH}:/opt/ros/humble /usr/bin/cmake /home/rofida/RPOD_ws/src/statespace_chaser_mpc_ros2 -DAMENT_CMAKE_SYMLINK_INSTALL=1 -DCMAKE_INSTALL_PREFIX=/home/rofida/RPOD_ws/install/statespace_chaser_mpc_ros2
[0.384s] -- The C compiler identification is GNU 11.4.0
[0.631s] -- The CXX compiler identification is GNU 11.4.0
[0.672s] -- Detecting C compiler ABI info
[0.954s] -- Detecting C compiler ABI info - done
[0.988s] -- Check for working C compiler: /usr/bin/cc - skipped
[0.990s] -- Detecting C compile features
[0.992s] -- Detecting C compile features - done
[1.008s] -- Detecting CXX compiler ABI info
[1.337s] -- Detecting CXX compiler ABI info - done
[1.371s] -- Check for working CXX compiler: /usr/bin/c++ - skipped
[1.373s] -- Detecting CXX compile features
[1.374s] -- Detecting CXX compile features - done
[1.394s] -- Found ament_cmake: 1.3.12 (/opt/ros/humble/share/ament_cmake/cmake)
[2.035s] -- Found Python3: /usr/bin/python3 (found version "3.10.12") found components: Interpreter 
[2.320s] -- Override CMake install command with custom implementation using symlinks instead of copying resources
[2.491s] -- Found rclcpp: 16.0.17 (/opt/ros/humble/share/rclcpp/cmake)
[2.734s] -- Found rosidl_generator_c: 3.1.8 (/opt/ros/humble/share/rosidl_generator_c/cmake)
[2.762s] -- Found rosidl_adapter: 3.1.8 (/opt/ros/humble/share/rosidl_adapter/cmake)
[2.811s] -- Found rosidl_generator_cpp: 3.1.8 (/opt/ros/humble/share/rosidl_generator_cpp/cmake)
[2.882s] -- Using all available rosidl_typesupport_c: rosidl_typesupport_fastrtps_c;rosidl_typesupport_introspection_c
[2.974s] -- Using all available rosidl_typesupport_cpp: rosidl_typesupport_fastrtps_cpp;rosidl_typesupport_introspection_cpp
[3.224s] -- Found rmw_implementation_cmake: 6.1.2 (/opt/ros/humble/share/rmw_implementation_cmake/cmake)
[3.241s] -- Found rmw_fastrtps_cpp: 6.2.9 (/opt/ros/humble/share/rmw_fastrtps_cpp/cmake)
[3.656s] -- Found OpenSSL: /usr/lib/x86_64-linux-gnu/libcrypto.so (found version "3.0.2")  
[3.781s] -- Found FastRTPS: /opt/ros/humble/include  
[3.969s] -- Using RMW implementation 'rmw_fastrtps_cpp' as default
[4.019s] -- Looking for pthread.h
[4.319s] -- Looking for pthread.h - found
[4.322s] -- Performing Test CMAKE_HAVE_LIBC_PTHREAD
[4.620s] -- Performing Test CMAKE_HAVE_LIBC_PTHREAD - Success
[4.625s] -- Found Threads: TRUE  
[4.940s] -- Found geometry_msgs: 4.9.0 (/opt/ros/humble/share/geometry_msgs/cmake)
[5.028s] -- Found tf2: 0.25.18 (/opt/ros/humble/share/tf2/cmake)
[5.096s] -- Found tf2_geometry_msgs: 0.25.18 (/opt/ros/humble/share/tf2_geometry_msgs/cmake)
[5.171s] -- Found eigen3_cmake_module: 0.1.1 (/opt/ros/humble/share/eigen3_cmake_module/cmake)
[5.178s] -- Found Eigen3: TRUE (found version "3.4.0") 
[5.178s] -- Ensuring Eigen3 include directory is part of orocos-kdl CMake target
[6.042s] -- Configuring done
[6.097s] -- Generating done
[6.117s] -- Build files have been written to: /home/rofida/RPOD_ws/build/statespace_chaser_mpc_ros2
[6.157s] Invoked command in '/home/rofida/RPOD_ws/build/statespace_chaser_mpc_ros2' returned '0': CMAKE_PREFIX_PATH=${CMAKE_PREFIX_PATH}:/opt/ros/humble /usr/bin/cmake /home/rofida/RPOD_ws/src/statespace_chaser_mpc_ros2 -DAMENT_CMAKE_SYMLINK_INSTALL=1 -DCMAKE_INSTALL_PREFIX=/home/rofida/RPOD_ws/install/statespace_chaser_mpc_ros2
[6.165s] Invoking command in '/home/rofida/RPOD_ws/build/statespace_chaser_mpc_ros2': CMAKE_PREFIX_PATH=${CMAKE_PREFIX_PATH}:/opt/ros/humble /usr/bin/cmake --build /home/rofida/RPOD_ws/build/statespace_chaser_mpc_ros2 -- -j12 -l12
[6.364s] [ 20%] [32mBuilding C object CMakeFiles/statespace_chaser_gen.dir/src/gen/statespace_chaser_test0x2810x29_data.c.o[0m
[6.365s] [ 40%] [32mBuilding C object CMakeFiles/statespace_chaser_gen.dir/src/gen/statespace_chaser_test0x2810x29.c.o[0m
[7.206s] [ 60%] [32m[1mLinking C static library libstatespace_chaser_gen.a[0m
[7.333s] [ 60%] Built target statespace_chaser_gen
[7.416s] [ 80%] [32mBuilding CXX object CMakeFiles/mpc_controller_node.dir/src/mpc_controller_node.cpp.o[0m
[41.983s] [100%] [32m[1mLinking CXX executable mpc_controller_node[0m
[43.711s] [100%] Built target mpc_controller_node
[43.756s] Invoked command in '/home/rofida/RPOD_ws/build/statespace_chaser_mpc_ros2' returned '0': CMAKE_PREFIX_PATH=${CMAKE_PREFIX_PATH}:/opt/ros/humble /usr/bin/cmake --build /home/rofida/RPOD_ws/build/statespace_chaser_mpc_ros2 -- -j12 -l12
[43.796s] Invoking command in '/home/rofida/RPOD_ws/build/statespace_chaser_mpc_ros2': CMAKE_PREFIX_PATH=${CMAKE_PREFIX_PATH}:/opt/ros/humble /usr/bin/cmake --install /home/rofida/RPOD_ws/build/statespace_chaser_mpc_ros2
[43.823s] -- Install configuration: ""
[43.825s] -- Execute custom install script
[43.827s] -- Symlinking: /home/rofida/RPOD_ws/install/statespace_chaser_mpc_ros2/lib/statespace_chaser_mpc_ros2/mpc_controller_node
[43.862s] -- Symlinking: /home/rofida/RPOD_ws/install/statespace_chaser_mpc_ros2/share/statespace_chaser_mpc_ros2/launch/mpc_controller.launch.py
[43.896s] -- Symlinking: /home/rofida/RPOD_ws/install/statespace_chaser_mpc_ros2/share/ament_index/resource_index/package_run_dependencies/statespace_chaser_mpc_ros2
[43.931s] -- Symlinking: /home/rofida/RPOD_ws/install/statespace_chaser_mpc_ros2/share/ament_index/resource_index/parent_prefix_path/statespace_chaser_mpc_ros2
[43.967s] -- Symlinking: /home/rofida/RPOD_ws/install/statespace_chaser_mpc_ros2/share/statespace_chaser_mpc_ros2/environment/ament_prefix_path.sh
[44.001s] -- Symlinking: /home/rofida/RPOD_ws/install/statespace_chaser_mpc_ros2/share/statespace_chaser_mpc_ros2/environment/ament_prefix_path.dsv
[44.035s] -- Symlinking: /home/rofida/RPOD_ws/install/statespace_chaser_mpc_ros2/share/statespace_chaser_mpc_ros2/environment/path.sh
[44.069s] -- Symlinking: /home/rofida/RPOD_ws/install/statespace_chaser_mpc_ros2/share/statespace_chaser_mpc_ros2/environment/path.dsv
[44.103s] -- Symlinking: /home/rofida/RPOD_ws/install/statespace_chaser_mpc_ros2/share/statespace_chaser_mpc_ros2/local_setup.bash
[44.137s] -- Symlinking: /home/rofida/RPOD_ws/install/statespace_chaser_mpc_ros2/share/statespace_chaser_mpc_ros2/local_setup.sh
[44.171s] -- Symlinking: /home/rofida/RPOD_ws/install/statespace_chaser_mpc_ros2/share/statespace_chaser_mpc_ros2/local_setup.zsh
[44.206s] -- Symlinking: /home/rofida/RPOD_ws/install/statespace_chaser_mpc_ros2/share/statespace_chaser_mpc_ros2/local_setup.dsv
[44.240s] -- Symlinking: /home/rofida/RPOD_ws/install/statespace_chaser_mpc_ros2/share/statespace_chaser_mpc_ros2/package.dsv
[44.274s] -- Symlinking: /home/rofida/RPOD_ws/install/statespace_chaser_mpc_ros2/share/ament_index/resource_index/packages/statespace_chaser_mpc_ros2
[44.308s] -- Symlinking: /home/rofida/RPOD_ws/install/statespace_chaser_mpc_ros2/share/statespace_chaser_mpc_ros2/cmake/statespace_chaser_mpc_ros2Config.cmake
[44.343s] -- Symlinking: /home/rofida/RPOD_ws/install/statespace_chaser_mpc_ros2/share/statespace_chaser_mpc_ros2/cmake/statespace_chaser_mpc_ros2Config-version.cmake
[44.377s] -- Symlinking: /home/rofida/RPOD_ws/install/statespace_chaser_mpc_ros2/share/statespace_chaser_mpc_ros2/package.xml
[44.419s] Invoked command in '/home/rofida/RPOD_ws/build/statespace_chaser_mpc_ros2' returned '0': CMAKE_PREFIX_PATH=${CMAKE_PREFIX_PATH}:/opt/ros/humble /usr/bin/cmake --install /home/rofida/RPOD_ws/build/statespace_chaser_mpc_ros2
