[0.144s] Invoking command in '/home/rofida/RPOD_ws/build/modelv2_mpc_limited_ros2': CMAKE_PREFIX_PATH=${CMAKE_PREFIX_PATH}:/opt/ros/humble /usr/bin/cmake --build /home/rofida/RPOD_ws/build/modelv2_mpc_limited_ros2 -- -j12 -l12
[0.426s] [ 60%] Built target modelv2_gen
[0.481s] [35m[1mConsolidate compiler generated dependencies of target mpc_controller_node[0m
[0.586s] [100%] Built target mpc_controller_node
[0.644s] Invoked command in '/home/rofida/RPOD_ws/build/modelv2_mpc_limited_ros2' returned '0': CMAKE_PREFIX_PATH=${CMAKE_PREFIX_PATH}:/opt/ros/humble /usr/bin/cmake --build /home/rofida/RPOD_ws/build/modelv2_mpc_limited_ros2 -- -j12 -l12
[0.653s] Invoking command in '/home/rofida/RPOD_ws/build/modelv2_mpc_limited_ros2': CMAKE_PREFIX_PATH=${CMAKE_PREFIX_PATH}:/opt/ros/humble /usr/bin/cmake --install /home/rofida/RPOD_ws/build/modelv2_mpc_limited_ros2
[0.688s] -- Install configuration: ""
[0.691s] -- Execute custom install script
[0.694s] -- Up-to-date symlink: /home/rofida/RPOD_ws/install/modelv2_mpc_limited_ros2/lib/modelv2_mpc_limited_ros2/mpc_controller_node
[0.695s] -- Up-to-date symlink: /home/rofida/RPOD_ws/install/modelv2_mpc_limited_ros2/share/modelv2_mpc_limited_ros2/launch/mpc_controller.launch.py
[0.696s] -- Up-to-date symlink: /home/rofida/RPOD_ws/install/modelv2_mpc_limited_ros2/share/ament_index/resource_index/package_run_dependencies/modelv2_mpc_limited_ros2
[0.697s] -- Up-to-date symlink: /home/rofida/RPOD_ws/install/modelv2_mpc_limited_ros2/share/ament_index/resource_index/parent_prefix_path/modelv2_mpc_limited_ros2
[0.698s] -- Up-to-date symlink: /home/rofida/RPOD_ws/install/modelv2_mpc_limited_ros2/share/modelv2_mpc_limited_ros2/environment/ament_prefix_path.sh
[0.699s] -- Up-to-date symlink: /home/rofida/RPOD_ws/install/modelv2_mpc_limited_ros2/share/modelv2_mpc_limited_ros2/environment/ament_prefix_path.dsv
[0.701s] -- Up-to-date symlink: /home/rofida/RPOD_ws/install/modelv2_mpc_limited_ros2/share/modelv2_mpc_limited_ros2/environment/path.sh
[0.702s] -- Up-to-date symlink: /home/rofida/RPOD_ws/install/modelv2_mpc_limited_ros2/share/modelv2_mpc_limited_ros2/environment/path.dsv
[0.703s] -- Up-to-date symlink: /home/rofida/RPOD_ws/install/modelv2_mpc_limited_ros2/share/modelv2_mpc_limited_ros2/local_setup.bash
[0.704s] -- Up-to-date symlink: /home/rofida/RPOD_ws/install/modelv2_mpc_limited_ros2/share/modelv2_mpc_limited_ros2/local_setup.sh
[0.705s] -- Up-to-date symlink: /home/rofida/RPOD_ws/install/modelv2_mpc_limited_ros2/share/modelv2_mpc_limited_ros2/local_setup.zsh
[0.706s] -- Up-to-date symlink: /home/rofida/RPOD_ws/install/modelv2_mpc_limited_ros2/share/modelv2_mpc_limited_ros2/local_setup.dsv
[0.707s] -- Symlinking: /home/rofida/RPOD_ws/install/modelv2_mpc_limited_ros2/share/modelv2_mpc_limited_ros2/package.dsv
[0.746s] -- Up-to-date symlink: /home/rofida/RPOD_ws/install/modelv2_mpc_limited_ros2/share/ament_index/resource_index/packages/modelv2_mpc_limited_ros2
[0.748s] -- Up-to-date symlink: /home/rofida/RPOD_ws/install/modelv2_mpc_limited_ros2/share/modelv2_mpc_limited_ros2/cmake/modelv2_mpc_limited_ros2Config.cmake
[0.749s] -- Up-to-date symlink: /home/rofida/RPOD_ws/install/modelv2_mpc_limited_ros2/share/modelv2_mpc_limited_ros2/cmake/modelv2_mpc_limited_ros2Config-version.cmake
[0.749s] -- Up-to-date symlink: /home/rofida/RPOD_ws/install/modelv2_mpc_limited_ros2/share/modelv2_mpc_limited_ros2/package.xml
[0.835s] Invoked command in '/home/rofida/RPOD_ws/build/modelv2_mpc_limited_ros2' returned '0': CMAKE_PREFIX_PATH=${CMAKE_PREFIX_PATH}:/opt/ros/humble /usr/bin/cmake --install /home/rofida/RPOD_ws/build/modelv2_mpc_limited_ros2
