[0.098s] Invoking command in '/home/rofida/RPOD_ws/build/modelv2_mpc_limited_ros2': CMAKE_PREFIX_PATH=${CMAKE_PREFIX_PATH}:/opt/ros/humble /usr/bin/cmake --build /home/rofida/RPOD_ws/build/modelv2_mpc_limited_ros2 -- -j12 -l12
[0.428s] [ 60%] Built target modelv2_gen
[0.550s] [ 80%] [32mBuilding CXX object CMakeFiles/mpc_controller_node.dir/src/mpc_controller_node.cpp.o[0m
[47.768s] [100%] [32m[1mLinking CXX executable mpc_controller_node[0m
[50.175s] [100%] Built target mpc_controller_node
[50.219s] Invoked command in '/home/rofida/RPOD_ws/build/modelv2_mpc_limited_ros2' returned '0': CMAKE_PREFIX_PATH=${CMAKE_PREFIX_PATH}:/opt/ros/humble /usr/bin/cmake --build /home/rofida/RPOD_ws/build/modelv2_mpc_limited_ros2 -- -j12 -l12
[50.226s] Invoking command in '/home/rofida/RPOD_ws/build/modelv2_mpc_limited_ros2': CMAKE_PREFIX_PATH=${CMAKE_PREFIX_PATH}:/opt/ros/humble /usr/bin/cmake --install /home/rofida/RPOD_ws/build/modelv2_mpc_limited_ros2
[50.255s] -- Install configuration: ""
[50.258s] -- Execute custom install script
[50.261s] -- Up-to-date symlink: /home/rofida/RPOD_ws/install/modelv2_mpc_limited_ros2/lib/modelv2_mpc_limited_ros2/mpc_controller_node
[50.264s] -- Up-to-date symlink: /home/rofida/RPOD_ws/install/modelv2_mpc_limited_ros2/share/modelv2_mpc_limited_ros2/launch/mpc_controller.launch.py
[50.264s] -- Up-to-date symlink: /home/rofida/RPOD_ws/install/modelv2_mpc_limited_ros2/share/ament_index/resource_index/package_run_dependencies/modelv2_mpc_limited_ros2
[50.266s] -- Up-to-date symlink: /home/rofida/RPOD_ws/install/modelv2_mpc_limited_ros2/share/ament_index/resource_index/parent_prefix_path/modelv2_mpc_limited_ros2
[50.268s] -- Up-to-date symlink: /home/rofida/RPOD_ws/install/modelv2_mpc_limited_ros2/share/modelv2_mpc_limited_ros2/environment/ament_prefix_path.sh
[50.268s] -- Up-to-date symlink: /home/rofida/RPOD_ws/install/modelv2_mpc_limited_ros2/share/modelv2_mpc_limited_ros2/environment/ament_prefix_path.dsv
[50.270s] -- Up-to-date symlink: /home/rofida/RPOD_ws/install/modelv2_mpc_limited_ros2/share/modelv2_mpc_limited_ros2/environment/path.sh
[50.270s] -- Up-to-date symlink: /home/rofida/RPOD_ws/install/modelv2_mpc_limited_ros2/share/modelv2_mpc_limited_ros2/environment/path.dsv
[50.272s] -- Up-to-date symlink: /home/rofida/RPOD_ws/install/modelv2_mpc_limited_ros2/share/modelv2_mpc_limited_ros2/local_setup.bash
[50.273s] -- Up-to-date symlink: /home/rofida/RPOD_ws/install/modelv2_mpc_limited_ros2/share/modelv2_mpc_limited_ros2/local_setup.sh
[50.274s] -- Up-to-date symlink: /home/rofida/RPOD_ws/install/modelv2_mpc_limited_ros2/share/modelv2_mpc_limited_ros2/local_setup.zsh
[50.275s] -- Up-to-date symlink: /home/rofida/RPOD_ws/install/modelv2_mpc_limited_ros2/share/modelv2_mpc_limited_ros2/local_setup.dsv
[50.276s] -- Symlinking: /home/rofida/RPOD_ws/install/modelv2_mpc_limited_ros2/share/modelv2_mpc_limited_ros2/package.dsv
[50.312s] -- Up-to-date symlink: /home/rofida/RPOD_ws/install/modelv2_mpc_limited_ros2/share/ament_index/resource_index/packages/modelv2_mpc_limited_ros2
[50.313s] -- Up-to-date symlink: /home/rofida/RPOD_ws/install/modelv2_mpc_limited_ros2/share/modelv2_mpc_limited_ros2/cmake/modelv2_mpc_limited_ros2Config.cmake
[50.314s] -- Up-to-date symlink: /home/rofida/RPOD_ws/install/modelv2_mpc_limited_ros2/share/modelv2_mpc_limited_ros2/cmake/modelv2_mpc_limited_ros2Config-version.cmake
[50.315s] -- Up-to-date symlink: /home/rofida/RPOD_ws/install/modelv2_mpc_limited_ros2/share/modelv2_mpc_limited_ros2/package.xml
[50.324s] Invoked command in '/home/rofida/RPOD_ws/build/modelv2_mpc_limited_ros2' returned '0': CMAKE_PREFIX_PATH=${CMAKE_PREFIX_PATH}:/opt/ros/humble /usr/bin/cmake --install /home/rofida/RPOD_ws/build/modelv2_mpc_limited_ros2
