[0.110s] Invoking command in '/home/rofida/RPOD_ws/build/speed_processing': CMAKE_PREFIX_PATH=${CMAKE_PREFIX_PATH}:/opt/ros/humble /usr/bin/cmake --build /home/rofida/RPOD_ws/build/speed_processing -- -j12 -l12
[0.439s] [100%] Built target speed_processing
[0.494s] Invoked command in '/home/rofida/RPOD_ws/build/speed_processing' returned '0': CMAKE_PREFIX_PATH=${CMAKE_PREFIX_PATH}:/opt/ros/humble /usr/bin/cmake --build /home/rofida/RPOD_ws/build/speed_processing -- -j12 -l12
[0.544s] Invoking command in '/home/rofida/RPOD_ws/build/speed_processing': CMAKE_PREFIX_PATH=${CMAKE_PREFIX_PATH}:/opt/ros/humble /usr/bin/cmake --install /home/rofida/RPOD_ws/build/speed_processing
[0.583s] -- Install configuration: ""
[0.585s] -- Execute custom install script
[0.586s] -- Up-to-date symlink: /home/rofida/RPOD_ws/install/speed_processing/lib/speed_processing/speed_processing
[0.587s] -- Up-to-date symlink: /home/rofida/RPOD_ws/install/speed_processing/share/ament_index/resource_index/package_run_dependencies/speed_processing
[0.587s] -- Up-to-date symlink: /home/rofida/RPOD_ws/install/speed_processing/share/ament_index/resource_index/parent_prefix_path/speed_processing
[0.588s] -- Up-to-date symlink: /home/rofida/RPOD_ws/install/speed_processing/share/speed_processing/environment/ament_prefix_path.sh
[0.589s] -- Up-to-date symlink: /home/rofida/RPOD_ws/install/speed_processing/share/speed_processing/environment/ament_prefix_path.dsv
[0.590s] -- Up-to-date symlink: /home/rofida/RPOD_ws/install/speed_processing/share/speed_processing/environment/path.sh
[0.590s] -- Up-to-date symlink: /home/rofida/RPOD_ws/install/speed_processing/share/speed_processing/environment/path.dsv
[0.591s] -- Up-to-date symlink: /home/rofida/RPOD_ws/install/speed_processing/share/speed_processing/local_setup.bash
[0.592s] -- Up-to-date symlink: /home/rofida/RPOD_ws/install/speed_processing/share/speed_processing/local_setup.sh
[0.592s] -- Up-to-date symlink: /home/rofida/RPOD_ws/install/speed_processing/share/speed_processing/local_setup.zsh
[0.593s] -- Up-to-date symlink: /home/rofida/RPOD_ws/install/speed_processing/share/speed_processing/local_setup.dsv
[0.594s] -- Symlinking: /home/rofida/RPOD_ws/install/speed_processing/share/speed_processing/package.dsv
[0.636s] -- Up-to-date symlink: /home/rofida/RPOD_ws/install/speed_processing/share/ament_index/resource_index/packages/speed_processing
[0.637s] -- Up-to-date symlink: /home/rofida/RPOD_ws/install/speed_processing/share/speed_processing/cmake/speed_processingConfig.cmake
[0.638s] -- Up-to-date symlink: /home/rofida/RPOD_ws/install/speed_processing/share/speed_processing/cmake/speed_processingConfig-version.cmake
[0.640s] -- Up-to-date symlink: /home/rofida/RPOD_ws/install/speed_processing/share/speed_processing/package.xml
[0.650s] Invoked command in '/home/rofida/RPOD_ws/build/speed_processing' returned '0': CMAKE_PREFIX_PATH=${CMAKE_PREFIX_PATH}:/opt/ros/humble /usr/bin/cmake --install /home/rofida/RPOD_ws/build/speed_processing
