[0.114s] Invoking command in '/home/rofida/RPOD_ws/build/system_launch': CMAKE_PREFIX_PATH=${CMAKE_PREFIX_PATH}:/opt/ros/humble /usr/bin/cmake /home/rofida/RPOD_ws/src/system_launch -DCMAKE_INSTALL_PREFIX=/home/rofida/RPOD_ws/install/system_launch
[0.479s] -- The C compiler identification is GNU 11.4.0
[0.810s] -- The CXX compiler identification is GNU 11.4.0
[0.857s] -- Detecting C compiler ABI info
[1.174s] -- Detecting C compiler ABI info - done
[1.211s] -- Check for working C compiler: /usr/bin/cc - skipped
[1.213s] -- Detecting C compile features
[1.215s] -- Detecting C compile features - done
[1.231s] -- Detecting CXX compiler ABI info
[1.573s] -- Detecting CXX compiler ABI info - done
[1.610s] -- Check for working CXX compiler: /usr/bin/c++ - skipped
[1.612s] -- Detecting CXX compile features
[1.614s] -- Detecting CXX compile features - done
[1.631s] -- Found ament_cmake: 1.3.12 (/opt/ros/humble/share/ament_cmake/cmake)
[2.297s] -- Found Python3: /usr/bin/python3 (found version "3.10.12") found components: Interpreter 
[2.767s] -- Found ament_lint_auto: 0.12.14 (/opt/ros/humble/share/ament_lint_auto/cmake)
[3.159s] -- Added test 'flake8' to check Python code syntax and style conventions
[3.162s] -- Added test 'lint_cmake' to check CMake code style
[3.165s] -- Added test 'pep257' to check Python code against some of the docstring style conventions in PEP 257
[3.172s] -- Added test 'xmllint' to check XML markup files
[3.179s] -- Configuring done
[3.195s] -- Generating done
[3.202s] -- Build files have been written to: /home/rofida/RPOD_ws/build/system_launch
[3.218s] Invoked command in '/home/rofida/RPOD_ws/build/system_launch' returned '0': CMAKE_PREFIX_PATH=${CMAKE_PREFIX_PATH}:/opt/ros/humble /usr/bin/cmake /home/rofida/RPOD_ws/src/system_launch -DCMAKE_INSTALL_PREFIX=/home/rofida/RPOD_ws/install/system_launch
[3.225s] Invoking command in '/home/rofida/RPOD_ws/build/system_launch': CMAKE_PREFIX_PATH=${CMAKE_PREFIX_PATH}:/opt/ros/humble /usr/bin/cmake --build /home/rofida/RPOD_ws/build/system_launch -- -j12 -l12
[3.385s] Invoked command in '/home/rofida/RPOD_ws/build/system_launch' returned '0': CMAKE_PREFIX_PATH=${CMAKE_PREFIX_PATH}:/opt/ros/humble /usr/bin/cmake --build /home/rofida/RPOD_ws/build/system_launch -- -j12 -l12
[3.394s] Invoking command in '/home/rofida/RPOD_ws/build/system_launch': CMAKE_PREFIX_PATH=${CMAKE_PREFIX_PATH}:/opt/ros/humble /usr/bin/cmake --install /home/rofida/RPOD_ws/build/system_launch
[3.421s] -- Install configuration: ""
[3.422s] -- Installing: /home/rofida/RPOD_ws/install/system_launch/share/ament_index/resource_index/package_run_dependencies/system_launch
[3.423s] -- Installing: /home/rofida/RPOD_ws/install/system_launch/share/ament_index/resource_index/parent_prefix_path/system_launch
[3.424s] -- Installing: /home/rofida/RPOD_ws/install/system_launch/share/system_launch/environment/ament_prefix_path.sh
[3.425s] -- Installing: /home/rofida/RPOD_ws/install/system_launch/share/system_launch/environment/ament_prefix_path.dsv
[3.426s] -- Installing: /home/rofida/RPOD_ws/install/system_launch/share/system_launch/environment/path.sh
[3.427s] -- Installing: /home/rofida/RPOD_ws/install/system_launch/share/system_launch/environment/path.dsv
[3.428s] -- Installing: /home/rofida/RPOD_ws/install/system_launch/share/system_launch/local_setup.bash
[3.428s] -- Installing: /home/rofida/RPOD_ws/install/system_launch/share/system_launch/local_setup.sh
[3.429s] -- Installing: /home/rofida/RPOD_ws/install/system_launch/share/system_launch/local_setup.zsh
[3.430s] -- Installing: /home/rofida/RPOD_ws/install/system_launch/share/system_launch/local_setup.dsv
[3.430s] -- Installing: /home/rofida/RPOD_ws/install/system_launch/share/system_launch/package.dsv
[3.431s] -- Installing: /home/rofida/RPOD_ws/install/system_launch/share/ament_index/resource_index/packages/system_launch
[3.432s] -- Installing: /home/rofida/RPOD_ws/install/system_launch/share/system_launch/cmake/system_launchConfig.cmake
[3.433s] -- Installing: /home/rofida/RPOD_ws/install/system_launch/share/system_launch/cmake/system_launchConfig-version.cmake
[3.433s] -- Installing: /home/rofida/RPOD_ws/install/system_launch/share/system_launch/package.xml
[3.443s] Invoked command in '/home/rofida/RPOD_ws/build/system_launch' returned '0': CMAKE_PREFIX_PATH=${CMAKE_PREFIX_PATH}:/opt/ros/humble /usr/bin/cmake --install /home/rofida/RPOD_ws/build/system_launch
