Archive member included to satisfy reference by file (symbol)

C:/ST/STM32CubeIDE_1.13.1/STM32CubeIDE/plugins/com.st.stm32cube.ide.mcu.externaltools.gnu-tools-for-stm32.13.3.rel1.win32_1.0.0.202411081344/tools/bin/../lib/gcc/arm-none-eabi/13.3.1/../../../../arm-none-eabi/lib/thumb/v7e-m+fp/hard\libc_nano.a(libc_a-exit.o)
                              C:/ST/STM32CubeIDE_1.13.1/STM32CubeIDE/plugins/com.st.stm32cube.ide.mcu.externaltools.gnu-tools-for-stm32.13.3.rel1.win32_1.0.0.202411081344/tools/bin/../lib/gcc/arm-none-eabi/13.3.1/../../../../arm-none-eabi/lib/thumb/v7e-m+fp/hard/crt0.o (exit)
C:/ST/STM32CubeIDE_1.13.1/STM32CubeIDE/plugins/com.st.stm32cube.ide.mcu.externaltools.gnu-tools-for-stm32.13.3.rel1.win32_1.0.0.202411081344/tools/bin/../lib/gcc/arm-none-eabi/13.3.1/../../../../arm-none-eabi/lib/thumb/v7e-m+fp/hard\libc_nano.a(libc_a-findfp.o)
                              C:/ST/STM32CubeIDE_1.13.1/STM32CubeIDE/plugins/com.st.stm32cube.ide.mcu.externaltools.gnu-tools-for-stm32.13.3.rel1.win32_1.0.0.202411081344/tools/bin/../lib/gcc/arm-none-eabi/13.3.1/../../../../arm-none-eabi/lib/thumb/v7e-m+fp/hard\libc_nano.a(libc_a-exit.o) (__stdio_exit_handler)
C:/ST/STM32CubeIDE_1.13.1/STM32CubeIDE/plugins/com.st.stm32cube.ide.mcu.externaltools.gnu-tools-for-stm32.13.3.rel1.win32_1.0.0.202411081344/tools/bin/../lib/gcc/arm-none-eabi/13.3.1/../../../../arm-none-eabi/lib/thumb/v7e-m+fp/hard\libc_nano.a(libc_a-fwalk.o)
                              C:/ST/STM32CubeIDE_1.13.1/STM32CubeIDE/plugins/com.st.stm32cube.ide.mcu.externaltools.gnu-tools-for-stm32.13.3.rel1.win32_1.0.0.202411081344/tools/bin/../lib/gcc/arm-none-eabi/13.3.1/../../../../arm-none-eabi/lib/thumb/v7e-m+fp/hard\libc_nano.a(libc_a-findfp.o) (_fwalk_sglue)
C:/ST/STM32CubeIDE_1.13.1/STM32CubeIDE/plugins/com.st.stm32cube.ide.mcu.externaltools.gnu-tools-for-stm32.13.3.rel1.win32_1.0.0.202411081344/tools/bin/../lib/gcc/arm-none-eabi/13.3.1/../../../../arm-none-eabi/lib/thumb/v7e-m+fp/hard\libc_nano.a(libc_a-stdio.o)
                              C:/ST/STM32CubeIDE_1.13.1/STM32CubeIDE/plugins/com.st.stm32cube.ide.mcu.externaltools.gnu-tools-for-stm32.13.3.rel1.win32_1.0.0.202411081344/tools/bin/../lib/gcc/arm-none-eabi/13.3.1/../../../../arm-none-eabi/lib/thumb/v7e-m+fp/hard\libc_nano.a(libc_a-findfp.o) (__sread)
C:/ST/STM32CubeIDE_1.13.1/STM32CubeIDE/plugins/com.st.stm32cube.ide.mcu.externaltools.gnu-tools-for-stm32.13.3.rel1.win32_1.0.0.202411081344/tools/bin/../lib/gcc/arm-none-eabi/13.3.1/../../../../arm-none-eabi/lib/thumb/v7e-m+fp/hard\libc_nano.a(libc_a-memset.o)
                              C:/ST/STM32CubeIDE_1.13.1/STM32CubeIDE/plugins/com.st.stm32cube.ide.mcu.externaltools.gnu-tools-for-stm32.13.3.rel1.win32_1.0.0.202411081344/tools/bin/../lib/gcc/arm-none-eabi/13.3.1/../../../../arm-none-eabi/lib/thumb/v7e-m+fp/hard/crt0.o (memset)
C:/ST/STM32CubeIDE_1.13.1/STM32CubeIDE/plugins/com.st.stm32cube.ide.mcu.externaltools.gnu-tools-for-stm32.13.3.rel1.win32_1.0.0.202411081344/tools/bin/../lib/gcc/arm-none-eabi/13.3.1/../../../../arm-none-eabi/lib/thumb/v7e-m+fp/hard\libc_nano.a(libc_a-closer.o)
                              C:/ST/STM32CubeIDE_1.13.1/STM32CubeIDE/plugins/com.st.stm32cube.ide.mcu.externaltools.gnu-tools-for-stm32.13.3.rel1.win32_1.0.0.202411081344/tools/bin/../lib/gcc/arm-none-eabi/13.3.1/../../../../arm-none-eabi/lib/thumb/v7e-m+fp/hard\libc_nano.a(libc_a-stdio.o) (_close_r)
C:/ST/STM32CubeIDE_1.13.1/STM32CubeIDE/plugins/com.st.stm32cube.ide.mcu.externaltools.gnu-tools-for-stm32.13.3.rel1.win32_1.0.0.202411081344/tools/bin/../lib/gcc/arm-none-eabi/13.3.1/../../../../arm-none-eabi/lib/thumb/v7e-m+fp/hard\libc_nano.a(libc_a-reent.o)
                              C:/ST/STM32CubeIDE_1.13.1/STM32CubeIDE/plugins/com.st.stm32cube.ide.mcu.externaltools.gnu-tools-for-stm32.13.3.rel1.win32_1.0.0.202411081344/tools/bin/../lib/gcc/arm-none-eabi/13.3.1/../../../../arm-none-eabi/lib/thumb/v7e-m+fp/hard\libc_nano.a(libc_a-closer.o) (errno)
C:/ST/STM32CubeIDE_1.13.1/STM32CubeIDE/plugins/com.st.stm32cube.ide.mcu.externaltools.gnu-tools-for-stm32.13.3.rel1.win32_1.0.0.202411081344/tools/bin/../lib/gcc/arm-none-eabi/13.3.1/../../../../arm-none-eabi/lib/thumb/v7e-m+fp/hard\libc_nano.a(libc_a-impure.o)
                              C:/ST/STM32CubeIDE_1.13.1/STM32CubeIDE/plugins/com.st.stm32cube.ide.mcu.externaltools.gnu-tools-for-stm32.13.3.rel1.win32_1.0.0.202411081344/tools/bin/../lib/gcc/arm-none-eabi/13.3.1/../../../../arm-none-eabi/lib/thumb/v7e-m+fp/hard\libc_nano.a(libc_a-reent.o) (_impure_ptr)
C:/ST/STM32CubeIDE_1.13.1/STM32CubeIDE/plugins/com.st.stm32cube.ide.mcu.externaltools.gnu-tools-for-stm32.13.3.rel1.win32_1.0.0.202411081344/tools/bin/../lib/gcc/arm-none-eabi/13.3.1/../../../../arm-none-eabi/lib/thumb/v7e-m+fp/hard\libc_nano.a(libc_a-lseekr.o)
[...]
Memory Configuration

Name             Origin             Length             Attributes
RAM              0x20000000         0x00020000         xrw
FLASH            0x08000000         0x00080000         xr
*default*        0x00000000         0xffffffff

Linker script and memory map

LOAD C:/ST/STM32CubeIDE_1.13.1/STM32CubeIDE/plugins/com.st.stm32cube.ide.mcu.externaltools.gnu-tools-for-stm32.13.3.rel1.win32_1.0.0.202411081344/tools/bin/../lib/gcc/arm-none-eabi/13.3.1/thumb/v7e-m+fp/hard/crti.o
LOAD C:/ST/STM32CubeIDE_1.13.1/STM32CubeIDE/plugins/com.st.stm32cube.ide.mcu.externaltools.gnu-tools-for-stm32.13.3.rel1.win32_1.0.0.202411081344/tools/bin/../lib/gcc/arm-none-eabi/13.3.1/thumb/v7e-m+fp/hard/crtbegin.o
LOAD C:/ST/STM32CubeIDE_1.13.1/STM32CubeIDE/plugins/com.st.stm32cube.ide.mcu.externaltools.gnu-tools-for-stm32.13.3.rel1.win32_1.0.0.202411081344/tools/bin/../lib/gcc/arm-none-eabi/13.3.1/../../../../arm-none-eabi/lib/thumb/v7e-m+fp/hard/crt0.o
LOAD ./Core/Src/comm.o
LOAD ./Core/Src/control_loop.o
LOAD ./Core/Src/dma.o
LOAD ./Core/Src/encoder.o
LOAD ./Core/Src/gpio.o
LOAD ./Core/Src/main.o
LOAD ./Core/Src/motor_control.o
LOAD ./Core/Src/pid.o
LOAD ./Core/Src/stm32f4xx_hal_msp.o
LOAD ./Core/Src/stm32f4xx_it.o
LOAD ./Core/Src/syscalls.o
LOAD ./Core/Src/sysmem.o
LOAD ./Core/Src/system_stm32f4xx.o
LOAD ./Core/Src/tim.o
LOAD ./Core/Src/usart.o
LOAD ./Core/Startup/startup_stm32f411ceux.o
LOAD ./Drivers/STM32F4xx_HAL_Driver/Src/stm32f4xx_hal.o
LOAD ./Drivers/STM32F4xx_HAL_Driver/Src/stm32f4xx_hal_cortex.o
LOAD ./Drivers/STM32F4xx_HAL_Driver/Src/stm32f4xx_hal_dma.o
LOAD ./Drivers/STM32F4xx_HAL_Driver/Src/stm32f4xx_hal_dma_ex.o
LOAD ./Drivers/STM32F4xx_HAL_Driver/Src/stm32f4xx_hal_exti.o
LOAD ./Drivers/STM32F4xx_HAL_Driver/Src/stm32f4xx_hal_flash.o
LOAD ./Drivers/STM32F4xx_HAL_Driver/Src/stm32f4xx_hal_flash_ex.o
LOAD ./Drivers/STM32F4xx_HAL_Driver/Src/stm32f4xx_hal_flash_ramfunc.o
LOAD ./Drivers/STM32F4xx_HAL_Driver/Src/stm32f4xx_hal_gpio.o
LOAD ./Drivers/STM32F4xx_HAL_Driver/Src/stm32f4xx_hal_pwr.o
LOAD ./Drivers/STM32F4xx_HAL_Driver/Src/stm32f4xx_hal_pwr_ex.o
LOAD ./Drivers/STM32F4xx_HAL_Driver/Src/stm32f4xx_hal_rcc.o
LOAD ./Drivers/STM32F4xx_HAL_Driver/Src/stm32f4xx_hal_rcc_ex.o
LOAD ./Drivers/STM32F4xx_HAL_Driver/Src/stm32f4xx_hal_tim.o
LOAD ./Drivers/STM32F4xx_HAL_Driver/Src/stm32f4xx_hal_tim_ex.o
LOAD ./Drivers/STM32F4xx_HAL_Driver/Src/stm32f4xx_hal_uart.o
START GROUP
LOAD C:/ST/STM32CubeIDE_1.13.1/STM32CubeIDE/plugins/com.st.stm32cube.ide.mcu.externaltools.gnu-tools-for-stm32.13.3.rel1.win32_1.0.0.202411081344/tools/bin/../lib/gcc/arm-none-eabi/13.3.1/../../../../arm-none-eabi/lib/thumb/v7e-m+fp/hard\libc_nano.a
LOAD C:/ST/STM32CubeIDE_1.13.1/STM32CubeIDE/plugins/com.st.stm32cube.ide.mcu.externaltools.gnu-tools-for-stm32.13.3.rel1.win32_1.0.0.202411081344/tools/bin/../lib/gcc/arm-none-eabi/13.3.1/../../../../arm-none-eabi/lib/thumb/v7e-m+fp/hard\libm.a
END GROUP
START GROUP
LOAD C:/ST/STM32CubeIDE_1.13.1/STM32CubeIDE/plugins/com.st.stm32cube.ide.mcu.externaltools.gnu-tools-for-stm32.13.3.rel1.win32_1.0.0.202411081344/tools/bin/../lib/gcc/arm-none-eabi/13.3.1/thumb/v7e-m+fp/hard\libgcc.a
LOAD C:/ST/STM32CubeIDE_1.13.1/STM32CubeIDE/plugins/com.st.stm32cube.ide.mcu.externaltools.gnu-tools-for-stm32.13.3.rel1.win32_1.0.0.202411081344/tools/bin/../lib/gcc/arm-none-eabi/13.3.1/../../../../arm-none-eabi/lib/thumb/v7e-m+fp/hard\libc_nano.a
END GROUP
START GROUP
LOAD C:/ST/STM32CubeIDE_1.13.1/STM32CubeIDE/plugins/com.st.stm32cube.ide.mcu.externaltools.gnu-tools-for-stm32.13.3.rel1.win32_1.0.0.202411081344/tools/bin/../lib/gcc/arm-none-eabi/13.3.1/thumb/v7e-m+fp/hard\libgcc.a
LOAD C:/ST/STM32CubeIDE_1.13.1/STM32CubeIDE/plugins/com.st.stm32cube.ide.mcu.externaltools.gnu-tools-for-stm32.13.3.rel1.win32_1.0.0.202411081344/tools/bin/../lib/gcc/arm-none-eabi/13.3.1/../../../../arm-none-eabi/lib/thumb/v7e-m+fp/hard\libc_nano.a
LOAD C:/ST/STM32CubeIDE_1.13.1/STM32CubeIDE/plugins/com.st.stm32cube.ide.mcu.externaltools.gnu-tools-for-stm32.13.3.rel1.win32_1.0.0.202411081344/tools/bin/../lib/gcc/arm-none-eabi/13.3.1/../../../../arm-none-eabi/lib/thumb/v7e-m+fp/hard\libnosys.a
END GROUP
START GROUP
LOAD C:/ST/STM32CubeIDE_1.13.1/STM32CubeIDE/plugins/com.st.stm32cube.ide.mcu.externaltools.gnu-tools-for-stm32.13.3.rel1.win32_1.0.0.202411081344/tools/bin/../lib/gcc/arm-none-eabi/13.3.1/thumb/v7e-m+fp/hard\libgcc.a
LOAD C:/ST/STM32CubeIDE_1.13.1/STM32CubeIDE/plugins/com.st.stm32cube.ide.mcu.externaltools.gnu-tools-for-stm32.13.3.rel1.win32_1.0.0.202411081344/tools/bin/../lib/gcc/arm-none-eabi/13.3.1/../../../../arm-none-eabi/lib/thumb/v7e-m+fp/hard\libc_nano.a
LOAD C:/ST/STM32CubeIDE_1.13.1/STM32CubeIDE/plugins/com.st.stm32cube.ide.mcu.externaltools.gnu-tools-for-stm32.13.3.rel1.win32_1.0.0.202411081344/tools/bin/../lib/gcc/arm-none-eabi/13.3.1/../../../../arm-none-eabi/lib/thumb/v7e-m+fp/hard\libnosys.a
END GROUP
LOAD C:/ST/STM32CubeIDE_1.13.1/STM32CubeIDE/plugins/com.st.stm32cube.ide.mcu.externaltools.gnu-tools-for-stm32.13.3.rel1.win32_1.0.0.202411081344/tools/bin/../lib/gcc/arm-none-eabi/13.3.1/thumb/v7e-m+fp/hard/crtend.o
LOAD C:/ST/STM32CubeIDE_1.13.1/STM32CubeIDE/plugins/com.st.stm32cube.ide.mcu.externaltools.gnu-tools-for-stm32.13.3.rel1.win32_1.0.0.202411081344/tools/bin/../lib/gcc/arm-none-eabi/13.3.1/thumb/v7e-m+fp/hard/crtn.o
                0x20020000                        _estack = (ORIGIN (RAM) + LENGTH (RAM))
                0x00000200                        _Min_Heap_Size = 0x200
                0x00000400                        _Min_Stack_Size = 0x400

.isr_vector     0x08000000      0x198
                0x08000000                        . = ALIGN (0x4)
 *(.isr_vector)
 .isr_vector    0x08000000      0x198 ./Core/Startup/startup_stm32f411ceux.o
                0x08000000                g_pfnVectors
                0x08000198                        . = ALIGN (0x4)

.text           0x08000198     0x6724
                0x08000198                        . = ALIGN (0x4)
 *(.text)
 .text          0x08000198       0x40 C:/ST/STM32CubeIDE_1.13.1/STM32CubeIDE/plugins/com.st.stm32cube.ide.mcu.externaltools.gnu-tools-for-stm32.13.3.rel1.win32_1.0.0.202411081344/tools/bin/../lib/gcc/arm-none-eabi/13.3.1/thumb/v7e-m+fp/hard/crtbegin.o
 .text          0x080001d8       0x30 C:/ST/STM32CubeIDE_1.13.1/STM32CubeIDE/plugins/com.st.stm32cube.ide.mcu.externaltools.gnu-tools-for-stm32.13.3.rel1.win32_1.0.0.202411081344/tools/bin/../lib/gcc/arm-none-eabi/13.3.1/thumb/v7e-m+fp/hard\libgcc.a(_aeabi_uldivmod.o)
                0x080001d8                __aeabi_uldivmod
 .text          0x08000208      0x2f8 C:/ST/STM32CubeIDE_1.13.1/STM32CubeIDE/plugins/com.st.stm32cube.ide.mcu.externaltools.gnu-tools-for-stm32.13.3.rel1.win32_1.0.0.202411081344/tools/bin/../lib/gcc/arm-none-eabi/13.3.1/thumb/v7e-m+fp/hard\libgcc.a(_udivmoddi4.o)
                0x08000208                __udivmoddi4
 .text          0x08000500        0x4 C:/ST/STM32CubeIDE_1.13.1/STM32CubeIDE/plugins/com.st.stm32cube.ide.mcu.externaltools.gnu-tools-for-stm32.13.3.rel1.win32_1.0.0.202411081344/tools/bin/../lib/gcc/arm-none-eabi/13.3.1/thumb/v7e-m+fp/hard\libgcc.a(_dvmd_tls.o)
                0x08000500                __aeabi_idiv0
                0x08000500                __aeabi_ldiv0
 *(.text*)
 .text.crc8     0x08000504       0x74 ./Core/Src/comm.o
 .text.uart_tx  0x08000578       0x48 ./Core/Src/comm.o
 .text.HAL_UART_TxCpltCallback
                0x080005c0       0x2c ./Core/Src/comm.o
                0x080005c0                HAL_UART_TxCpltCallback
 .text.Comm_Init
                0x080005ec       0x30 ./Core/Src/comm.o
                0x080005ec                Comm_Init
 .text.Comm_ParseFrame
                0x0800061c      0x234 ./Core/Src/comm.o
 .text.HAL_UARTEx_RxEventCallback
                0x08000850       0x70 ./Core/Src/comm.o
                0x08000850                HAL_UARTEx_RxEventCallback
 .text.Comm_ProcessRx
                0x080008c0        0xe ./Core/Src/comm.o
                0x080008c0                Comm_ProcessRx
 *fill*         0x080008ce        0x2 
 .text.Comm_TransmitFeedback
                0x080008d0      0x18c ./Core/Src/comm.o
                0x080008d0                Comm_TransmitFeedback
 .text.HAL_UART_ErrorCallback
                0x08000a5c       0x54 ./Core/Src/comm.o
                0x08000a5c                HAL_UART_ErrorCallback
 .text.ControlLoop_Init
                0x08000ab0       0xac ./Core/Src/control_loop.o
                0x08000ab0                ControlLoop_Init
 .text.ControlLoop_Run
                0x08000b5c      0x1e0 ./Core/Src/control_loop.o
                0x08000b5c                ControlLoop_Run
 .text.ControlLoop_GetSnapshot
                0x08000d3c       0x94 ./Core/Src/control_loop.o
                0x08000d3c                ControlLoop_GetSnapshot
 .text.ControlLoop_SetTarget
                0x08000dd0       0xac ./Core/Src/control_loop.o
                0x08000dd0                ControlLoop_SetTarget
 .text.ControlLoop_SetAllTargets
                0x08000e7c       0x3c ./Core/Src/control_loop.o
                0x08000e7c                ControlLoop_SetAllTargets
 .text.ControlLoop_Enable
                0x08000eb8       0x48 ./Core/Src/control_loop.o
                0x08000eb8                ControlLoop_Enable
 .text.ControlLoop_Disable
                0x08000f00       0x18 ./Core/Src/control_loop.o
                0x08000f00                ControlLoop_Disable
 .text.ControlLoop_SetGains
                0x08000f18      0x140 ./Core/Src/control_loop.o
                0x08000f18                ControlLoop_SetGains
 .text.MX_DMA_Init
                0x08001058       0x50 ./Core/Src/dma.o
                0x08001058                MX_DMA_Init
 .text.Encoder_Init
                0x080010a8       0xc8 ./Core/Src/encoder.o
                0x080010a8                Encoder_Init
 .text.Encoder_Update
                0x08001170      0x17c ./Core/Src/encoder.o
                0x08001170                Encoder_Update
 .text.Encoder_GetCount
                0x080012ec       0x34 ./Core/Src/encoder.o
                0x080012ec                Encoder_GetCount
 .text.Encoder_GetRPM
                0x08001320       0x40 ./Core/Src/encoder.o
                0x08001320                Encoder_GetRPM
 .text.MX_GPIO_Init
                0x08001360       0xc0 ./Core/Src/gpio.o
                0x08001360                MX_GPIO_Init
 .text.main     0x08001420       0x90 ./Core/Src/main.o
                0x08001420                main
 .text.SystemClock_Config
                0x080014b0       0xd4 ./Core/Src/main.o
                0x080014b0                SystemClock_Config
 .text.Error_Handler
                0x08001584        0xc ./Core/Src/main.o
                0x08001584                Error_Handler
 .text.Motor_Init
                0x08001590       0x88 ./Core/Src/motor_control.o
                0x08001590                Motor_Init
 .text.Motor_Set
                0x08001618      0x304 ./Core/Src/motor_control.o
                0x08001618                Motor_Set
 .text.Motor_Coast
                0x0800191c       0xf8 ./Core/Src/motor_control.o
                0x0800191c                Motor_Coast
 .text.Motor_CoastAll
                0x08001a14       0x2a ./Core/Src/motor_control.o
                0x08001a14                Motor_CoastAll
 .text.Motor_EmergencyStop
                0x08001a3e        0xc ./Core/Src/motor_control.o
                0x08001a3e                Motor_EmergencyStop
 .text.PID_Init
                0x08001a4a       0x48 ./Core/Src/pid.o
                0x08001a4a                PID_Init
 .text.PID_Update
                0x08001a92      0x200 ./Core/Src/pid.o
                0x08001a92                PID_Update
 .text.PID_Reset
                0x08001c92       0x2c ./Core/Src/pid.o
                0x08001c92                PID_Reset
 .text.PID_SetGains
                0x08001cbe       0x34 ./Core/Src/pid.o
                0x08001cbe                PID_SetGains
 *fill*         0x08001cf2        0x2 
 .text.HAL_MspInit
                0x08001cf4       0x50 ./Core/Src/stm32f4xx_hal_msp.o
                0x08001cf4                HAL_MspInit
 .text.NMI_Handler
                0x08001d44        0x8 ./Core/Src/stm32f4xx_it.o
                0x08001d44                NMI_Handler
 .text.HardFault_Handler
                0x08001d4c        0x8 ./Core/Src/stm32f4xx_it.o
                0x08001d4c                HardFault_Handler
 .text.MemManage_Handler
                0x08001d54        0x8 ./Core/Src/stm32f4xx_it.o
                0x08001d54                MemManage_Handler
 .text.BusFault_Handler
                0x08001d5c        0x8 ./Core/Src/stm32f4xx_it.o
                0x08001d5c                BusFault_Handler
 .text.UsageFault_Handler
                0x08001d64        0x8 ./Core/Src/stm32f4xx_it.o
                0x08001d64                UsageFault_Handler
 .text.SVC_Handler
                0x08001d6c        0xe ./Core/Src/stm32f4xx_it.o
                0x08001d6c                SVC_Handler
 .text.DebugMon_Handler
                0x08001d7a        0xe ./Core/Src/stm32f4xx_it.o
                0x08001d7a                DebugMon_Handler
 .text.PendSV_Handler
                0x08001d88        0xe ./Core/Src/stm32f4xx_it.o
                0x08001d88                PendSV_Handler
 .text.SysTick_Handler
                0x08001d96        0xc ./Core/Src/stm32f4xx_it.o
                0x08001d96                SysTick_Handler
 *fill*         0x08001da2        0x2 
 .text.DMA1_Stream5_IRQHandler
                0x08001da4       0x14 ./Core/Src/stm32f4xx_it.o
                0x08001da4                DMA1_Stream5_IRQHandler
 .text.DMA1_Stream6_IRQHandler
                0x08001db8       0x14 ./Core/Src/stm32f4xx_it.o
                0x08001db8                DMA1_Stream6_IRQHandler
 .text.TIM1_BRK_TIM9_IRQHandler
                0x08001dcc       0x54 ./Core/Src/stm32f4xx_it.o
                0x08001dcc                TIM1_BRK_TIM9_IRQHandler
 .text.TIM1_UP_TIM10_IRQHandler
                0x08001e20       0x2c ./Core/Src/stm32f4xx_it.o
                0x08001e20                TIM1_UP_TIM10_IRQHandler
 .text.USART2_IRQHandler
                0x08001e4c       0x14 ./Core/Src/stm32f4xx_it.o
                0x08001e4c                USART2_IRQHandler
 .text.HAL_TIM_PeriodElapsedCallback
                0x08001e60       0x24 ./Core/Src/stm32f4xx_it.o
                0x08001e60                HAL_TIM_PeriodElapsedCallback
 .text.SystemInit
                0x08001e84       0x24 ./Core/Src/system_stm32f4xx.o
                0x08001e84                SystemInit
 .text.MX_TIM1_Init
                0x08001ea8      0x13c ./Core/Src/tim.o
                0x08001ea8                MX_TIM1_Init
 .text.MX_TIM9_Init
                0x08001fe4       0x48 ./Core/Src/tim.o
                0x08001fe4                MX_TIM9_Init
 .text.MX_TIM10_Init
                0x0800202c       0x8c ./Core/Src/tim.o
                0x0800202c                MX_TIM10_Init
 .text.MX_TIM11_Init
                0x080020b8       0x8c ./Core/Src/tim.o
                0x080020b8                MX_TIM11_Init
 .text.MX_TIM2_Init
                0x08002144       0xa8 ./Core/Src/tim.o
                0x08002144                MX_TIM2_Init
 .text.MX_TIM3_Init
                0x080021ec       0xa8 ./Core/Src/tim.o
                0x080021ec                MX_TIM3_Init
 .text.MX_TIM4_Init
                0x08002294       0xa8 ./Core/Src/tim.o
                0x08002294                MX_TIM4_Init
 .text.MX_TIM5_Init
                0x0800233c       0xa8 ./Core/Src/tim.o
                0x0800233c                MX_TIM5_Init
 .text.HAL_TIM_Base_MspInit
                0x080023e4       0x50 ./Core/Src/tim.o
                0x080023e4                HAL_TIM_Base_MspInit
 .text.HAL_TIM_PWM_MspInit
                0x08002434       0x9c ./Core/Src/tim.o
                0x08002434                HAL_TIM_PWM_MspInit
 .text.HAL_TIM_MspPostInit
                0x080024d0      0x148 ./Core/Src/tim.o
                0x080024d0                HAL_TIM_MspPostInit
 .text.HAL_TIM_Encoder_MspInit
                0x08002618      0x1f8 ./Core/Src/tim.o
                0x08002618                HAL_TIM_Encoder_MspInit
 .text.MX_USART2_UART_Init
                0x08002810       0x54 ./Core/Src/usart.o
                0x08002810                MX_USART2_UART_Init
 .text.HAL_UART_MspInit
                0x08002864      0x16c ./Core/Src/usart.o
                0x08002864                HAL_UART_MspInit
 .text.Reset_Handler
                0x080029d0       0x50 ./Core/Startup/startup_stm32f411ceux.o
                0x080029d0                Reset_Handler
 .text.Default_Handler
                0x08002a20        0x2 ./Core/Startup/startup_stm32f411ceux.o
                0x08002a20                RTC_Alarm_IRQHandler
                0x08002a20                EXTI2_IRQHandler
                0x08002a20                SPI4_IRQHandler
                0x08002a20                TIM1_CC_IRQHandler
                0x08002a20                DMA2_Stream5_IRQHandler
                0x08002a20                PVD_IRQHandler
                0x08002a20                SDIO_IRQHandler
                0x08002a20                TAMP_STAMP_IRQHandler
                0x08002a20                EXTI3_IRQHandler
                0x08002a20                I2C3_ER_IRQHandler
                0x08002a20                EXTI0_IRQHandler
                0x08002a20                I2C2_EV_IRQHandler
                0x08002a20                DMA1_Stream2_IRQHandler
                0x08002a20                FPU_IRQHandler
                0x08002a20                DMA2_Stream2_IRQHandler
                0x08002a20                SPI1_IRQHandler
                0x08002a20                DMA2_Stream3_IRQHandler
                0x08002a20                USART6_IRQHandler
                0x08002a20                DMA2_Stream0_IRQHandler
                0x08002a20                TIM4_IRQHandler
                0x08002a20                I2C1_EV_IRQHandler
                0x08002a20                DMA1_Stream1_IRQHandler
                0x08002a20                TIM3_IRQHandler
                0x08002a20                RCC_IRQHandler
                0x08002a20                Default_Handler
                0x08002a20                EXTI15_10_IRQHandler
                0x08002a20                ADC_IRQHandler
                0x08002a20                DMA1_Stream7_IRQHandler
                0x08002a20                SPI5_IRQHandler
                0x08002a20                TIM5_IRQHandler
                0x08002a20                DMA2_Stream7_IRQHandler
                0x08002a20                I2C3_EV_IRQHandler
                0x08002a20                EXTI9_5_IRQHandler
                0x08002a20                RTC_WKUP_IRQHandler
                0x08002a20                SPI2_IRQHandler
                0x08002a20                DMA1_Stream0_IRQHandler
                0x08002a20                EXTI4_IRQHandler
                0x08002a20                WWDG_IRQHandler
                0x08002a20                TIM2_IRQHandler
                0x08002a20                OTG_FS_WKUP_IRQHandler
                0x08002a20                TIM1_TRG_COM_TIM11_IRQHandler
                0x08002a20                EXTI1_IRQHandler
                0x08002a20                I2C2_ER_IRQHandler
                0x08002a20                DMA2_Stream1_IRQHandler
                0x08002a20                FLASH_IRQHandler
                0x08002a20                DMA2_Stream4_IRQHandler
                0x08002a20                USART1_IRQHandler
                0x08002a20                OTG_FS_IRQHandler
                0x08002a20                SPI3_IRQHandler
                0x08002a20                DMA1_Stream4_IRQHandler
                0x08002a20                I2C1_ER_IRQHandler
                0x08002a20                DMA2_Stream6_IRQHandler
                0x08002a20                DMA1_Stream3_IRQHandler
 *fill*         0x08002a22        0x2 
 .text.HAL_Init
                0x08002a24       0x44 ./Drivers/STM32F4xx_HAL_Driver/Src/stm32f4xx_hal.o
                0x08002a24                HAL_Init
 .text.HAL_InitTick
                0x08002a68       0x60 ./Drivers/STM32F4xx_HAL_Driver/Src/stm32f4xx_hal.o
                0x08002a68                HAL_InitTick
 .text.HAL_IncTick
                0x08002ac8       0x28 ./Drivers/STM32F4xx_HAL_Driver/Src/stm32f4xx_hal.o
                0x08002ac8                HAL_IncTick
 .text.HAL_GetTick
                0x08002af0       0x18 ./Drivers/STM32F4xx_HAL_Driver/Src/stm32f4xx_hal.o
                0x08002af0                HAL_GetTick
 .text.__NVIC_SetPriorityGrouping
                0x08002b08       0x48 ./Drivers/STM32F4xx_HAL_Driver/Src/stm32f4xx_hal_cortex.o
 .text.__NVIC_GetPriorityGrouping
                0x08002b50       0x1c ./Drivers/STM32F4xx_HAL_Driver/Src/stm32f4xx_hal_cortex.o
 .text.__NVIC_EnableIRQ
                0x08002b6c       0x3c ./Drivers/STM32F4xx_HAL_Driver/Src/stm32f4xx_hal_cortex.o
 .text.__NVIC_SetPriority
                0x08002ba8       0x54 ./Drivers/STM32F4xx_HAL_Driver/Src/stm32f4xx_hal_cortex.o
 .text.NVIC_EncodePriority
                0x08002bfc       0x66 ./Drivers/STM32F4xx_HAL_Driver/Src/stm32f4xx_hal_cortex.o
 *fill*         0x08002c62        0x2 
 .text.SysTick_Config
                0x08002c64       0x44 ./Drivers/STM32F4xx_HAL_Driver/Src/stm32f4xx_hal_cortex.o
 .text.HAL_NVIC_SetPriorityGrouping
                0x08002ca8       0x16 ./Drivers/STM32F4xx_HAL_Driver/Src/stm32f4xx_hal_cortex.o
                0x08002ca8                HAL_NVIC_SetPriorityGrouping
 .text.HAL_NVIC_SetPriority
                0x08002cbe       0x38 ./Drivers/STM32F4xx_HAL_Driver/Src/stm32f4xx_hal_cortex.o
                0x08002cbe                HAL_NVIC_SetPriority
 .text.HAL_NVIC_EnableIRQ
                0x08002cf6       0x1c ./Drivers/STM32F4xx_HAL_Driver/Src/stm32f4xx_hal_cortex.o
                0x08002cf6                HAL_NVIC_EnableIRQ
 .text.HAL_SYSTICK_Config
                0x08002d12       0x18 ./Drivers/STM32F4xx_HAL_Driver/Src/stm32f4xx_hal_cortex.o
                0x08002d12                HAL_SYSTICK_Config
 *fill*         0x08002d2a        0x2 
 .text.HAL_DMA_Init
                0x08002d2c      0x15c ./Drivers/STM32F4xx_HAL_Driver/Src/stm32f4xx_hal_dma.o
                0x08002d2c                HAL_DMA_Init
 .text.HAL_DMA_Start_IT
                0x08002e88       0xb0 ./Drivers/STM32F4xx_HAL_Driver/Src/stm32f4xx_hal_dma.o
                0x08002e88                HAL_DMA_Start_IT
 .text.HAL_DMA_Abort
                0x08002f38       0xe0 ./Drivers/STM32F4xx_HAL_Driver/Src/stm32f4xx_hal_dma.o
                0x08002f38                HAL_DMA_Abort
 .text.HAL_DMA_Abort_IT
                0x08003018       0x44 ./Drivers/STM32F4xx_HAL_Driver/Src/stm32f4xx_hal_dma.o
                0x08003018                HAL_DMA_Abort_IT
 .text.HAL_DMA_IRQHandler
                0x0800305c      0x314 ./Drivers/STM32F4xx_HAL_Driver/Src/stm32f4xx_hal_dma.o
                0x0800305c                HAL_DMA_IRQHandler
 .text.HAL_DMA_GetError
                0x08003370       0x18 ./Drivers/STM32F4xx_HAL_Driver/Src/stm32f4xx_hal_dma.o
                0x08003370                HAL_DMA_GetError
 .text.DMA_SetConfig
                0x08003388       0x5c ./Drivers/STM32F4xx_HAL_Driver/Src/stm32f4xx_hal_dma.o
 .text.DMA_CalcBaseAndBitshift
                0x080033e4       0x6c ./Drivers/STM32F4xx_HAL_Driver/Src/stm32f4xx_hal_dma.o
 .text.DMA_CheckFifoParam
                0x08003450       0xf8 ./Drivers/STM32F4xx_HAL_Driver/Src/stm32f4xx_hal_dma.o
 .text.HAL_GPIO_Init
                0x08003548      0x308 ./Drivers/STM32F4xx_HAL_Driver/Src/stm32f4xx_hal_gpio.o
                0x08003548                HAL_GPIO_Init
 .text.HAL_GPIO_WritePin
                0x08003850       0x32 ./Drivers/STM32F4xx_HAL_Driver/Src/stm32f4xx_hal_gpio.o
                0x08003850                HAL_GPIO_WritePin
 .text.HAL_GPIO_TogglePin
                0x08003882       0x34 ./Drivers/STM32F4xx_HAL_Driver/Src/stm32f4xx_hal_gpio.o
                0x08003882                HAL_GPIO_TogglePin
 *fill*         0x080038b6        0x2 
 .text.HAL_RCC_OscConfig
                0x080038b8      0x4f0 ./Drivers/STM32F4xx_HAL_Driver/Src/stm32f4xx_hal_rcc.o
                0x080038b8                HAL_RCC_OscConfig
 .text.HAL_RCC_ClockConfig
                0x08003da8      0x1cc ./Drivers/STM32F4xx_HAL_Driver/Src/stm32f4xx_hal_rcc.o
                0x08003da8                HAL_RCC_ClockConfig
 .text.HAL_RCC_GetSysClockFreq
                0x08003f74      0x18c ./Drivers/STM32F4xx_HAL_Driver/Src/stm32f4xx_hal_rcc.o
                0x08003f74                HAL_RCC_GetSysClockFreq
 .text.HAL_RCC_GetHCLKFreq
                0x08004100       0x18 ./Drivers/STM32F4xx_HAL_Driver/Src/stm32f4xx_hal_rcc.o
                0x08004100                HAL_RCC_GetHCLKFreq
 .text.HAL_RCC_GetPCLK1Freq
                0x08004118       0x28 ./Drivers/STM32F4xx_HAL_Driver/Src/stm32f4xx_hal_rcc.o
                0x08004118                HAL_RCC_GetPCLK1Freq
 .text.HAL_RCC_GetPCLK2Freq
                0x08004140       0x28 ./Drivers/STM32F4xx_HAL_Driver/Src/stm32f4xx_hal_rcc.o
                0x08004140                HAL_RCC_GetPCLK2Freq
 .text.HAL_TIM_Base_Init
                0x08004168       0x9e ./Drivers/STM32F4xx_HAL_Driver/Src/stm32f4xx_hal_tim.o
                0x08004168                HAL_TIM_Base_Init
 *fill*         0x08004206        0x2 
 .text.HAL_TIM_Base_Start_IT
                0x08004208       0xc4 ./Drivers/STM32F4xx_HAL_Driver/Src/stm32f4xx_hal_tim.o
                0x08004208                HAL_TIM_Base_Start_IT
 .text.HAL_TIM_PWM_Init
                0x080042cc       0x9e ./Drivers/STM32F4xx_HAL_Driver/Src/stm32f4xx_hal_tim.o
                0x080042cc                HAL_TIM_PWM_Init
 *fill*         0x0800436a        0x2 
 .text.HAL_TIM_PWM_Start
                0x0800436c      0x160 ./Drivers/STM32F4xx_HAL_Driver/Src/stm32f4xx_hal_tim.o
                0x0800436c                HAL_TIM_PWM_Start
 .text.HAL_TIM_Encoder_Init
                0x080044cc      0x14c ./Drivers/STM32F4xx_HAL_Driver/Src/stm32f4xx_hal_tim.o
                0x080044cc                HAL_TIM_Encoder_Init
 .text.HAL_TIM_Encoder_Start
                0x08004618      0x11c ./Drivers/STM32F4xx_HAL_Driver/Src/stm32f4xx_hal_tim.o
                0x08004618                HAL_TIM_Encoder_Start
 .text.HAL_TIM_IRQHandler
                0x08004734      0x1e0 ./Drivers/STM32F4xx_HAL_Driver/Src/stm32f4xx_hal_tim.o
                0x08004734                HAL_TIM_IRQHandler
 .text.HAL_TIM_PWM_ConfigChannel
                0x08004914      0x184 ./Drivers/STM32F4xx_HAL_Driver/Src/stm32f4xx_hal_tim.o
                0x08004914                HAL_TIM_PWM_ConfigChannel
 .text.HAL_TIM_OC_DelayElapsedCallback
                0x08004a98       0x14 ./Drivers/STM32F4xx_HAL_Driver/Src/stm32f4xx_hal_tim.o
                0x08004a98                HAL_TIM_OC_DelayElapsedCallback
 .text.HAL_TIM_IC_CaptureCallback
                0x08004aac       0x14 ./Drivers/STM32F4xx_HAL_Driver/Src/stm32f4xx_hal_tim.o
                0x08004aac                HAL_TIM_IC_CaptureCallback
 .text.HAL_TIM_PWM_PulseFinishedCallback
                0x08004ac0       0x14 ./Drivers/STM32F4xx_HAL_Driver/Src/stm32f4xx_hal_tim.o
                0x08004ac0                HAL_TIM_PWM_PulseFinishedCallback
 .text.HAL_TIM_TriggerCallback
                0x08004ad4       0x14 ./Drivers/STM32F4xx_HAL_Driver/Src/stm32f4xx_hal_tim.o
                0x08004ad4                HAL_TIM_TriggerCallback
 .text.TIM_Base_SetConfig
                0x08004ae8      0x10c ./Drivers/STM32F4xx_HAL_Driver/Src/stm32f4xx_hal_tim.o
                0x08004ae8                TIM_Base_SetConfig
 .text.TIM_OC1_SetConfig
                0x08004bf4       0xcc ./Drivers/STM32F4xx_HAL_Driver/Src/stm32f4xx_hal_tim.o
 .text.TIM_OC2_SetConfig
                0x08004cc0       0xd8 ./Drivers/STM32F4xx_HAL_Driver/Src/stm32f4xx_hal_tim.o
                0x08004cc0                TIM_OC2_SetConfig
 .text.TIM_OC3_SetConfig
                0x08004d98       0xd4 ./Drivers/STM32F4xx_HAL_Driver/Src/stm32f4xx_hal_tim.o
 .text.TIM_OC4_SetConfig
                0x08004e6c       0xa0 ./Drivers/STM32F4xx_HAL_Driver/Src/stm32f4xx_hal_tim.o
 .text.TIM_CCxChannelCmd
                0x08004f0c       0x4a ./Drivers/STM32F4xx_HAL_Driver/Src/stm32f4xx_hal_tim.o
                0x08004f0c                TIM_CCxChannelCmd
 *fill*         0x08004f56        0x2 
 .text.HAL_TIMEx_PWMN_Start
                0x08004f58      0x158 ./Drivers/STM32F4xx_HAL_Driver/Src/stm32f4xx_hal_tim_ex.o
                0x08004f58                HAL_TIMEx_PWMN_Start
 .text.HAL_TIMEx_MasterConfigSynchronization
                0x080050b0       0xdc ./Drivers/STM32F4xx_HAL_Driver/Src/stm32f4xx_hal_tim_ex.o
                0x080050b0                HAL_TIMEx_MasterConfigSynchronization
 .text.HAL_TIMEx_ConfigBreakDeadTime
                0x0800518c       0xa4 ./Drivers/STM32F4xx_HAL_Driver/Src/stm32f4xx_hal_tim_ex.o
                0x0800518c                HAL_TIMEx_ConfigBreakDeadTime
 .text.HAL_TIMEx_CommutCallback
                0x08005230       0x14 ./Drivers/STM32F4xx_HAL_Driver/Src/stm32f4xx_hal_tim_ex.o
                0x08005230                HAL_TIMEx_CommutCallback
 .text.HAL_TIMEx_BreakCallback
                0x08005244       0x14 ./Drivers/STM32F4xx_HAL_Driver/Src/stm32f4xx_hal_tim_ex.o
                0x08005244                HAL_TIMEx_BreakCallback
 .text.TIM_CCxNChannelCmd
                0x08005258       0x4a ./Drivers/STM32F4xx_HAL_Driver/Src/stm32f4xx_hal_tim_ex.o
 .text.HAL_UART_Init
                0x080052a2       0xa0 ./Drivers/STM32F4xx_HAL_Driver/Src/stm32f4xx_hal_uart.o
                0x080052a2                HAL_UART_Init
 *fill*         0x08005342        0x2 
 .text.HAL_UART_Transmit_DMA
                0x08005344       0xf8 ./Drivers/STM32F4xx_HAL_Driver/Src/stm32f4xx_hal_uart.o
                0x08005344                HAL_UART_Transmit_DMA
 .text.HAL_UARTEx_ReceiveToIdle_DMA
                0x0800543c       0xb2 ./Drivers/STM32F4xx_HAL_Driver/Src/stm32f4xx_hal_uart.o
                0x0800543c                HAL_UARTEx_ReceiveToIdle_DMA
 .text.HAL_UART_AbortReceive
                0x080054ee      0x146 ./Drivers/STM32F4xx_HAL_Driver/Src/stm32f4xx_hal_uart.o
                0x080054ee                HAL_UART_AbortReceive
 .text.HAL_UART_IRQHandler
                0x08005634      0x554 ./Drivers/STM32F4xx_HAL_Driver/Src/stm32f4xx_hal_uart.o
                0x08005634                HAL_UART_IRQHandler
 .text.HAL_UART_TxHalfCpltCallback
                0x08005b88       0x14 ./Drivers/STM32F4xx_HAL_Driver/Src/stm32f4xx_hal_uart.o
                0x08005b88                HAL_UART_TxHalfCpltCallback
 .text.HAL_UART_RxCpltCallback
                0x08005b9c       0x14 ./Drivers/STM32F4xx_HAL_Driver/Src/stm32f4xx_hal_uart.o
                0x08005b9c                HAL_UART_RxCpltCallback
 .text.HAL_UART_RxHalfCpltCallback
                0x08005bb0       0x14 ./Drivers/STM32F4xx_HAL_Driver/Src/stm32f4xx_hal_uart.o
                0x08005bb0                HAL_UART_RxHalfCpltCallback
 .text.UART_DMATransmitCplt
                0x08005bc4       0x9a ./Drivers/STM32F4xx_HAL_Driver/Src/stm32f4xx_hal_uart.o
 .text.UART_DMATxHalfCplt
                0x08005c5e       0x1c ./Drivers/STM32F4xx_HAL_Driver/Src/stm32f4xx_hal_uart.o
 .text.UART_DMAReceiveCplt
                0x08005c7a      0x12c ./Drivers/STM32F4xx_HAL_Driver/Src/stm32f4xx_hal_uart.o
 .text.UART_DMARxHalfCplt
                0x08005da6       0x3c ./Drivers/STM32F4xx_HAL_Driver/Src/stm32f4xx_hal_uart.o
 .text.UART_DMAError
                0x08005de2       0x94 ./Drivers/STM32F4xx_HAL_Driver/Src/stm32f4xx_hal_uart.o
 *fill*         0x08005e76        0x2 
 .text.UART_Start_Receive_DMA
                0x08005e78      0x14c ./Drivers/STM32F4xx_HAL_Driver/Src/stm32f4xx_hal_uart.o
                0x08005e78                UART_Start_Receive_DMA
 .text.UART_EndTxTransfer
                0x08005fc4       0x50 ./Drivers/STM32F4xx_HAL_Driver/Src/stm32f4xx_hal_uart.o
 .text.UART_EndRxTransfer
                0x08006014       0xc6 ./Drivers/STM32F4xx_HAL_Driver/Src/stm32f4xx_hal_uart.o
 .text.UART_DMAAbortOnError
                0x080060da       0x22 ./Drivers/STM32F4xx_HAL_Driver/Src/stm32f4xx_hal_uart.o
 .text.UART_Transmit_IT
                0x080060fc       0xa0 ./Drivers/STM32F4xx_HAL_Driver/Src/stm32f4xx_hal_uart.o
 .text.UART_EndTransmit_IT
                0x0800619c       0x30 ./Drivers/STM32F4xx_HAL_Driver/Src/stm32f4xx_hal_uart.o
 .text.UART_Receive_IT
                0x080061cc      0x17c ./Drivers/STM32F4xx_HAL_Driver/Src/stm32f4xx_hal_uart.o
 .text.UART_SetConfig
                0x08006348      0x4e8 ./Drivers/STM32F4xx_HAL_Driver/Src/stm32f4xx_hal_uart.o
 .text.memset   0x08006830       0x10 C:/ST/STM32CubeIDE_1.13.1/STM32CubeIDE/plugins/com.st.stm32cube.ide.mcu.externaltools.gnu-tools-for-stm32.13.3.rel1.win32_1.0.0.202411081344/tools/bin/../lib/gcc/arm-none-eabi/13.3.1/../../../../arm-none-eabi/lib/thumb/v7e-m+fp/hard\libc_nano.a(libc_a-memset.o)
                0x08006830                memset
 .text.__libc_init_array
                0x08006840       0x48 C:/ST/STM32CubeIDE_1.13.1/STM32CubeIDE/plugins/com.st.stm32cube.ide.mcu.externaltools.gnu-tools-for-stm32.13.3.rel1.win32_1.0.0.202411081344/tools/bin/../lib/gcc/arm-none-eabi/13.3.1/../../../../arm-none-eabi/lib/thumb/v7e-m+fp/hard\libc_nano.a(libc_a-init.o)
                0x08006840                __libc_init_array
 .text.memcpy   0x08006888       0x1c C:/ST/STM32CubeIDE_1.13.1/STM32CubeIDE/plugins/com.st.stm32cube.ide.mcu.externaltools.gnu-tools-for-stm32.13.3.rel1.win32_1.0.0.202411081344/tools/bin/../lib/gcc/arm-none-eabi/13.3.1/../../../../arm-none-eabi/lib/thumb/v7e-m+fp/hard\libc_nano.a(libc_a-memcpy-stub.o)
                0x08006888                memcpy
 *(.glue_7)
 .glue_7        0x080068a4        0x0 linker stubs
 *(.glue_7t)
 .glue_7t       0x080068a4        0x0 linker stubs
 *(.eh_frame)
 .eh_frame      0x080068a4        0x0 C:/ST/STM32CubeIDE_1.13.1/STM32CubeIDE/plugins/com.st.stm32cube.ide.mcu.externaltools.gnu-tools-for-stm32.13.3.rel1.win32_1.0.0.202411081344/tools/bin/../lib/gcc/arm-none-eabi/13.3.1/thumb/v7e-m+fp/hard/crtbegin.o
 *(.init)
 .init          0x080068a4        0x4 C:/ST/STM32CubeIDE_1.13.1/STM32CubeIDE/plugins/com.st.stm32cube.ide.mcu.externaltools.gnu-tools-for-stm32.13.3.rel1.win32_1.0.0.202411081344/tools/bin/../lib/gcc/arm-none-eabi/13.3.1/thumb/v7e-m+fp/hard/crti.o
                0x080068a4                _init
 .init          0x080068a8        0x8 C:/ST/STM32CubeIDE_1.13.1/STM32CubeIDE/plugins/com.st.stm32cube.ide.mcu.externaltools.gnu-tools-for-stm32.13.3.rel1.win32_1.0.0.202411081344/tools/bin/../lib/gcc/arm-none-eabi/13.3.1/thumb/v7e-m+fp/hard/crtn.o
 *(.fini)
 .fini          0x080068b0        0x4 C:/ST/STM32CubeIDE_1.13.1/STM32CubeIDE/plugins/com.st.stm32cube.ide.mcu.externaltools.gnu-tools-for-stm32.13.3.rel1.win32_1.0.0.202411081344/tools/bin/../lib/gcc/arm-none-eabi/13.3.1/thumb/v7e-m+fp/hard/crti.o
                0x080068b0                _fini
 .fini          0x080068b4        0x8 C:/ST/STM32CubeIDE_1.13.1/STM32CubeIDE/plugins/com.st.stm32cube.ide.mcu.externaltools.gnu-tools-for-stm32.13.3.rel1.win32_1.0.0.202411081344/tools/bin/../lib/gcc/arm-none-eabi/13.3.1/thumb/v7e-m+fp/hard/crtn.o
                0x080068bc                        . = ALIGN (0x4)
                0x080068bc                        _etext = .

.vfp11_veneer   0x080068bc        0x0
 .vfp11_veneer  0x080068bc        0x0 linker stubs

.v4_bx          0x080068bc        0x0
 .v4_bx         0x080068bc        0x0 linker stubs

.iplt           0x080068bc        0x0
 .iplt          0x080068bc        0x0 C:/ST/STM32CubeIDE_1.13.1/STM32CubeIDE/plugins/com.st.stm32cube.ide.mcu.externaltools.gnu-tools-for-stm32.13.3.rel1.win32_1.0.0.202411081344/tools/bin/../lib/gcc/arm-none-eabi/13.3.1/thumb/v7e-m+fp/hard/crtbegin.o

.rodata         0x080068bc       0x28
                0x080068bc                        . = ALIGN (0x4)
 *(.rodata)
 *(.rodata*)
 .rodata.is_32bit
                0x080068bc        0x4 ./Core/Src/encoder.o
 .rodata.enc_sign
                0x080068c0        0x4 ./Core/Src/encoder.o
 .rodata.AHBPrescTable
                0x080068c4       0x10 ./Core/Src/system_stm32f4xx.o
                0x080068c4                AHBPrescTable
 .rodata.APBPrescTable
                0x080068d4        0x8 ./Core/Src/system_stm32f4xx.o
                0x080068d4                APBPrescTable
 .rodata.flagBitshiftOffset.0
                0x080068dc        0x8 ./Drivers/STM32F4xx_HAL_Driver/Src/stm32f4xx_hal_dma.o
                0x080068e4                        . = ALIGN (0x4)

.ARM.extab      0x080068e4        0x0
                0x080068e4                        . = ALIGN (0x4)
 *(.ARM.extab* .gnu.linkonce.armextab.*)
                0x080068e4                        . = ALIGN (0x4)

.ARM            0x080068e4        0x8
                0x080068e4                        . = ALIGN (0x4)
                0x080068e4                        __exidx_start = .
 *(.ARM.exidx*)
 .ARM.exidx     0x080068e4        0x8 C:/ST/STM32CubeIDE_1.13.1/STM32CubeIDE/plugins/com.st.stm32cube.ide.mcu.externaltools.gnu-tools-for-stm32.13.3.rel1.win32_1.0.0.202411081344/tools/bin/../lib/gcc/arm-none-eabi/13.3.1/thumb/v7e-m+fp/hard\libgcc.a(_udivmoddi4.o)
                0x080068ec                        __exidx_end = .
                0x080068ec                        . = ALIGN (0x4)

.preinit_array  0x080068ec        0x0
                0x080068ec                        . = ALIGN (0x4)
                0x080068ec                        PROVIDE (__preinit_array_start = .)
 *(.preinit_array*)
                0x080068ec                        PROVIDE (__preinit_array_end = .)
                0x080068ec                        . = ALIGN (0x4)

.init_array     0x080068ec        0x4
                0x080068ec                        . = ALIGN (0x4)
                0x080068ec                        PROVIDE (__init_array_start = .)
 *(SORT_BY_NAME(.init_array.*))
 *(.init_array*)
 .init_array    0x080068ec        0x4 C:/ST/STM32CubeIDE_1.13.1/STM32CubeIDE/plugins/com.st.stm32cube.ide.mcu.externaltools.gnu-tools-for-stm32.13.3.rel1.win32_1.0.0.202411081344/tools/bin/../lib/gcc/arm-none-eabi/13.3.1/thumb/v7e-m+fp/hard/crtbegin.o
                0x080068f0                        PROVIDE (__init_array_end = .)
                0x080068f0                        . = ALIGN (0x4)

.fini_array     0x080068f0        0x4
                0x080068f0                        . = ALIGN (0x4)
                [!provide]                        PROVIDE (__fini_array_start = .)
 *(SORT_BY_NAME(.fini_array.*))
 *(.fini_array*)
 .fini_array    0x080068f0        0x4 C:/ST/STM32CubeIDE_1.13.1/STM32CubeIDE/plugins/com.st.stm32cube.ide.mcu.externaltools.gnu-tools-for-stm32.13.3.rel1.win32_1.0.0.202411081344/tools/bin/../lib/gcc/arm-none-eabi/13.3.1/thumb/v7e-m+fp/hard/crtbegin.o
                [!provide]                        PROVIDE (__fini_array_end = .)
                0x080068f4                        . = ALIGN (0x4)
                0x080068f4                        _sidata = LOADADDR (.data)

.rel.dyn        0x080068f4        0x0
 .rel.iplt      0x080068f4        0x0 C:/ST/STM32CubeIDE_1.13.1/STM32CubeIDE/plugins/com.st.stm32cube.ide.mcu.externaltools.gnu-tools-for-stm32.13.3.rel1.win32_1.0.0.202411081344/tools/bin/../lib/gcc/arm-none-eabi/13.3.1/thumb/v7e-m+fp/hard/crtbegin.o

.data           0x20000000       0x1c load address 0x080068f4
                0x20000000                        . = ALIGN (0x4)
                0x20000000                        _sdata = .
 *(.data)
 *(.data*)
 .data.enc_tim  0x20000000       0x10 ./Core/Src/encoder.o
 .data.SystemCoreClock
                0x20000010        0x4 ./Core/Src/system_stm32f4xx.o
                0x20000010                SystemCoreClock
 .data.uwTickPrio
                0x20000014        0x4 ./Drivers/STM32F4xx_HAL_Driver/Src/stm32f4xx_hal.o
                0x20000014                uwTickPrio
 .data.uwTickFreq
                0x20000018        0x1 ./Drivers/STM32F4xx_HAL_Driver/Src/stm32f4xx_hal.o
                0x20000018                uwTickFreq
 *(.RamFunc)
 *(.RamFunc*)
                0x2000001c                        . = ALIGN (0x4)
 *fill*         0x20000019        0x3 
                0x2000001c                        _edata = .

.igot.plt       0x2000001c        0x0 load address 0x08006910
 .igot.plt      0x2000001c        0x0 C:/ST/STM32CubeIDE_1.13.1/STM32CubeIDE/plugins/com.st.stm32cube.ide.mcu.externaltools.gnu-tools-for-stm32.13.3.rel1.win32_1.0.0.202411081344/tools/bin/../lib/gcc/arm-none-eabi/13.3.1/thumb/v7e-m+fp/hard/crtbegin.o
                0x2000001c                        . = ALIGN (0x4)

.bss            0x2000001c      0x564 load address 0x08006910
                0x2000001c                        _sbss = .
                0x2000001c                        __bss_start__ = _sbss
 *(.bss)
 .bss           0x2000001c       0x1c C:/ST/STM32CubeIDE_1.13.1/STM32CubeIDE/plugins/com.st.stm32cube.ide.mcu.externaltools.gnu-tools-for-stm32.13.3.rel1.win32_1.0.0.202411081344/tools/bin/../lib/gcc/arm-none-eabi/13.3.1/thumb/v7e-m+fp/hard/crtbegin.o
 *(.bss*)
 .bss.rx_buf    0x20000038       0x40 ./Core/Src/comm.o
 .bss.tx_buf    0x20000078       0x40 ./Core/Src/comm.o
 .bss.hb_buf    0x200000b8        0x8 ./Core/Src/comm.o
 .bss.s_tx_busy
                0x200000c0        0x1 ./Core/Src/comm.o
 *fill*         0x200000c1        0x3 
 .bss.s_cmd_rx_count
                0x200000c4        0x4 ./Core/Src/comm.o
 .bss.local_buf.0
                0x200000c8       0x40 ./Core/Src/comm.o
 .bss.g_ctrl    0x20000108       0xbc ./Core/Src/control_loop.o
                0x20000108                g_ctrl
 .bss.enc       0x200001c4       0x50 ./Core/Src/encoder.o
 .bss.state     0x20000214       0x18 ./Core/Src/motor_control.o
 .bss.s_current_pwm
                0x2000022c        0x8 ./Core/Src/motor_control.o
 .bss.htim1     0x20000234       0x48 ./Core/Src/tim.o
                0x20000234                htim1
 .bss.htim2     0x2000027c       0x48 ./Core/Src/tim.o
                0x2000027c                htim2
 .bss.htim3     0x200002c4       0x48 ./Core/Src/tim.o
                0x200002c4                htim3
 .bss.htim4     0x2000030c       0x48 ./Core/Src/tim.o
                0x2000030c                htim4
 .bss.htim5     0x20000354       0x48 ./Core/Src/tim.o
                0x20000354                htim5
 .bss.htim9     0x2000039c       0x48 ./Core/Src/tim.o
                0x2000039c                htim9
 .bss.htim10    0x200003e4       0x48 ./Core/Src/tim.o
                0x200003e4                htim10
 .bss.htim11    0x2000042c       0x48 ./Core/Src/tim.o
                0x2000042c                htim11
 .bss.huart2    0x20000474       0x48 ./Core/Src/usart.o
                0x20000474                huart2
 .bss.hdma_usart2_rx
                0x200004bc       0x60 ./Core/Src/usart.o
                0x200004bc                hdma_usart2_rx
 .bss.hdma_usart2_tx
                0x2000051c       0x60 ./Core/Src/usart.o
                0x2000051c                hdma_usart2_tx
 .bss.uwTick    0x2000057c        0x4 ./Drivers/STM32F4xx_HAL_Driver/Src/stm32f4xx_hal.o
                0x2000057c                uwTick
 *(COMMON)
                0x20000580                        . = ALIGN (0x4)
                0x20000580                        _ebss = .
                0x20000580                        __bss_end__ = _ebss

._user_heap_stack
                0x20000580      0x600 load address 0x08006910
                0x20000580                        . = ALIGN (0x8)
                [!provide]                        PROVIDE (end = .)
                0x20000580                        PROVIDE (_end = .)
                0x20000780                        . = (. + _Min_Heap_Size)
 *fill*         0x20000580      0x200 
                0x20000b80                        . = (. + _Min_Stack_Size)
 *fill*         0x20000780      0x400 
                0x20000b80                        . = ALIGN (0x8)

/DISCARD/
 libc.a(*)
 libm.a(*)
 libgcc.a(*)

.ARM.attributes
                0x00000000       0x30
 *(.ARM.attributes)
 .ARM.attributes
                0x00000000       0x22 C:/ST/STM32CubeIDE_1.13.1/STM32CubeIDE/plugins/com.st.stm32cube.ide.mcu.externaltools.gnu-tools-for-stm32.13.3.rel1.win32_1.0.0.202411081344/tools/bin/../lib/gcc/arm-none-eabi/13.3.1/thumb/v7e-m+fp/hard/crti.o
 .ARM.attributes
                0x00000022       0x34 C:/ST/STM32CubeIDE_1.13.1/STM32CubeIDE/plugins/com.st.stm32cube.ide.mcu.externaltools.gnu-tools-for-stm32.13.3.rel1.win32_1.0.0.202411081344/tools/bin/../lib/gcc/arm-none-eabi/13.3.1/thumb/v7e-m+fp/hard/crtbegin.o
 .ARM.attributes
                0x00000056       0x34 ./Core/Src/comm.o
 .ARM.attributes
                0x0000008a       0x34 ./Core/Src/control_loop.o
 .ARM.attributes
                0x000000be       0x34 ./Core/Src/dma.o
 .ARM.attributes
                0x000000f2       0x34 ./Core/Src/encoder.o
 .ARM.attributes
                0x00000126       0x34 ./Core/Src/gpio.o
 .ARM.attributes
                0x0000015a       0x34 ./Core/Src/main.o
 .ARM.attributes
                0x0000018e       0x34 ./Core/Src/motor_control.o
 .ARM.attributes
                0x000001c2       0x34 ./Core/Src/pid.o
 .ARM.attributes
                0x000001f6       0x34 ./Core/Src/stm32f4xx_hal_msp.o
 .ARM.attributes
                0x0000022a       0x34 ./Core/Src/stm32f4xx_it.o
 .ARM.attributes
                0x0000025e       0x34 ./Core/Src/system_stm32f4xx.o
 .ARM.attributes
                0x00000292       0x34 ./Core/Src/tim.o
 .ARM.attributes
                0x000002c6       0x34 ./Core/Src/usart.o
 .ARM.attributes
                0x000002fa       0x21 ./Core/Startup/startup_stm32f411ceux.o
 .ARM.attributes
                0x0000031b       0x34 ./Drivers/STM32F4xx_HAL_Driver/Src/stm32f4xx_hal.o
 .ARM.attributes
                0x0000034f       0x34 ./Drivers/STM32F4xx_HAL_Driver/Src/stm32f4xx_hal_cortex.o
 .ARM.attributes
                0x00000383       0x34 ./Drivers/STM32F4xx_HAL_Driver/Src/stm32f4xx_hal_dma.o
 .ARM.attributes
                0x000003b7       0x34 ./Drivers/STM32F4xx_HAL_Driver/Src/stm32f4xx_hal_gpio.o
 .ARM.attributes
                0x000003eb       0x34 ./Drivers/STM32F4xx_HAL_Driver/Src/stm32f4xx_hal_rcc.o
 .ARM.attributes
                0x0000041f       0x34 ./Drivers/STM32F4xx_HAL_Driver/Src/stm32f4xx_hal_tim.o
 .ARM.attributes
                0x00000453       0x34 ./Drivers/STM32F4xx_HAL_Driver/Src/stm32f4xx_hal_tim_ex.o
 .ARM.attributes
                0x00000487       0x34 ./Drivers/STM32F4xx_HAL_Driver/Src/stm32f4xx_hal_uart.o
 .ARM.attributes
                0x000004bb       0x34 C:/ST/STM32CubeIDE_1.13.1/STM32CubeIDE/plugins/com.st.stm32cube.ide.mcu.externaltools.gnu-tools-for-stm32.13.3.rel1.win32_1.0.0.202411081344/tools/bin/../lib/gcc/arm-none-eabi/13.3.1/../../../../arm-none-eabi/lib/thumb/v7e-m+fp/hard\libc_nano.a(libc_a-memset.o)
 .ARM.attributes
                0x000004ef       0x34 C:/ST/STM32CubeIDE_1.13.1/STM32CubeIDE/plugins/com.st.stm32cube.ide.mcu.externaltools.gnu-tools-for-stm32.13.3.rel1.win32_1.0.0.202411081344/tools/bin/../lib/gcc/arm-none-eabi/13.3.1/../../../../arm-none-eabi/lib/thumb/v7e-m+fp/hard\libc_nano.a(libc_a-init.o)
 .ARM.attributes
                0x00000523       0x34 C:/ST/STM32CubeIDE_1.13.1/STM32CubeIDE/plugins/com.st.stm32cube.ide.mcu.externaltools.gnu-tools-for-stm32.13.3.rel1.win32_1.0.0.202411081344/tools/bin/../lib/gcc/arm-none-eabi/13.3.1/../../../../arm-none-eabi/lib/thumb/v7e-m+fp/hard\libc_nano.a(libc_a-memcpy-stub.o)
 .ARM.attributes
                0x00000557       0x22 C:/ST/STM32CubeIDE_1.13.1/STM32CubeIDE/plugins/com.st.stm32cube.ide.mcu.externaltools.gnu-tools-for-stm32.13.3.rel1.win32_1.0.0.202411081344/tools/bin/../lib/gcc/arm-none-eabi/13.3.1/thumb/v7e-m+fp/hard\libgcc.a(_aeabi_uldivmod.o)
 .ARM.attributes
                0x00000579       0x34 C:/ST/STM32CubeIDE_1.13.1/STM32CubeIDE/plugins/com.st.stm32cube.ide.mcu.externaltools.gnu-tools-for-stm32.13.3.rel1.win32_1.0.0.202411081344/tools/bin/../lib/gcc/arm-none-eabi/13.3.1/thumb/v7e-m+fp/hard\libgcc.a(_udivmoddi4.o)
 .ARM.attributes
                0x000005ad       0x22 C:/ST/STM32CubeIDE_1.13.1/STM32CubeIDE/plugins/com.st.stm32cube.ide.mcu.externaltools.gnu-tools-for-stm32.13.3.rel1.win32_1.0.0.202411081344/tools/bin/../lib/gcc/arm-none-eabi/13.3.1/thumb/v7e-m+fp/hard\libgcc.a(_dvmd_tls.o)
 .ARM.attributes
                0x000005cf       0x22 C:/ST/STM32CubeIDE_1.13.1/STM32CubeIDE/plugins/com.st.stm32cube.ide.mcu.externaltools.gnu-tools-for-stm32.13.3.rel1.win32_1.0.0.202411081344/tools/bin/../lib/gcc/arm-none-eabi/13.3.1/thumb/v7e-m+fp/hard/crtn.o
OUTPUT(chaser_base2.elf elf32-littlearm)
LOAD linker stubs
LOAD C:/ST/STM32CubeIDE_1.13.1/STM32CubeIDE/plugins/com.st.stm32cube.ide.mcu.externaltools.gnu-tools-for-stm32.13.3.rel1.win32_1.0.0.202411081344/tools/bin/../lib/gcc/arm-none-eabi/13.3.1/../../../../arm-none-eabi/lib/thumb/v7e-m+fp/hard\libc.a
LOAD C:/ST/STM32CubeIDE_1.13.1/STM32CubeIDE/plugins/com.st.stm32cube.ide.mcu.externaltools.gnu-tools-for-stm32.13.3.rel1.win32_1.0.0.202411081344/tools/bin/../lib/gcc/arm-none-eabi/13.3.1/../../../../arm-none-eabi/lib/thumb/v7e-m+fp/hard\libm.a
LOAD C:/ST/STM32CubeIDE_1.13.1/STM32CubeIDE/plugins/com.st.stm32cube.ide.mcu.externaltools.gnu-tools-for-stm32.13.3.rel1.win32_1.0.0.202411081344/tools/bin/../lib/gcc/arm-none-eabi/13.3.1/thumb/v7e-m+fp/hard\libgcc.a

.debug_info     0x00000000    0x10aa9
 .debug_info    0x00000000      0xcc4 ./Core/Src/comm.o
 .debug_info    0x00000cc4      0x67d ./Core/Src/control_loop.o
 .debug_info    0x00001341      0x445 ./Core/Src/dma.o
 .debug_info    0x00001786      0x90b ./Core/Src/encoder.o
 .debug_info    0x00002091      0x433 ./Core/Src/gpio.o
 .debug_info    0x000024c4      0xd84 ./Core/Src/main.o
 .debug_info    0x00003248      0x918 ./Core/Src/motor_control.o
 .debug_info    0x00003b60      0x2a3 ./Core/Src/pid.o
 .debug_info    0x00003e03      0x291 ./Core/Src/stm32f4xx_hal_msp.o
 .debug_info    0x00004094      0xa5b ./Core/Src/stm32f4xx_it.o
 .debug_info    0x00004aef      0x53e ./Core/Src/system_stm32f4xx.o
 .debug_info    0x0000502d     0x1262 ./Core/Src/tim.o
 .debug_info    0x0000628f      0xb87 ./Core/Src/usart.o
 .debug_info    0x00006e16       0x30 ./Core/Startup/startup_stm32f411ceux.o
 .debug_info    0x00006e46      0x8c4 ./Drivers/STM32F4xx_HAL_Driver/Src/stm32f4xx_hal.o
 .debug_info    0x0000770a      0xcfc ./Drivers/STM32F4xx_HAL_Driver/Src/stm32f4xx_hal_cortex.o
 .debug_info    0x00008406      0x8e6 ./Drivers/STM32F4xx_HAL_Driver/Src/stm32f4xx_hal_dma.o
 .debug_info    0x00008cec      0x6f9 ./Drivers/STM32F4xx_HAL_Driver/Src/stm32f4xx_hal_gpio.o
 .debug_info    0x000093e5      0x904 ./Drivers/STM32F4xx_HAL_Driver/Src/stm32f4xx_hal_rcc.o
 .debug_info    0x00009ce9     0x2996 ./Drivers/STM32F4xx_HAL_Driver/Src/stm32f4xx_hal_tim.o
 .debug_info    0x0000c67f     0x14d4 ./Drivers/STM32F4xx_HAL_Driver/Src/stm32f4xx_hal_tim_ex.o
 .debug_info    0x0000db53     0x2f56 ./Drivers/STM32F4xx_HAL_Driver/Src/stm32f4xx_hal_uart.o

.debug_abbrev   0x00000000     0x2c0a
 .debug_abbrev  0x00000000      0x2b2 ./Core/Src/comm.o
 .debug_abbrev  0x000002b2      0x254 ./Core/Src/control_loop.o
 .debug_abbrev  0x00000506      0x10e ./Core/Src/dma.o
 .debug_abbrev  0x00000614      0x215 ./Core/Src/encoder.o
 .debug_abbrev  0x00000829      0x151 ./Core/Src/gpio.o
 .debug_abbrev  0x0000097a      0x23a ./Core/Src/main.o
 .debug_abbrev  0x00000bb4      0x238 ./Core/Src/motor_control.o
 .debug_abbrev  0x00000dec      0x11b ./Core/Src/pid.o
 .debug_abbrev  0x00000f07       0xd8 ./Core/Src/stm32f4xx_hal_msp.o
 .debug_abbrev  0x00000fdf      0x1e4 ./Core/Src/stm32f4xx_it.o
 .debug_abbrev  0x000011c3      0x11a ./Core/Src/system_stm32f4xx.o
 .debug_abbrev  0x000012dd      0x2a1 ./Core/Src/tim.o
 .debug_abbrev  0x0000157e      0x21a ./Core/Src/usart.o
 .debug_abbrev  0x00001798       0x24 ./Core/Startup/startup_stm32f411ceux.o
 .debug_abbrev  0x000017bc      0x24b ./Drivers/STM32F4xx_HAL_Driver/Src/stm32f4xx_hal.o
 .debug_abbrev  0x00001a07      0x31d ./Drivers/STM32F4xx_HAL_Driver/Src/stm32f4xx_hal_cortex.o
 .debug_abbrev  0x00001d24      0x221 ./Drivers/STM32F4xx_HAL_Driver/Src/stm32f4xx_hal_dma.o
 .debug_abbrev  0x00001f45      0x1d3 ./Drivers/STM32F4xx_HAL_Driver/Src/stm32f4xx_hal_gpio.o
 .debug_abbrev  0x00002118      0x2b6 ./Drivers/STM32F4xx_HAL_Driver/Src/stm32f4xx_hal_rcc.o
 .debug_abbrev  0x000023ce      0x28b ./Drivers/STM32F4xx_HAL_Driver/Src/stm32f4xx_hal_tim.o
 .debug_abbrev  0x00002659      0x296 ./Drivers/STM32F4xx_HAL_Driver/Src/stm32f4xx_hal_tim_ex.o
 .debug_abbrev  0x000028ef      0x31b ./Drivers/STM32F4xx_HAL_Driver/Src/stm32f4xx_hal_uart.o

.debug_aranges  0x00000000      0xe88
 .debug_aranges
                0x00000000       0x60 ./Core/Src/comm.o
 .debug_aranges
                0x00000060       0x58 ./Core/Src/control_loop.o
 .debug_aranges
                0x000000b8       0x20 ./Core/Src/dma.o
 .debug_aranges
                0x000000d8       0x48 ./Core/Src/encoder.o
 .debug_aranges
                0x00000120       0x20 ./Core/Src/gpio.o
 .debug_aranges
                0x00000140       0x30 ./Core/Src/main.o
 .debug_aranges
                0x00000170       0x60 ./Core/Src/motor_control.o
 .debug_aranges
                0x000001d0       0x38 ./Core/Src/pid.o
 .debug_aranges
                0x00000208       0x20 ./Core/Src/stm32f4xx_hal_msp.o
 .debug_aranges
                0x00000228       0x98 ./Core/Src/stm32f4xx_it.o
 .debug_aranges
                0x000002c0       0x28 ./Core/Src/system_stm32f4xx.o
 .debug_aranges
                0x000002e8       0x78 ./Core/Src/tim.o
 .debug_aranges
                0x00000360       0x30 ./Core/Src/usart.o
 .debug_aranges
                0x00000390       0x28 ./Core/Startup/startup_stm32f411ceux.o
 .debug_aranges
                0x000003b8       0xf0 ./Drivers/STM32F4xx_HAL_Driver/Src/stm32f4xx_hal.o
 .debug_aranges
                0x000004a8      0x130 ./Drivers/STM32F4xx_HAL_Driver/Src/stm32f4xx_hal_cortex.o
 .debug_aranges
                0x000005d8       0x90 ./Drivers/STM32F4xx_HAL_Driver/Src/stm32f4xx_hal_dma.o
 .debug_aranges
                0x00000668       0x58 ./Drivers/STM32F4xx_HAL_Driver/Src/stm32f4xx_hal_gpio.o
 .debug_aranges
                0x000006c0       0x88 ./Drivers/STM32F4xx_HAL_Driver/Src/stm32f4xx_hal_rcc.o
 .debug_aranges
                0x00000748      0x3d0 ./Drivers/STM32F4xx_HAL_Driver/Src/stm32f4xx_hal_tim.o
 .debug_aranges
                0x00000b18      0x168 ./Drivers/STM32F4xx_HAL_Driver/Src/stm32f4xx_hal_tim_ex.o
 .debug_aranges
                0x00000c80      0x208 ./Drivers/STM32F4xx_HAL_Driver/Src/stm32f4xx_hal_uart.o

.debug_rnglists
                0x00000000      0xb69
 .debug_rnglists
                0x00000000       0x6e ./Core/Src/comm.o
 .debug_rnglists
                0x0000006e       0x42 ./Core/Src/control_loop.o
 .debug_rnglists
                0x000000b0       0x13 ./Core/Src/dma.o
 .debug_rnglists
                0x000000c3       0x34 ./Core/Src/encoder.o
 .debug_rnglists
                0x000000f7       0x14 ./Core/Src/gpio.o
 .debug_rnglists
                0x0000010b       0x21 ./Core/Src/main.o
 .debug_rnglists
                0x0000012c       0x46 ./Core/Src/motor_control.o
 .debug_rnglists
                0x00000172       0x26 ./Core/Src/pid.o
 .debug_rnglists
                0x00000198       0x13 ./Core/Src/stm32f4xx_hal_msp.o
 .debug_rnglists
                0x000001ab       0x6d ./Core/Src/stm32f4xx_it.o
 .debug_rnglists
                0x00000218       0x1a ./Core/Src/system_stm32f4xx.o
 .debug_rnglists
                0x00000232       0x5f ./Core/Src/tim.o
 .debug_rnglists
                0x00000291       0x20 ./Core/Src/usart.o
 .debug_rnglists
                0x000002b1       0x19 ./Core/Startup/startup_stm32f411ceux.o
 .debug_rnglists
                0x000002ca       0xaf ./Drivers/STM32F4xx_HAL_Driver/Src/stm32f4xx_hal.o
 .debug_rnglists
                0x00000379       0xe0 ./Drivers/STM32F4xx_HAL_Driver/Src/stm32f4xx_hal_cortex.o
 .debug_rnglists
                0x00000459       0x70 ./Drivers/STM32F4xx_HAL_Driver/Src/stm32f4xx_hal_dma.o
 .debug_rnglists
                0x000004c9       0x3f ./Drivers/STM32F4xx_HAL_Driver/Src/stm32f4xx_hal_gpio.o
 .debug_rnglists
                0x00000508       0x66 ./Drivers/STM32F4xx_HAL_Driver/Src/stm32f4xx_hal_rcc.o
 .debug_rnglists
                0x0000056e      0x31a ./Drivers/STM32F4xx_HAL_Driver/Src/stm32f4xx_hal_tim.o
 .debug_rnglists
                0x00000888      0x125 ./Drivers/STM32F4xx_HAL_Driver/Src/stm32f4xx_hal_tim_ex.o
 .debug_rnglists
                0x000009ad      0x1bc ./Drivers/STM32F4xx_HAL_Driver/Src/stm32f4xx_hal_uart.o

.debug_macro    0x00000000    0x17623
 .debug_macro   0x00000000      0x2f8 ./Core/Src/comm.o
 .debug_macro   0x000002f8      0xad8 ./Core/Src/comm.o
 .debug_macro   0x00000dd0      0x29b ./Core/Src/comm.o
 .debug_macro   0x0000106b       0x2e ./Core/Src/comm.o
 .debug_macro   0x00001099       0x28 ./Core/Src/comm.o
 .debug_macro   0x000010c1       0x22 ./Core/Src/comm.o
 .debug_macro   0x000010e3       0x8e ./Core/Src/comm.o
 .debug_macro   0x00001171       0x51 ./Core/Src/comm.o
 .debug_macro   0x000011c2      0x103 ./Core/Src/comm.o
 .debug_macro   0x000012c5       0x6a ./Core/Src/comm.o
 .debug_macro   0x0000132f      0x1df ./Core/Src/comm.o
 .debug_macro   0x0000150e       0x1c ./Core/Src/comm.o
 .debug_macro   0x0000152a       0x22 ./Core/Src/comm.o
 .debug_macro   0x0000154c       0xfb ./Core/Src/comm.o
 .debug_macro   0x00001647     0x1011 ./Core/Src/comm.o
 .debug_macro   0x00002658      0x11f ./Core/Src/comm.o
 .debug_macro   0x00002777     0xb968 ./Core/Src/comm.o
 .debug_macro   0x0000e0df       0x6d ./Core/Src/comm.o
 .debug_macro   0x0000e14c     0x3693 ./Core/Src/comm.o
 .debug_macro   0x000117df      0x190 ./Core/Src/comm.o
 .debug_macro   0x0001196f       0x5c ./Core/Src/comm.o
 .debug_macro   0x000119cb      0x45c ./Core/Src/comm.o
 .debug_macro   0x00011e27      0x9e9 ./Core/Src/comm.o
 .debug_macro   0x00012810      0x115 ./Core/Src/comm.o
 .debug_macro   0x00012925      0x11b ./Core/Src/comm.o
 .debug_macro   0x00012a40       0xa5 ./Core/Src/comm.o
 .debug_macro   0x00012ae5      0x15f ./Core/Src/comm.o
 .debug_macro   0x00012c44      0x287 ./Core/Src/comm.o
 .debug_macro   0x00012ecb       0x5f ./Core/Src/comm.o
 .debug_macro   0x00012f2a      0x236 ./Core/Src/comm.o
 .debug_macro   0x00013160      0x132 ./Core/Src/comm.o
 .debug_macro   0x00013292      0x264 ./Core/Src/comm.o
 .debug_macro   0x000134f6       0x2e ./Core/Src/comm.o
 .debug_macro   0x00013524      0x127 ./Core/Src/comm.o
 .debug_macro   0x0001364b       0x85 ./Core/Src/comm.o
 .debug_macro   0x000136d0       0x89 ./Core/Src/comm.o
 .debug_macro   0x00013759      0x8ed ./Core/Src/comm.o
 .debug_macro   0x00014046       0x47 ./Core/Src/comm.o
 .debug_macro   0x0001408d      0x2aa ./Core/Src/comm.o
 .debug_macro   0x00014337      0x126 ./Core/Src/comm.o
 .debug_macro   0x0001445d       0x28 ./Core/Src/comm.o
 .debug_macro   0x00014485       0x16 ./Core/Src/comm.o
 .debug_macro   0x0001449b       0x5e ./Core/Src/comm.o
 .debug_macro   0x000144f9       0x1c ./Core/Src/comm.o
 .debug_macro   0x00014515       0x22 ./Core/Src/comm.o
 .debug_macro   0x00014537       0x16 ./Core/Src/comm.o
 .debug_macro   0x0001454d       0x61 ./Core/Src/comm.o
 .debug_macro   0x000145ae       0x2a ./Core/Src/comm.o
 .debug_macro   0x000145d8       0x43 ./Core/Src/comm.o
 .debug_macro   0x0001461b       0x34 ./Core/Src/comm.o
 .debug_macro   0x0001464f      0x370 ./Core/Src/comm.o
 .debug_macro   0x000149bf       0x16 ./Core/Src/comm.o
 .debug_macro   0x000149d5       0x4a ./Core/Src/comm.o
 .debug_macro   0x00014a1f       0x34 ./Core/Src/comm.o
 .debug_macro   0x00014a53       0x10 ./Core/Src/comm.o
 .debug_macro   0x00014a63       0x58 ./Core/Src/comm.o
 .debug_macro   0x00014abb       0x8e ./Core/Src/comm.o
 .debug_macro   0x00014b49       0x1c ./Core/Src/comm.o
 .debug_macro   0x00014b65      0x185 ./Core/Src/comm.o
 .debug_macro   0x00014cea       0x10 ./Core/Src/comm.o
 .debug_macro   0x00014cfa       0x3c ./Core/Src/comm.o
 .debug_macro   0x00014d36       0x20 ./Core/Src/comm.o
 .debug_macro   0x00014d56      0x2b9 ./Core/Src/control_loop.o
 .debug_macro   0x0001500f       0x16 ./Core/Src/control_loop.o
 .debug_macro   0x00015025      0x19b ./Core/Src/control_loop.o
 .debug_macro   0x000151c0      0x1e7 ./Core/Src/dma.o
 .debug_macro   0x000153a7       0x10 ./Core/Src/dma.o
 .debug_macro   0x000153b7      0x1f0 ./Core/Src/encoder.o
 .debug_macro   0x000155a7      0x1e7 ./Core/Src/gpio.o
 .debug_macro   0x0001578e      0x24c ./Core/Src/main.o
 .debug_macro   0x000159da       0x2e ./Core/Src/main.o
 .debug_macro   0x00015a08      0x2d5 ./Core/Src/motor_control.o
 .debug_macro   0x00015cdd       0x16 ./Core/Src/motor_control.o
 .debug_macro   0x00015cf3       0x16 ./Core/Src/motor_control.o
 .debug_macro   0x00015d09       0x29 ./Core/Src/motor_control.o
 .debug_macro   0x00015d32       0x76 ./Core/Src/pid.o
 .debug_macro   0x00015da8      0x1dd ./Core/Src/stm32f4xx_hal_msp.o
 .debug_macro   0x00015f85      0x200 ./Core/Src/stm32f4xx_it.o
 .debug_macro   0x00016185      0x1ce ./Core/Src/system_stm32f4xx.o
 .debug_macro   0x00016353      0x1e7 ./Core/Src/tim.o
 .debug_macro   0x0001653a      0x1e7 ./Core/Src/usart.o
 .debug_macro   0x00016721      0x22e ./Drivers/STM32F4xx_HAL_Driver/Src/stm32f4xx_hal.o
 .debug_macro   0x0001694f      0x1ce ./Drivers/STM32F4xx_HAL_Driver/Src/stm32f4xx_hal_cortex.o
 .debug_macro   0x00016b1d      0x1d4 ./Drivers/STM32F4xx_HAL_Driver/Src/stm32f4xx_hal_dma.o
 .debug_macro   0x00016cf1      0x1d4 ./Drivers/STM32F4xx_HAL_Driver/Src/stm32f4xx_hal_gpio.o
 .debug_macro   0x00016ec5      0x1f2 ./Drivers/STM32F4xx_HAL_Driver/Src/stm32f4xx_hal_rcc.o
 .debug_macro   0x000170b7      0x1cf ./Drivers/STM32F4xx_HAL_Driver/Src/stm32f4xx_hal_tim.o
 .debug_macro   0x00017286      0x1ce ./Drivers/STM32F4xx_HAL_Driver/Src/stm32f4xx_hal_tim_ex.o
 .debug_macro   0x00017454      0x1cf ./Drivers/STM32F4xx_HAL_Driver/Src/stm32f4xx_hal_uart.o

.debug_line     0x00000000    0x12911
 .debug_line    0x00000000      0xbc3 ./Core/Src/comm.o
 .debug_line    0x00000bc3      0xc1a ./Core/Src/control_loop.o
 .debug_line    0x000017dd      0x744 ./Core/Src/dma.o
 .debug_line    0x00001f21      0x8d5 ./Core/Src/encoder.o
 .debug_line    0x000027f6      0x754 ./Core/Src/gpio.o
 .debug_line    0x00002f4a      0x84d ./Core/Src/main.o
 .debug_line    0x00003797      0xbdc ./Core/Src/motor_control.o
 .debug_line    0x00004373      0x56d ./Core/Src/pid.o
 .debug_line    0x000048e0      0x746 ./Core/Src/stm32f4xx_hal_msp.o
 .debug_line    0x00005026      0x8d9 ./Core/Src/stm32f4xx_it.o
 .debug_line    0x000058ff      0x7bc ./Core/Src/system_stm32f4xx.o
 .debug_line    0x000060bb      0xb1c ./Core/Src/tim.o
 .debug_line    0x00006bd7      0x819 ./Core/Src/usart.o
 .debug_line    0x000073f0       0x7a ./Core/Startup/startup_stm32f411ceux.o
 .debug_line    0x0000746a      0xa38 ./Drivers/STM32F4xx_HAL_Driver/Src/stm32f4xx_hal.o
 .debug_line    0x00007ea2      0xd08 ./Drivers/STM32F4xx_HAL_Driver/Src/stm32f4xx_hal_cortex.o
 .debug_line    0x00008baa      0xfa4 ./Drivers/STM32F4xx_HAL_Driver/Src/stm32f4xx_hal_dma.o
 .debug_line    0x00009b4e      0xb54 ./Drivers/STM32F4xx_HAL_Driver/Src/stm32f4xx_hal_gpio.o
 .debug_line    0x0000a6a2      0xe45 ./Drivers/STM32F4xx_HAL_Driver/Src/stm32f4xx_hal_rcc.o
 .debug_line    0x0000b4e7     0x3577 ./Drivers/STM32F4xx_HAL_Driver/Src/stm32f4xx_hal_tim.o
 .debug_line    0x0000ea5e     0x1933 ./Drivers/STM32F4xx_HAL_Driver/Src/stm32f4xx_hal_tim_ex.o
 .debug_line    0x00010391     0x2580 ./Drivers/STM32F4xx_HAL_Driver/Src/stm32f4xx_hal_uart.o

.debug_str      0x00000000    0x8ed87
 .debug_str     0x00000000    0x8ed87 ./Core/Src/comm.o
                              0x8ad30 (size before relaxing)
 .debug_str     0x0008ed87    0x8ade9 ./Core/Src/control_loop.o
 .debug_str     0x0008ed87    0x8752f ./Core/Src/dma.o
 .debug_str     0x0008ed87    0x8772d ./Core/Src/encoder.o
 .debug_str     0x0008ed87    0x87235 ./Core/Src/gpio.o
 .debug_str     0x0008ed87    0x87d36 ./Core/Src/main.o
 .debug_str     0x0008ed87    0x8aa4d ./Core/Src/motor_control.o
 .debug_str     0x0008ed87     0x3f0a ./Core/Src/pid.o
 .debug_str     0x0008ed87    0x8716a ./Core/Src/stm32f4xx_hal_msp.o
 .debug_str     0x0008ed87    0x87ac4 ./Core/Src/stm32f4xx_it.o
 .debug_str     0x0008ed87    0x871e4 ./Core/Src/system_stm32f4xx.o
 .debug_str     0x0008ed87    0x87eb8 ./Core/Src/tim.o
 .debug_str     0x0008ed87    0x87b08 ./Core/Src/usart.o
 .debug_str     0x0008ed87       0x84 ./Core/Startup/startup_stm32f411ceux.o
 .debug_str     0x0008ed87    0x87c10 ./Drivers/STM32F4xx_HAL_Driver/Src/stm32f4xx_hal.o
 .debug_str     0x0008ed87    0x8797a ./Drivers/STM32F4xx_HAL_Driver/Src/stm32f4xx_hal_cortex.o
 .debug_str     0x0008ed87    0x875ec ./Drivers/STM32F4xx_HAL_Driver/Src/stm32f4xx_hal_dma.o
 .debug_str     0x0008ed87    0x8735f ./Drivers/STM32F4xx_HAL_Driver/Src/stm32f4xx_hal_gpio.o
 .debug_str     0x0008ed87    0x87618 ./Drivers/STM32F4xx_HAL_Driver/Src/stm32f4xx_hal_rcc.o
 .debug_str     0x0008ed87    0x8855c ./Drivers/STM32F4xx_HAL_Driver/Src/stm32f4xx_hal_tim.o
 .debug_str     0x0008ed87    0x87d68 ./Drivers/STM32F4xx_HAL_Driver/Src/stm32f4xx_hal_tim_ex.o
 .debug_str     0x0008ed87    0x87be7 ./Drivers/STM32F4xx_HAL_Driver/Src/stm32f4xx_hal_uart.o

.comment        0x00000000       0x43
 .comment       0x00000000       0x43 ./Core/Src/comm.o
                                 0x44 (size before relaxing)
 .comment       0x00000043       0x44 ./Core/Src/control_loop.o
 .comment       0x00000043       0x44 ./Core/Src/dma.o
 .comment       0x00000043       0x44 ./Core/Src/encoder.o
 .comment       0x00000043       0x44 ./Core/Src/gpio.o
 .comment       0x00000043       0x44 ./Core/Src/main.o
 .comment       0x00000043       0x44 ./Core/Src/motor_control.o
 .comment       0x00000043       0x44 ./Core/Src/pid.o
 .comment       0x00000043       0x44 ./Core/Src/stm32f4xx_hal_msp.o
 .comment       0x00000043       0x44 ./Core/Src/stm32f4xx_it.o
 .comment       0x00000043       0x44 ./Core/Src/system_stm32f4xx.o
 .comment       0x00000043       0x44 ./Core/Src/tim.o
 .comment       0x00000043       0x44 ./Core/Src/usart.o
 .comment       0x00000043       0x44 ./Drivers/STM32F4xx_HAL_Driver/Src/stm32f4xx_hal.o
 .comment       0x00000043       0x44 ./Drivers/STM32F4xx_HAL_Driver/Src/stm32f4xx_hal_cortex.o
 .comment       0x00000043       0x44 ./Drivers/STM32F4xx_HAL_Driver/Src/stm32f4xx_hal_dma.o
 .comment       0x00000043       0x44 ./Drivers/STM32F4xx_HAL_Driver/Src/stm32f4xx_hal_gpio.o
 .comment       0x00000043       0x44 ./Drivers/STM32F4xx_HAL_Driver/Src/stm32f4xx_hal_rcc.o
 .comment       0x00000043       0x44 ./Drivers/STM32F4xx_HAL_Driver/Src/stm32f4xx_hal_tim.o
 .comment       0x00000043       0x44 ./Drivers/STM32F4xx_HAL_Driver/Src/stm32f4xx_hal_tim_ex.o
 .comment       0x00000043       0x44 ./Drivers/STM32F4xx_HAL_Driver/Src/stm32f4xx_hal_uart.o

.debug_frame    0x00000000     0x3afc
 .debug_frame   0x00000000      0x158 ./Core/Src/comm.o
 .debug_frame   0x00000158      0x130 ./Core/Src/control_loop.o
 .debug_frame   0x00000288       0x34 ./Core/Src/dma.o
 .debug_frame   0x000002bc       0xf8 ./Core/Src/encoder.o
 .debug_frame   0x000003b4       0x34 ./Core/Src/gpio.o
 .debug_frame   0x000003e8       0x68 ./Core/Src/main.o
 .debug_frame   0x00000450      0x148 ./Core/Src/motor_control.o
 .debug_frame   0x00000598       0xa8 ./Core/Src/pid.o
 .debug_frame   0x00000640       0x38 ./Core/Src/stm32f4xx_hal_msp.o
 .debug_frame   0x00000678      0x1d8 ./Core/Src/stm32f4xx_it.o
 .debug_frame   0x00000850       0x58 ./Core/Src/system_stm32f4xx.o
 .debug_frame   0x000008a8      0x1bc ./Core/Src/tim.o
 .debug_frame   0x00000a64       0x74 ./Core/Src/usart.o
 .debug_frame   0x00000ad8      0x374 ./Drivers/STM32F4xx_HAL_Driver/Src/stm32f4xx_hal.o
 .debug_frame   0x00000e4c      0x508 ./Drivers/STM32F4xx_HAL_Driver/Src/stm32f4xx_hal_cortex.o
 .debug_frame   0x00001354      0x250 ./Drivers/STM32F4xx_HAL_Driver/Src/stm32f4xx_hal_dma.o
 .debug_frame   0x000015a4      0x14c ./Drivers/STM32F4xx_HAL_Driver/Src/stm32f4xx_hal_gpio.o
 .debug_frame   0x000016f0      0x1f4 ./Drivers/STM32F4xx_HAL_Driver/Src/stm32f4xx_hal_rcc.o
 .debug_frame   0x000018e4     0x11b8 ./Drivers/STM32F4xx_HAL_Driver/Src/stm32f4xx_hal_tim.o
 .debug_frame   0x00002a9c      0x638 ./Drivers/STM32F4xx_HAL_Driver/Src/stm32f4xx_hal_tim_ex.o
 .debug_frame   0x000030d4      0x954 ./Drivers/STM32F4xx_HAL_Driver/Src/stm32f4xx_hal_uart.o
 .debug_frame   0x00003a28       0x20 C:/ST/STM32CubeIDE_1.13.1/STM32CubeIDE/plugins/com.st.stm32cube.ide.mcu.externaltools.gnu-tools-for-stm32.13.3.rel1.win32_1.0.0.202411081344/tools/bin/../lib/gcc/arm-none-eabi/13.3.1/../../../../arm-none-eabi/lib/thumb/v7e-m+fp/hard\libc_nano.a(libc_a-memset.o)
 .debug_frame   0x00003a48       0x2c C:/ST/STM32CubeIDE_1.13.1/STM32CubeIDE/plugins/com.st.stm32cube.ide.mcu.externaltools.gnu-tools-for-stm32.13.3.rel1.win32_1.0.0.202411081344/tools/bin/../lib/gcc/arm-none-eabi/13.3.1/../../../../arm-none-eabi/lib/thumb/v7e-m+fp/hard\libc_nano.a(libc_a-init.o)
 .debug_frame   0x00003a74       0x28 C:/ST/STM32CubeIDE_1.13.1/STM32CubeIDE/plugins/com.st.stm32cube.ide.mcu.externaltools.gnu-tools-for-stm32.13.3.rel1.win32_1.0.0.202411081344/tools/bin/../lib/gcc/arm-none-eabi/13.3.1/../../../../arm-none-eabi/lib/thumb/v7e-m+fp/hard\libc_nano.a(libc_a-memcpy-stub.o)
 .debug_frame   0x00003a9c       0x2c C:/ST/STM32CubeIDE_1.13.1/STM32CubeIDE/plugins/com.st.stm32cube.ide.mcu.externaltools.gnu-tools-for-stm32.13.3.rel1.win32_1.0.0.202411081344/tools/bin/../lib/gcc/arm-none-eabi/13.3.1/thumb/v7e-m+fp/hard\libgcc.a(_aeabi_uldivmod.o)
 .debug_frame   0x00003ac8       0x34 C:/ST/STM32CubeIDE_1.13.1/STM32CubeIDE/plugins/com.st.stm32cube.ide.mcu.externaltools.gnu-tools-for-stm32.13.3.rel1.win32_1.0.0.202411081344/tools/bin/../lib/gcc/arm-none-eabi/13.3.1/thumb/v7e-m+fp/hard\libgcc.a(_udivmoddi4.o)

.debug_line_str
                0x00000000       0x68
 .debug_line_str
                0x00000000       0x68 ./Core/Startup/startup_stm32f411ceux.o
